Archive member included to satisfy reference by file (symbol)

C:/ST/STM32CubeIDE_1.19.0/STM32CubeIDE/plugins/com.st.stm32cube.ide.mcu.externaltools.gnu-tools-for-stm32.13.3.rel1.win32_1.0.0.202411081344/tools/bin/../lib/gcc/arm-none-eabi/13.3.1/../../../../arm-none-eabi/lib/thumb/v7e-m+dp/hard\libc_nano.a(libc_a-exit.o)
                              C:/ST/STM32CubeIDE_1.19.0/STM32CubeIDE/plugins/com.st.stm32cube.ide.mcu.externaltools.gnu-tools-for-stm32.13.3.rel1.win32_1.0.0.202411081344/tools/bin/../lib/gcc/arm-none-eabi/13.3.1/../../../../arm-none-eabi/lib/thumb/v7e-m+dp/hard/crt0.o (exit)
C:/ST/STM32CubeIDE_1.19.0/STM32CubeIDE/plugins/com.st.stm32cube.ide.mcu.externaltools.gnu-tools-for-stm32.13.3.rel1.win32_1.0.0.202411081344/tools/bin/../lib/gcc/arm-none-eabi/13.3.1/../../../../arm-none-eabi/lib/thumb/v7e-m+dp/hard\libc_nano.a(libc_a-findfp.o)
                              C:/ST/STM32CubeIDE_1.19.0/STM32CubeIDE/plugins/com.st.stm32cube.ide.mcu.externaltools.gnu-tools-for-stm32.13.3.rel1.win32_1.0.0.202411081344/tools/bin/../lib/gcc/arm-none-eabi/13.3.1/../../../../arm-none-eabi/lib/thumb/v7e-m+dp/hard\libc_nano.a(libc_a-exit.o) (__stdio_exit_handler)
C:/ST/STM32CubeIDE_1.19.0/STM32CubeIDE/plugins/com.st.stm32cube.ide.mcu.externaltools.gnu-tools-for-stm32.13.3.rel1.win32_1.0.0.202411081344/tools/bin/../lib/gcc/arm-none-eabi/13.3.1/../../../../arm-none-eabi/lib/thumb/v7e-m+dp/hard\libc_nano.a(libc_a-fwalk.o)
                              C:/ST/STM32CubeIDE_1.19.0/STM32CubeIDE/plugins/com.st.stm32cube.ide.mcu.externaltools.gnu-tools-for-stm32.13.3.rel1.win32_1.0.0.202411081344/tools/bin/../lib/gcc/arm-none-eabi/13.3.1/../../../../arm-none-eabi/lib/thumb/v7e-m+dp/hard\libc_nano.a(libc_a-findfp.o) (_fwalk_sglue)
C:/ST/STM32CubeIDE_1.19.0/STM32CubeIDE/plugins/com.st.stm32cube.ide.mcu.externaltools.gnu-tools-for-stm32.13.3.rel1.win32_1.0.0.202411081344/tools/bin/../lib/gcc/arm-none-eabi/13.3.1/../../../../arm-none-eabi/lib/thumb/v7e-m+dp/hard\libc_nano.a(libc_a-stdio.o)
                              C:/ST/STM32CubeIDE_1.19.0/STM32CubeIDE/plugins/com.st.stm32cube.ide.mcu.externaltools.gnu-tools-for-stm32.13.3.rel1.win32_1.0.0.202411081344/tools/bin/../lib/gcc/arm-none-eabi/13.3.1/../../../../arm-none-eabi/lib/thumb/v7e-m+dp/hard\libc_nano.a(libc_a-findfp.o) (__sread)
C:/ST/STM32CubeIDE_1.19.0/STM32CubeIDE/plugins/com.st.stm32cube.ide.mcu.externaltools.gnu-tools-for-stm32.13.3.rel1.win32_1.0.0.202411081344/tools/bin/../lib/gcc/arm-none-eabi/13.3.1/../../../../arm-none-eabi/lib/thumb/v7e-m+dp/hard\libc_nano.a(libc_a-memset.o)
                              C:/ST/STM32CubeIDE_1.19.0/STM32CubeIDE/plugins/com.st.stm32cube.ide.mcu.externaltools.gnu-tools-for-stm32.13.3.rel1.win32_1.0.0.202411081344/tools/bin/../lib/gcc/arm-none-eabi/13.3.1/../../../../arm-none-eabi/lib/thumb/v7e-m+dp/hard/crt0.o (memset)
C:/ST/STM32CubeIDE_1.19.0/STM32CubeIDE/plugins/com.st.stm32cube.ide.mcu.externaltools.gnu-tools-for-stm32.13.3.rel1.win32_1.0.0.202411081344/tools/bin/../lib/gcc/arm-none-eabi/13.3.1/../../../../arm-none-eabi/lib/thumb/v7e-m+dp/hard\libc_nano.a(libc_a-closer.o)
                              C:/ST/STM32CubeIDE_1.19.0/STM32CubeIDE/plugins/com.st.stm32cube.ide.mcu.externaltools.gnu-tools-for-stm32.13.3.rel1.win32_1.0.0.202411081344/tools/bin/../lib/gcc/arm-none-eabi/13.3.1/../../../../arm-none-eabi/lib/thumb/v7e-m+dp/hard\libc_nano.a(libc_a-stdio.o) (_close_r)
C:/ST/STM32CubeIDE_1.19.0/STM32CubeIDE/plugins/com.st.stm32cube.ide.mcu.externaltools.gnu-tools-for-stm32.13.3.rel1.win32_1.0.0.202411081344/tools/bin/../lib/gcc/arm-none-eabi/13.3.1/../../../../arm-none-eabi/lib/thumb/v7e-m+dp/hard\libc_nano.a(libc_a-reent.o)
                              C:/ST/STM32CubeIDE_1.19.0/STM32CubeIDE/plugins/com.st.stm32cube.ide.mcu.externaltools.gnu-tools-for-stm32.13.3.rel1.win32_1.0.0.202411081344/tools/bin/../lib/gcc/arm-none-eabi/13.3.1/../../../../arm-none-eabi/lib/thumb/v7e-m+dp/hard\libc_nano.a(libc_a-closer.o) (errno)
C:/ST/STM32CubeIDE_1.19.0/STM32CubeIDE/plugins/com.st.stm32cube.ide.mcu.externaltools.gnu-tools-for-stm32.13.3.rel1.win32_1.0.0.202411081344/tools/bin/../lib/gcc/arm-none-eabi/13.3.1/../../../../arm-none-eabi/lib/thumb/v7e-m+dp/hard\libc_nano.a(libc_a-impure.o)
                              C:/ST/STM32CubeIDE_1.19.0/STM32CubeIDE/plugins/com.st.stm32cube.ide.mcu.externaltools.gnu-tools-for-stm32.13.3.rel1.win32_1.0.0.202411081344/tools/bin/../lib/gcc/arm-none-eabi/13.3.1/../../../../arm-none-eabi/lib/thumb/v7e-m+dp/hard\libc_nano.a(libc_a-reent.o) (_impure_ptr)
C:/ST/STM32CubeIDE_1.19.0/STM32CubeIDE/plugins/com.st.stm32cube.ide.mcu.externaltools.gnu-tools-for-stm32.13.3.rel1.win32_1.0.0.202411081344/tools/bin/../lib/gcc/arm-none-eabi/13.3.1/../../../../arm-none-eabi/lib/thumb/v7e-m+dp/hard\libc_nano.a(libc_a-lseekr.o)
[...]
Memory Configuration

Name             Origin             Length             Attributes
ITCMRAM          0x00000000         0x00010000         xrw
DTCMRAM          0x20000000         0x00020000         xrw
FLASH            0x08000000         0x00100000         xr
RAM_D1           0x24000000         0x00050000         xrw
RAM_D2           0x30000000         0x00008000         xrw
RAM_D3           0x38000000         0x00004000         xrw
*default*        0x00000000         0xffffffff

Linker script and memory map

LOAD C:/ST/STM32CubeIDE_1.19.0/STM32CubeIDE/plugins/com.st.stm32cube.ide.mcu.externaltools.gnu-tools-for-stm32.13.3.rel1.win32_1.0.0.202411081344/tools/bin/../lib/gcc/arm-none-eabi/13.3.1/thumb/v7e-m+dp/hard/crti.o
LOAD C:/ST/STM32CubeIDE_1.19.0/STM32CubeIDE/plugins/com.st.stm32cube.ide.mcu.externaltools.gnu-tools-for-stm32.13.3.rel1.win32_1.0.0.202411081344/tools/bin/../lib/gcc/arm-none-eabi/13.3.1/thumb/v7e-m+dp/hard/crtbegin.o
LOAD C:/ST/STM32CubeIDE_1.19.0/STM32CubeIDE/plugins/com.st.stm32cube.ide.mcu.externaltools.gnu-tools-for-stm32.13.3.rel1.win32_1.0.0.202411081344/tools/bin/../lib/gcc/arm-none-eabi/13.3.1/../../../../arm-none-eabi/lib/thumb/v7e-m+dp/hard/crt0.o
LOAD ./Core/Src/adc.o
LOAD ./Core/Src/dma.o
LOAD ./Core/Src/fdcan.o
LOAD ./Core/Src/gpio.o
LOAD ./Core/Src/main.o
LOAD ./Core/Src/stm32h7xx_hal_msp.o
LOAD ./Core/Src/stm32h7xx_it.o
LOAD ./Core/Src/syscalls.o
LOAD ./Core/Src/sysmem.o
LOAD ./Core/Src/system_stm32h7xx.o
LOAD ./Core/Startup/startup_stm32h723zgtx.o
LOAD ./Drivers/STM32H7xx_HAL_Driver/Src/stm32h7xx_hal.o
LOAD ./Drivers/STM32H7xx_HAL_Driver/Src/stm32h7xx_hal_adc.o
LOAD ./Drivers/STM32H7xx_HAL_Driver/Src/stm32h7xx_hal_adc_ex.o
LOAD ./Drivers/STM32H7xx_HAL_Driver/Src/stm32h7xx_hal_cortex.o
LOAD ./Drivers/STM32H7xx_HAL_Driver/Src/stm32h7xx_hal_dma.o
LOAD ./Drivers/STM32H7xx_HAL_Driver/Src/stm32h7xx_hal_dma_ex.o
LOAD ./Drivers/STM32H7xx_HAL_Driver/Src/stm32h7xx_hal_exti.o
LOAD ./Drivers/STM32H7xx_HAL_Driver/Src/stm32h7xx_hal_fdcan.o
LOAD ./Drivers/STM32H7xx_HAL_Driver/Src/stm32h7xx_hal_flash.o
LOAD ./Drivers/STM32H7xx_HAL_Driver/Src/stm32h7xx_hal_flash_ex.o
LOAD ./Drivers/STM32H7xx_HAL_Driver/Src/stm32h7xx_hal_gpio.o
LOAD ./Drivers/STM32H7xx_HAL_Driver/Src/stm32h7xx_hal_hsem.o
LOAD ./Drivers/STM32H7xx_HAL_Driver/Src/stm32h7xx_hal_i2c.o
LOAD ./Drivers/STM32H7xx_HAL_Driver/Src/stm32h7xx_hal_i2c_ex.o
LOAD ./Drivers/STM32H7xx_HAL_Driver/Src/stm32h7xx_hal_mdma.o
LOAD ./Drivers/STM32H7xx_HAL_Driver/Src/stm32h7xx_hal_pwr.o
LOAD ./Drivers/STM32H7xx_HAL_Driver/Src/stm32h7xx_hal_pwr_ex.o
LOAD ./Drivers/STM32H7xx_HAL_Driver/Src/stm32h7xx_hal_rcc.o
LOAD ./Drivers/STM32H7xx_HAL_Driver/Src/stm32h7xx_hal_rcc_ex.o
LOAD ./Drivers/STM32H7xx_HAL_Driver/Src/stm32h7xx_hal_tim.o
LOAD ./Drivers/STM32H7xx_HAL_Driver/Src/stm32h7xx_hal_tim_ex.o
START GROUP
LOAD C:/ST/STM32CubeIDE_1.19.0/STM32CubeIDE/plugins/com.st.stm32cube.ide.mcu.externaltools.gnu-tools-for-stm32.13.3.rel1.win32_1.0.0.202411081344/tools/bin/../lib/gcc/arm-none-eabi/13.3.1/../../../../arm-none-eabi/lib/thumb/v7e-m+dp/hard\libc_nano.a
LOAD C:/ST/STM32CubeIDE_1.19.0/STM32CubeIDE/plugins/com.st.stm32cube.ide.mcu.externaltools.gnu-tools-for-stm32.13.3.rel1.win32_1.0.0.202411081344/tools/bin/../lib/gcc/arm-none-eabi/13.3.1/../../../../arm-none-eabi/lib/thumb/v7e-m+dp/hard\libm.a
END GROUP
START GROUP
LOAD C:/ST/STM32CubeIDE_1.19.0/STM32CubeIDE/plugins/com.st.stm32cube.ide.mcu.externaltools.gnu-tools-for-stm32.13.3.rel1.win32_1.0.0.202411081344/tools/bin/../lib/gcc/arm-none-eabi/13.3.1/thumb/v7e-m+dp/hard\libgcc.a
LOAD C:/ST/STM32CubeIDE_1.19.0/STM32CubeIDE/plugins/com.st.stm32cube.ide.mcu.externaltools.gnu-tools-for-stm32.13.3.rel1.win32_1.0.0.202411081344/tools/bin/../lib/gcc/arm-none-eabi/13.3.1/../../../../arm-none-eabi/lib/thumb/v7e-m+dp/hard\libc_nano.a
END GROUP
START GROUP
LOAD C:/ST/STM32CubeIDE_1.19.0/STM32CubeIDE/plugins/com.st.stm32cube.ide.mcu.externaltools.gnu-tools-for-stm32.13.3.rel1.win32_1.0.0.202411081344/tools/bin/../lib/gcc/arm-none-eabi/13.3.1/thumb/v7e-m+dp/hard\libgcc.a
LOAD C:/ST/STM32CubeIDE_1.19.0/STM32CubeIDE/plugins/com.st.stm32cube.ide.mcu.externaltools.gnu-tools-for-stm32.13.3.rel1.win32_1.0.0.202411081344/tools/bin/../lib/gcc/arm-none-eabi/13.3.1/../../../../arm-none-eabi/lib/thumb/v7e-m+dp/hard\libc_nano.a
LOAD C:/ST/STM32CubeIDE_1.19.0/STM32CubeIDE/plugins/com.st.stm32cube.ide.mcu.externaltools.gnu-tools-for-stm32.13.3.rel1.win32_1.0.0.202411081344/tools/bin/../lib/gcc/arm-none-eabi/13.3.1/../../../../arm-none-eabi/lib/thumb/v7e-m+dp/hard\libnosys.a
END GROUP
START GROUP
LOAD C:/ST/STM32CubeIDE_1.19.0/STM32CubeIDE/plugins/com.st.stm32cube.ide.mcu.externaltools.gnu-tools-for-stm32.13.3.rel1.win32_1.0.0.202411081344/tools/bin/../lib/gcc/arm-none-eabi/13.3.1/thumb/v7e-m+dp/hard\libgcc.a
LOAD C:/ST/STM32CubeIDE_1.19.0/STM32CubeIDE/plugins/com.st.stm32cube.ide.mcu.externaltools.gnu-tools-for-stm32.13.3.rel1.win32_1.0.0.202411081344/tools/bin/../lib/gcc/arm-none-eabi/13.3.1/../../../../arm-none-eabi/lib/thumb/v7e-m+dp/hard\libc_nano.a
LOAD C:/ST/STM32CubeIDE_1.19.0/STM32CubeIDE/plugins/com.st.stm32cube.ide.mcu.externaltools.gnu-tools-for-stm32.13.3.rel1.win32_1.0.0.202411081344/tools/bin/../lib/gcc/arm-none-eabi/13.3.1/../../../../arm-none-eabi/lib/thumb/v7e-m+dp/hard\libnosys.a
END GROUP
LOAD C:/ST/STM32CubeIDE_1.19.0/STM32CubeIDE/plugins/com.st.stm32cube.ide.mcu.externaltools.gnu-tools-for-stm32.13.3.rel1.win32_1.0.0.202411081344/tools/bin/../lib/gcc/arm-none-eabi/13.3.1/thumb/v7e-m+dp/hard/crtend.o
LOAD C:/ST/STM32CubeIDE_1.19.0/STM32CubeIDE/plugins/com.st.stm32cube.ide.mcu.externaltools.gnu-tools-for-stm32.13.3.rel1.win32_1.0.0.202411081344/tools/bin/../lib/gcc/arm-none-eabi/13.3.1/thumb/v7e-m+dp/hard/crtn.o
                0x24050000                        _estack = (ORIGIN (RAM_D1) + LENGTH (RAM_D1))
                0x00000200                        _Min_Heap_Size = 0x200
                0x00000400                        _Min_Stack_Size = 0x400

.isr_vector     0x08000000      0x2cc
                0x08000000                        . = ALIGN (0x4)
 *(.isr_vector)
 .isr_vector    0x08000000      0x2cc ./Core/Startup/startup_stm32h723zgtx.o
                0x08000000                g_pfnVectors
                0x080002cc                        . = ALIGN (0x4)

.text           0x080002d0     0x96e0
                0x080002d0                        . = ALIGN (0x4)
 *(.text)
 .text          0x080002d0       0x40 C:/ST/STM32CubeIDE_1.19.0/STM32CubeIDE/plugins/com.st.stm32cube.ide.mcu.externaltools.gnu-tools-for-stm32.13.3.rel1.win32_1.0.0.202411081344/tools/bin/../lib/gcc/arm-none-eabi/13.3.1/thumb/v7e-m+dp/hard/crtbegin.o
 *(.text*)
 .text.MX_ADC3_Init
                0x08000310      0x11c ./Core/Src/adc.o
                0x08000310                MX_ADC3_Init
 .text.HAL_ADC_MspInit
                0x0800042c      0x18c ./Core/Src/adc.o
                0x0800042c                HAL_ADC_MspInit
 .text.MX_DMA_Init
                0x080005b8       0x40 ./Core/Src/dma.o
                0x080005b8                MX_DMA_Init
 .text.MX_FDCAN1_Init
                0x080005f8       0xcc ./Core/Src/fdcan.o
                0x080005f8                MX_FDCAN1_Init
 .text.MX_FDCAN2_Init
                0x080006c4       0xcc ./Core/Src/fdcan.o
                0x080006c4                MX_FDCAN2_Init
 .text.HAL_FDCAN_MspInit
                0x08000790      0x210 ./Core/Src/fdcan.o
                0x08000790                HAL_FDCAN_MspInit
 .text.MX_GPIO_Init
                0x080009a0       0xd4 ./Core/Src/gpio.o
                0x080009a0                MX_GPIO_Init
 *fill*         0x08000a74        0x4 
 .text.HAL_ADC_ConvCpltCallback
                0x08000a78       0xa0 ./Core/Src/main.o
                0x08000a78                HAL_ADC_ConvCpltCallback
 .text.HAL_FDCAN_RxFifo0Callback
                0x08000b18      0x100 ./Core/Src/main.o
                0x08000b18                HAL_FDCAN_RxFifo0Callback
 .text.HAL_FDCAN_RxFifo1Callback
                0x08000c18      0x100 ./Core/Src/main.o
                0x08000c18                HAL_FDCAN_RxFifo1Callback
 .text.main     0x08000d18      0x1e8 ./Core/Src/main.o
                0x08000d18                main
 .text.SystemClock_Config
                0x08000f00       0xdc ./Core/Src/main.o
                0x08000f00                SystemClock_Config
 .text.MPU_Config
                0x08000fdc       0x58 ./Core/Src/main.o
 .text.Error_Handler
                0x08001034        0xc ./Core/Src/main.o
                0x08001034                Error_Handler
 .text.HAL_MspInit
                0x08001040       0x34 ./Core/Src/stm32h7xx_hal_msp.o
                0x08001040                HAL_MspInit
 .text.NMI_Handler
                0x08001074        0x8 ./Core/Src/stm32h7xx_it.o
                0x08001074                NMI_Handler
 .text.HardFault_Handler
                0x0800107c        0x8 ./Core/Src/stm32h7xx_it.o
                0x0800107c                HardFault_Handler
 .text.MemManage_Handler
                0x08001084        0x8 ./Core/Src/stm32h7xx_it.o
                0x08001084                MemManage_Handler
 .text.BusFault_Handler
                0x0800108c        0x8 ./Core/Src/stm32h7xx_it.o
                0x0800108c                BusFault_Handler
 .text.UsageFault_Handler
                0x08001094        0x8 ./Core/Src/stm32h7xx_it.o
                0x08001094                UsageFault_Handler
 .text.SVC_Handler
                0x0800109c        0xe ./Core/Src/stm32h7xx_it.o
                0x0800109c                SVC_Handler
 .text.DebugMon_Handler
                0x080010aa        0xe ./Core/Src/stm32h7xx_it.o
                0x080010aa                DebugMon_Handler
 .text.PendSV_Handler
                0x080010b8        0xe ./Core/Src/stm32h7xx_it.o
                0x080010b8                PendSV_Handler
 .text.SysTick_Handler
                0x080010c6        0xc ./Core/Src/stm32h7xx_it.o
                0x080010c6                SysTick_Handler
 *fill*         0x080010d2        0x2 
 .text.DMA1_Stream0_IRQHandler
                0x080010d4       0x14 ./Core/Src/stm32h7xx_it.o
                0x080010d4                DMA1_Stream0_IRQHandler
 .text.FDCAN1_IT0_IRQHandler
                0x080010e8       0x20 ./Core/Src/stm32h7xx_it.o
                0x080010e8                FDCAN1_IT0_IRQHandler
 .text.FDCAN2_IT0_IRQHandler
                0x08001108       0x14 ./Core/Src/stm32h7xx_it.o
                0x08001108                FDCAN2_IT0_IRQHandler
 .text.ADC3_IRQHandler
                0x0800111c       0x14 ./Core/Src/stm32h7xx_it.o
                0x0800111c                ADC3_IRQHandler
 .text.SystemInit
                0x08001130      0x120 ./Core/Src/system_stm32h7xx.o
                0x08001130                SystemInit
 .text.ExitRun0Mode
                0x08001250       0x30 ./Core/Src/system_stm32h7xx.o
                0x08001250                ExitRun0Mode
 .text.Reset_Handler
                0x08001280       0x54 ./Core/Startup/startup_stm32h723zgtx.o
                0x08001280                Reset_Handler
 .text.Default_Handler
                0x080012d4        0x2 ./Core/Startup/startup_stm32h723zgtx.o
                0x080012d4                RTC_Alarm_IRQHandler
                0x080012d4                EXTI2_IRQHandler
                0x080012d4                TIM8_CC_IRQHandler
                0x080012d4                UART8_IRQHandler
                0x080012d4                SPI4_IRQHandler
                0x080012d4                FDCAN3_IT0_IRQHandler
                0x080012d4                TIM1_CC_IRQHandler
                0x080012d4                BDMA_Channel6_IRQHandler
                0x080012d4                DMA2_Stream5_IRQHandler
                0x080012d4                DMA1_Stream5_IRQHandler
                0x080012d4                CORDIC_IRQHandler
                0x080012d4                BDMA_Channel1_IRQHandler
                0x080012d4                TAMP_STAMP_IRQHandler
                0x080012d4                EXTI3_IRQHandler
                0x080012d4                LPTIM4_IRQHandler
                0x080012d4                TIM8_TRG_COM_TIM14_IRQHandler
                0x080012d4                LPTIM2_IRQHandler
                0x080012d4                DFSDM1_FLT1_IRQHandler
                0x080012d4                DMAMUX2_OVR_IRQHandler
                0x080012d4                TIM8_UP_TIM13_IRQHandler
                0x080012d4                I2C3_ER_IRQHandler
                0x080012d4                DFSDM1_FLT2_IRQHandler
                0x080012d4                I2C5_EV_IRQHandler
                0x080012d4                USART10_IRQHandler
                0x080012d4                MDMA_IRQHandler
                0x080012d4                LPTIM3_IRQHandler
                0x080012d4                HSEM1_IRQHandler
                0x080012d4                EXTI0_IRQHandler
                0x080012d4                I2C2_EV_IRQHandler
                0x080012d4                DMA1_Stream2_IRQHandler
                0x080012d4                FPU_IRQHandler
                0x080012d4                OTG_HS_WKUP_IRQHandler
                0x080012d4                FDCAN1_IT1_IRQHandler
                0x080012d4                LTDC_ER_IRQHandler
                0x080012d4                DMA2_Stream2_IRQHandler
                0x080012d4                SPI1_IRQHandler
                0x080012d4                OCTOSPI1_IRQHandler
                0x080012d4                TIM6_DAC_IRQHandler
                0x080012d4                DMA2_Stream3_IRQHandler
                0x080012d4                OCTOSPI2_IRQHandler
                0x080012d4                DFSDM1_FLT3_IRQHandler
                0x080012d4                TIM23_IRQHandler
                0x080012d4                USART6_IRQHandler
                0x080012d4                TIM17_IRQHandler
                0x080012d4                USART3_IRQHandler
                0x080012d4                BDMA_Channel7_IRQHandler
                0x080012d4                LPTIM5_IRQHandler
                0x080012d4                UART5_IRQHandler
                0x080012d4                DMA2_Stream0_IRQHandler
                0x080012d4                TIM4_IRQHandler
                0x080012d4                BDMA_Channel2_IRQHandler
                0x080012d4                I2C1_EV_IRQHandler
                0x080012d4                DMA1_Stream6_IRQHandler
                0x080012d4                DMAMUX1_OVR_IRQHandler
                0x080012d4                DMA1_Stream1_IRQHandler
                0x080012d4                TIM16_IRQHandler
                0x080012d4                UART4_IRQHandler
                0x080012d4                BDMA_Channel5_IRQHandler
                0x080012d4                TIM3_IRQHandler
                0x080012d4                RCC_IRQHandler
                0x080012d4                UART9_IRQHandler
                0x080012d4                TIM8_BRK_TIM12_IRQHandler
                0x080012d4                TIM1_TRG_COM_IRQHandler
                0x080012d4                Default_Handler
                0x080012d4                ECC_IRQHandler
                0x080012d4                FMAC_IRQHandler
                0x080012d4                CEC_IRQHandler
                0x080012d4                EXTI15_10_IRQHandler
                0x080012d4                BDMA_Channel0_IRQHandler
                0x080012d4                ADC_IRQHandler
                0x080012d4                I2C5_ER_IRQHandler
                0x080012d4                DMA1_Stream7_IRQHandler
                0x080012d4                SPI5_IRQHandler
                0x080012d4                TIM7_IRQHandler
                0x080012d4                FDCAN3_IT1_IRQHandler
                0x080012d4                SDMMC1_IRQHandler
                0x080012d4                TIM5_IRQHandler
                0x080012d4                DMA2_Stream7_IRQHandler
                0x080012d4                TIM15_IRQHandler
                0x080012d4                PVD_AVD_IRQHandler
                0x080012d4                I2C3_EV_IRQHandler
                0x080012d4                EXTI9_5_IRQHandler
                0x080012d4                RTC_WKUP_IRQHandler
                0x080012d4                LTDC_IRQHandler
                0x080012d4                ETH_WKUP_IRQHandler
                0x080012d4                SPDIF_RX_IRQHandler
                0x080012d4                SPI2_IRQHandler
                0x080012d4                OTG_HS_EP1_IN_IRQHandler
                0x080012d4                TIM24_IRQHandler
                0x080012d4                CRS_IRQHandler
                0x080012d4                EXTI4_IRQHandler
                0x080012d4                RNG_IRQHandler
                0x080012d4                FDCAN2_IT1_IRQHandler
                0x080012d4                ETH_IRQHandler
                0x080012d4                TIM1_UP_IRQHandler
                0x080012d4                BDMA_Channel4_IRQHandler
                0x080012d4                OTG_HS_EP1_OUT_IRQHandler
                0x080012d4                WWDG_IRQHandler
                0x080012d4                SPI6_IRQHandler
                0x080012d4                MDIOS_IRQHandler
                0x080012d4                I2C4_EV_IRQHandler
                0x080012d4                LPUART1_IRQHandler
                0x080012d4                TIM2_IRQHandler
                0x080012d4                OTG_HS_IRQHandler
                0x080012d4                DMA2D_IRQHandler
                0x080012d4                TIM1_BRK_IRQHandler
                0x080012d4                EXTI1_IRQHandler
                0x080012d4                SDMMC2_IRQHandler
                0x080012d4                BDMA_Channel3_IRQHandler
                0x080012d4                DTS_IRQHandler
                0x080012d4                UART7_IRQHandler
                0x080012d4                MDIOS_WKUP_IRQHandler
                0x080012d4                USART2_IRQHandler
                0x080012d4                DFSDM1_FLT0_IRQHandler
                0x080012d4                SAI4_IRQHandler
                0x080012d4                I2C2_ER_IRQHandler
                0x080012d4                DMA2_Stream1_IRQHandler
                0x080012d4                FLASH_IRQHandler
                0x080012d4                DMA2_Stream4_IRQHandler
                0x080012d4                USART1_IRQHandler
                0x080012d4                SPI3_IRQHandler
                0x080012d4                WAKEUP_PIN_IRQHandler
                0x080012d4                DMA1_Stream4_IRQHandler
                0x080012d4                I2C1_ER_IRQHandler
                0x080012d4                FMC_IRQHandler
                0x080012d4                FDCAN_CAL_IRQHandler
                0x080012d4                SWPMI1_IRQHandler
                0x080012d4                COMP1_IRQHandler
                0x080012d4                LPTIM1_IRQHandler
                0x080012d4                DCMI_PSSI_IRQHandler
                0x080012d4                I2C4_ER_IRQHandler
                0x080012d4                DMA2_Stream6_IRQHandler
                0x080012d4                SAI1_IRQHandler
                0x080012d4                DMA1_Stream3_IRQHandler
 *fill*         0x080012d6        0x2 
 .text.HAL_Init
                0x080012d8       0x78 ./Drivers/STM32H7xx_HAL_Driver/Src/stm32h7xx_hal.o
                0x080012d8                HAL_Init
 .text.HAL_InitTick
                0x08001350       0x6c ./Drivers/STM32H7xx_HAL_Driver/Src/stm32h7xx_hal.o
                0x08001350                HAL_InitTick
 .text.HAL_IncTick
                0x080013bc       0x28 ./Drivers/STM32H7xx_HAL_Driver/Src/stm32h7xx_hal.o
                0x080013bc                HAL_IncTick
 .text.HAL_GetTick
                0x080013e4       0x18 ./Drivers/STM32H7xx_HAL_Driver/Src/stm32h7xx_hal.o
                0x080013e4                HAL_GetTick
 .text.HAL_Delay
                0x080013fc       0x48 ./Drivers/STM32H7xx_HAL_Driver/Src/stm32h7xx_hal.o
                0x080013fc                HAL_Delay
 .text.HAL_SYSCFG_AnalogSwitchConfig
                0x08001444       0x2c ./Drivers/STM32H7xx_HAL_Driver/Src/stm32h7xx_hal.o
                0x08001444                HAL_SYSCFG_AnalogSwitchConfig
 .text.LL_ADC_SetCommonClock
                0x08001470       0x26 ./Drivers/STM32H7xx_HAL_Driver/Src/stm32h7xx_hal_adc.o
 .text.LL_ADC_SetCommonPathInternalCh
                0x08001496       0x26 ./Drivers/STM32H7xx_HAL_Driver/Src/stm32h7xx_hal_adc.o
 .text.LL_ADC_GetCommonPathInternalCh
                0x080014bc       0x1c ./Drivers/STM32H7xx_HAL_Driver/Src/stm32h7xx_hal_adc.o
 .text.LL_ADC_SetChannelPreselection
                0x080014d8       0x74 ./Drivers/STM32H7xx_HAL_Driver/Src/stm32h7xx_hal_adc.o
 .text.LL_ADC_SetOffset
                0x0800154c       0x64 ./Drivers/STM32H7xx_HAL_Driver/Src/stm32h7xx_hal_adc.o
 .text.LL_ADC_GetOffsetChannel
                0x080015b0       0x2c ./Drivers/STM32H7xx_HAL_Driver/Src/stm32h7xx_hal_adc.o
 .text.LL_ADC_SetDataRightShift
                0x080015dc       0x32 ./Drivers/STM32H7xx_HAL_Driver/Src/stm32h7xx_hal_adc.o
 *fill*         0x0800160e        0x2 
 .text.LL_ADC_SetOffsetSignedSaturation
                0x08001610       0x44 ./Drivers/STM32H7xx_HAL_Driver/Src/stm32h7xx_hal_adc.o
 .text.LL_ADC_SetOffsetSaturation
                0x08001654       0x44 ./Drivers/STM32H7xx_HAL_Driver/Src/stm32h7xx_hal_adc.o
 .text.LL_ADC_SetOffsetSign
                0x08001698       0x44 ./Drivers/STM32H7xx_HAL_Driver/Src/stm32h7xx_hal_adc.o
 .text.LL_ADC_SetOffsetState
                0x080016dc       0x54 ./Drivers/STM32H7xx_HAL_Driver/Src/stm32h7xx_hal_adc.o
 .text.LL_ADC_REG_IsTriggerSourceSWStart
                0x08001730       0x26 ./Drivers/STM32H7xx_HAL_Driver/Src/stm32h7xx_hal_adc.o
 .text.LL_ADC_REG_SetSequencerRanks
                0x08001756       0x58 ./Drivers/STM32H7xx_HAL_Driver/Src/stm32h7xx_hal_adc.o
 .text.LL_ADC_INJ_IsTriggerSourceSWStart
                0x080017ae       0x26 ./Drivers/STM32H7xx_HAL_Driver/Src/stm32h7xx_hal_adc.o
 .text.LL_ADC_SetChannelSamplingTime
                0x080017d4       0x56 ./Drivers/STM32H7xx_HAL_Driver/Src/stm32h7xx_hal_adc.o
 *fill*         0x0800182a        0x2 
 .text.LL_ADC_SetChannelSingleDiff
                0x0800182c       0x80 ./Drivers/STM32H7xx_HAL_Driver/Src/stm32h7xx_hal_adc.o
 .text.LL_ADC_GetMultimode
                0x080018ac       0x1c ./Drivers/STM32H7xx_HAL_Driver/Src/stm32h7xx_hal_adc.o
 .text.LL_ADC_GetMultiDMATransfer
                0x080018c8       0x1c ./Drivers/STM32H7xx_HAL_Driver/Src/stm32h7xx_hal_adc.o
 .text.LL_ADC_DisableDeepPowerDown
                0x080018e4       0x24 ./Drivers/STM32H7xx_HAL_Driver/Src/stm32h7xx_hal_adc.o
 .text.LL_ADC_IsDeepPowerDownEnabled
                0x08001908       0x28 ./Drivers/STM32H7xx_HAL_Driver/Src/stm32h7xx_hal_adc.o
 .text.LL_ADC_EnableInternalRegulator
                0x08001930       0x28 ./Drivers/STM32H7xx_HAL_Driver/Src/stm32h7xx_hal_adc.o
 .text.LL_ADC_IsInternalRegulatorEnabled
                0x08001958       0x28 ./Drivers/STM32H7xx_HAL_Driver/Src/stm32h7xx_hal_adc.o
 .text.LL_ADC_IsEnabled
                0x08001980       0x26 ./Drivers/STM32H7xx_HAL_Driver/Src/stm32h7xx_hal_adc.o
 .text.LL_ADC_REG_IsConversionOngoing
                0x080019a6       0x26 ./Drivers/STM32H7xx_HAL_Driver/Src/stm32h7xx_hal_adc.o
 .text.LL_ADC_INJ_IsConversionOngoing
                0x080019cc       0x26 ./Drivers/STM32H7xx_HAL_Driver/Src/stm32h7xx_hal_adc.o
 *fill*         0x080019f2        0x2 
 .text.HAL_ADC_Init
                0x080019f4      0x410 ./Drivers/STM32H7xx_HAL_Driver/Src/stm32h7xx_hal_adc.o
                0x080019f4                HAL_ADC_Init
 .text.HAL_ADC_IRQHandler
                0x08001e04      0x474 ./Drivers/STM32H7xx_HAL_Driver/Src/stm32h7xx_hal_adc.o
                0x08001e04                HAL_ADC_IRQHandler
 .text.HAL_ADC_LevelOutOfWindowCallback
                0x08002278       0x14 ./Drivers/STM32H7xx_HAL_Driver/Src/stm32h7xx_hal_adc.o
                0x08002278                HAL_ADC_LevelOutOfWindowCallback
 .text.HAL_ADC_ErrorCallback
                0x0800228c       0x14 ./Drivers/STM32H7xx_HAL_Driver/Src/stm32h7xx_hal_adc.o
                0x0800228c                HAL_ADC_ErrorCallback
 .text.HAL_ADC_ConfigChannel
                0x080022a0      0x9a8 ./Drivers/STM32H7xx_HAL_Driver/Src/stm32h7xx_hal_adc.o
                0x080022a0                HAL_ADC_ConfigChannel
 .text.ADC_ConfigureBoostMode
                0x08002c48      0x1dc ./Drivers/STM32H7xx_HAL_Driver/Src/stm32h7xx_hal_adc.o
                0x08002c48                ADC_ConfigureBoostMode
 .text.HAL_ADCEx_InjectedConvCpltCallback
                0x08002e24       0x14 ./Drivers/STM32H7xx_HAL_Driver/Src/stm32h7xx_hal_adc_ex.o
                0x08002e24                HAL_ADCEx_InjectedConvCpltCallback
 .text.HAL_ADCEx_InjectedQueueOverflowCallback
                0x08002e38       0x14 ./Drivers/STM32H7xx_HAL_Driver/Src/stm32h7xx_hal_adc_ex.o
                0x08002e38                HAL_ADCEx_InjectedQueueOverflowCallback
 .text.HAL_ADCEx_LevelOutOfWindow2Callback
                0x08002e4c       0x14 ./Drivers/STM32H7xx_HAL_Driver/Src/stm32h7xx_hal_adc_ex.o
                0x08002e4c                HAL_ADCEx_LevelOutOfWindow2Callback
 .text.HAL_ADCEx_LevelOutOfWindow3Callback
                0x08002e60       0x14 ./Drivers/STM32H7xx_HAL_Driver/Src/stm32h7xx_hal_adc_ex.o
                0x08002e60                HAL_ADCEx_LevelOutOfWindow3Callback
 .text.HAL_ADCEx_EndOfSamplingCallback
                0x08002e74       0x14 ./Drivers/STM32H7xx_HAL_Driver/Src/stm32h7xx_hal_adc_ex.o
                0x08002e74                HAL_ADCEx_EndOfSamplingCallback
 .text.__NVIC_SetPriorityGrouping
                0x08002e88       0x48 ./Drivers/STM32H7xx_HAL_Driver/Src/stm32h7xx_hal_cortex.o
 .text.__NVIC_GetPriorityGrouping
                0x08002ed0       0x1c ./Drivers/STM32H7xx_HAL_Driver/Src/stm32h7xx_hal_cortex.o
 .text.__NVIC_EnableIRQ
                0x08002eec       0x3c ./Drivers/STM32H7xx_HAL_Driver/Src/stm32h7xx_hal_cortex.o
 .text.__NVIC_SetPriority
                0x08002f28       0x54 ./Drivers/STM32H7xx_HAL_Driver/Src/stm32h7xx_hal_cortex.o
 .text.NVIC_EncodePriority
                0x08002f7c       0x66 ./Drivers/STM32H7xx_HAL_Driver/Src/stm32h7xx_hal_cortex.o
 *fill*         0x08002fe2        0x2 
 .text.SysTick_Config
                0x08002fe4       0x44 ./Drivers/STM32H7xx_HAL_Driver/Src/stm32h7xx_hal_cortex.o
 .text.HAL_NVIC_SetPriorityGrouping
                0x08003028       0x16 ./Drivers/STM32H7xx_HAL_Driver/Src/stm32h7xx_hal_cortex.o
                0x08003028                HAL_NVIC_SetPriorityGrouping
 .text.HAL_NVIC_SetPriority
                0x0800303e       0x34 ./Drivers/STM32H7xx_HAL_Driver/Src/stm32h7xx_hal_cortex.o
                0x0800303e                HAL_NVIC_SetPriority
 .text.HAL_NVIC_EnableIRQ
                0x08003072       0x1c ./Drivers/STM32H7xx_HAL_Driver/Src/stm32h7xx_hal_cortex.o
                0x08003072                HAL_NVIC_EnableIRQ
 .text.HAL_SYSTICK_Config
                0x0800308e       0x18 ./Drivers/STM32H7xx_HAL_Driver/Src/stm32h7xx_hal_cortex.o
                0x0800308e                HAL_SYSTICK_Config
 *fill*         0x080030a6        0x2 
 .text.HAL_MPU_Disable
                0x080030a8       0x30 ./Drivers/STM32H7xx_HAL_Driver/Src/stm32h7xx_hal_cortex.o
                0x080030a8                HAL_MPU_Disable
 .text.HAL_MPU_Enable
                0x080030d8       0x40 ./Drivers/STM32H7xx_HAL_Driver/Src/stm32h7xx_hal_cortex.o
                0x080030d8                HAL_MPU_Enable
 .text.HAL_MPU_ConfigRegion
                0x08003118       0x80 ./Drivers/STM32H7xx_HAL_Driver/Src/stm32h7xx_hal_cortex.o
                0x08003118                HAL_MPU_ConfigRegion
 .text.HAL_DMA_Init
                0x08003198      0x6b0 ./Drivers/STM32H7xx_HAL_Driver/Src/stm32h7xx_hal_dma.o
                0x08003198                HAL_DMA_Init
 .text.HAL_DMA_IRQHandler
                0x08003848      0xe54 ./Drivers/STM32H7xx_HAL_Driver/Src/stm32h7xx_hal_dma.o
                0x08003848                HAL_DMA_IRQHandler
 .text.DMA_CalcBaseAndBitshift
                0x0800469c      0x164 ./Drivers/STM32H7xx_HAL_Driver/Src/stm32h7xx_hal_dma.o
 .text.DMA_CheckFifoParam
                0x08004800       0xf8 ./Drivers/STM32H7xx_HAL_Driver/Src/stm32h7xx_hal_dma.o
 .text.DMA_CalcDMAMUXChannelBaseAndMask
                0x080048f8      0x134 ./Drivers/STM32H7xx_HAL_Driver/Src/stm32h7xx_hal_dma.o
 .text.DMA_CalcDMAMUXRequestGenBaseAndMask
                0x08004a2c       0xe8 ./Drivers/STM32H7xx_HAL_Driver/Src/stm32h7xx_hal_dma.o
 .text.HAL_FDCAN_Init
                0x08004b14      0x3bc ./Drivers/STM32H7xx_HAL_Driver/Src/stm32h7xx_hal_fdcan.o
                0x08004b14                HAL_FDCAN_Init
 .text.HAL_FDCAN_ConfigFilter
                0x08004ed0       0xec ./Drivers/STM32H7xx_HAL_Driver/Src/stm32h7xx_hal_fdcan.o
                0x08004ed0                HAL_FDCAN_ConfigFilter
 .text.HAL_FDCAN_ConfigGlobalFilter
                0x08004fbc       0x5a ./Drivers/STM32H7xx_HAL_Driver/Src/stm32h7xx_hal_fdcan.o
                0x08004fbc                HAL_FDCAN_ConfigGlobalFilter
 .text.HAL_FDCAN_Start
                0x08005016       0x56 ./Drivers/STM32H7xx_HAL_Driver/Src/stm32h7xx_hal_fdcan.o
                0x08005016                HAL_FDCAN_Start
 .text.HAL_FDCAN_AddMessageToTxFifoQ
                0x0800506c       0xb6 ./Drivers/STM32H7xx_HAL_Driver/Src/stm32h7xx_hal_fdcan.o
                0x0800506c                HAL_FDCAN_AddMessageToTxFifoQ
 *fill*         0x08005122        0x2 
 .text.HAL_FDCAN_GetRxMessage
                0x08005124      0x2d8 ./Drivers/STM32H7xx_HAL_Driver/Src/stm32h7xx_hal_fdcan.o
                0x08005124                HAL_FDCAN_GetRxMessage
 .text.HAL_FDCAN_ActivateNotification
                0x080053fc       0xf4 ./Drivers/STM32H7xx_HAL_Driver/Src/stm32h7xx_hal_fdcan.o
                0x080053fc                HAL_FDCAN_ActivateNotification
 .text.HAL_FDCAN_IRQHandler
                0x080054f0      0x4bc ./Drivers/STM32H7xx_HAL_Driver/Src/stm32h7xx_hal_fdcan.o
                0x080054f0                HAL_FDCAN_IRQHandler
 .text.HAL_FDCAN_ClockCalibrationCallback
                0x080059ac       0x16 ./Drivers/STM32H7xx_HAL_Driver/Src/stm32h7xx_hal_fdcan.o
                0x080059ac                HAL_FDCAN_ClockCalibrationCallback
 .text.HAL_FDCAN_TxEventFifoCallback
                0x080059c2       0x16 ./Drivers/STM32H7xx_HAL_Driver/Src/stm32h7xx_hal_fdcan.o
                0x080059c2                HAL_FDCAN_TxEventFifoCallback
 .text.HAL_FDCAN_TxFifoEmptyCallback
                0x080059d8       0x14 ./Drivers/STM32H7xx_HAL_Driver/Src/stm32h7xx_hal_fdcan.o
                0x080059d8                HAL_FDCAN_TxFifoEmptyCallback
 .text.HAL_FDCAN_TxBufferCompleteCallback
                0x080059ec       0x16 ./Drivers/STM32H7xx_HAL_Driver/Src/stm32h7xx_hal_fdcan.o
                0x080059ec                HAL_FDCAN_TxBufferCompleteCallback
 .text.HAL_FDCAN_TxBufferAbortCallback
                0x08005a02       0x16 ./Drivers/STM32H7xx_HAL_Driver/Src/stm32h7xx_hal_fdcan.o
                0x08005a02                HAL_FDCAN_TxBufferAbortCallback
 .text.HAL_FDCAN_RxBufferNewMessageCallback
                0x08005a18       0x14 ./Drivers/STM32H7xx_HAL_Driver/Src/stm32h7xx_hal_fdcan.o
                0x08005a18                HAL_FDCAN_RxBufferNewMessageCallback
 .text.HAL_FDCAN_TimestampWraparoundCallback
                0x08005a2c       0x14 ./Drivers/STM32H7xx_HAL_Driver/Src/stm32h7xx_hal_fdcan.o
                0x08005a2c                HAL_FDCAN_TimestampWraparoundCallback
 .text.HAL_FDCAN_TimeoutOccurredCallback
                0x08005a40       0x14 ./Drivers/STM32H7xx_HAL_Driver/Src/stm32h7xx_hal_fdcan.o
                0x08005a40                HAL_FDCAN_TimeoutOccurredCallback
 .text.HAL_FDCAN_HighPriorityMessageCallback
                0x08005a54       0x14 ./Drivers/STM32H7xx_HAL_Driver/Src/stm32h7xx_hal_fdcan.o
                0x08005a54                HAL_FDCAN_HighPriorityMessageCallback
 .text.HAL_FDCAN_ErrorCallback
                0x08005a68       0x14 ./Drivers/STM32H7xx_HAL_Driver/Src/stm32h7xx_hal_fdcan.o
                0x08005a68                HAL_FDCAN_ErrorCallback
 .text.HAL_FDCAN_ErrorStatusCallback
                0x08005a7c       0x16 ./Drivers/STM32H7xx_HAL_Driver/Src/stm32h7xx_hal_fdcan.o
                0x08005a7c                HAL_FDCAN_ErrorStatusCallback
 .text.HAL_FDCAN_TT_ScheduleSyncCallback
                0x08005a92       0x16 ./Drivers/STM32H7xx_HAL_Driver/Src/stm32h7xx_hal_fdcan.o
                0x08005a92                HAL_FDCAN_TT_ScheduleSyncCallback
 .text.HAL_FDCAN_TT_TimeMarkCallback
                0x08005aa8       0x16 ./Drivers/STM32H7xx_HAL_Driver/Src/stm32h7xx_hal_fdcan.o
                0x08005aa8                HAL_FDCAN_TT_TimeMarkCallback
 .text.HAL_FDCAN_TT_StopWatchCallback
                0x08005abe       0x18 ./Drivers/STM32H7xx_HAL_Driver/Src/stm32h7xx_hal_fdcan.o
                0x08005abe                HAL_FDCAN_TT_StopWatchCallback
 .text.HAL_FDCAN_TT_GlobalTimeCallback
                0x08005ad6       0x16 ./Drivers/STM32H7xx_HAL_Driver/Src/stm32h7xx_hal_fdcan.o
                0x08005ad6                HAL_FDCAN_TT_GlobalTimeCallback
 .text.FDCAN_CalcultateRamBlockAddresses
                0x08005aec      0x30c ./Drivers/STM32H7xx_HAL_Driver/Src/stm32h7xx_hal_fdcan.o
 .text.FDCAN_CopyMessageToRAM
                0x08005df8       0xfc ./Drivers/STM32H7xx_HAL_Driver/Src/stm32h7xx_hal_fdcan.o
 .text.HAL_GPIO_Init
                0x08005ef4      0x350 ./Drivers/STM32H7xx_HAL_Driver/Src/stm32h7xx_hal_gpio.o
                0x08005ef4                HAL_GPIO_Init
 .text.HAL_PWREx_ConfigSupply
                0x08006244       0x74 ./Drivers/STM32H7xx_HAL_Driver/Src/stm32h7xx_hal_pwr_ex.o
                0x08006244                HAL_PWREx_ConfigSupply
 .text.HAL_RCC_OscConfig
                0x080062b8      0x7b4 ./Drivers/STM32H7xx_HAL_Driver/Src/stm32h7xx_hal_rcc.o
                0x080062b8                HAL_RCC_OscConfig
 .text.HAL_RCC_ClockConfig
                0x08006a6c      0x36c ./Drivers/STM32H7xx_HAL_Driver/Src/stm32h7xx_hal_rcc.o
                0x08006a6c                HAL_RCC_ClockConfig
 .text.HAL_RCC_GetSysClockFreq
                0x08006dd8      0x2f4 ./Drivers/STM32H7xx_HAL_Driver/Src/stm32h7xx_hal_rcc.o
                0x08006dd8                HAL_RCC_GetSysClockFreq
 .text.HAL_RCC_GetHCLKFreq
                0x080070cc       0x60 ./Drivers/STM32H7xx_HAL_Driver/Src/stm32h7xx_hal_rcc.o
                0x080070cc                HAL_RCC_GetHCLKFreq
 .text.HAL_RCC_GetPCLK1Freq
                0x0800712c       0x2c ./Drivers/STM32H7xx_HAL_Driver/Src/stm32h7xx_hal_rcc.o
                0x0800712c                HAL_RCC_GetPCLK1Freq
 .text.HAL_RCCEx_PeriphCLKConfig
                0x08007158     0x1340 ./Drivers/STM32H7xx_HAL_Driver/Src/stm32h7xx_hal_rcc_ex.o
                0x08007158                HAL_RCCEx_PeriphCLKConfig
 .text.HAL_RCCEx_GetPeriphCLKFreq
                0x08008498      0x9a4 ./Drivers/STM32H7xx_HAL_Driver/Src/stm32h7xx_hal_rcc_ex.o
                0x08008498                HAL_RCCEx_GetPeriphCLKFreq
 .text.HAL_RCCEx_GetD3PCLK1Freq
                0x08008e3c       0x2c ./Drivers/STM32H7xx_HAL_Driver/Src/stm32h7xx_hal_rcc_ex.o
                0x08008e3c                HAL_RCCEx_GetD3PCLK1Freq
 .text.HAL_RCCEx_GetPLL2ClockFreq
                0x08008e68      0x2a8 ./Drivers/STM32H7xx_HAL_Driver/Src/stm32h7xx_hal_rcc_ex.o
                0x08008e68                HAL_RCCEx_GetPLL2ClockFreq
 .text.HAL_RCCEx_GetPLL3ClockFreq
                0x08009110      0x2a8 ./Drivers/STM32H7xx_HAL_Driver/Src/stm32h7xx_hal_rcc_ex.o
                0x08009110                HAL_RCCEx_GetPLL3ClockFreq
 .text.HAL_RCCEx_GetPLL1ClockFreq
                0x080093b8      0x2a4 ./Drivers/STM32H7xx_HAL_Driver/Src/stm32h7xx_hal_rcc_ex.o
                0x080093b8                HAL_RCCEx_GetPLL1ClockFreq
 .text.RCCEx_PLL2_Config
                0x0800965c      0x164 ./Drivers/STM32H7xx_HAL_Driver/Src/stm32h7xx_hal_rcc_ex.o
 .text.RCCEx_PLL3_Config
                0x080097c0      0x164 ./Drivers/STM32H7xx_HAL_Driver/Src/stm32h7xx_hal_rcc_ex.o
 .text.memset   0x08009924       0x10 C:/ST/STM32CubeIDE_1.19.0/STM32CubeIDE/plugins/com.st.stm32cube.ide.mcu.externaltools.gnu-tools-for-stm32.13.3.rel1.win32_1.0.0.202411081344/tools/bin/../lib/gcc/arm-none-eabi/13.3.1/../../../../arm-none-eabi/lib/thumb/v7e-m+dp/hard\libc_nano.a(libc_a-memset.o)
                0x08009924                memset
 .text.__libc_init_array
                0x08009934       0x48 C:/ST/STM32CubeIDE_1.19.0/STM32CubeIDE/plugins/com.st.stm32cube.ide.mcu.externaltools.gnu-tools-for-stm32.13.3.rel1.win32_1.0.0.202411081344/tools/bin/../lib/gcc/arm-none-eabi/13.3.1/../../../../arm-none-eabi/lib/thumb/v7e-m+dp/hard\libc_nano.a(libc_a-init.o)
                0x08009934                __libc_init_array
 .text.memcpy   0x0800997c       0x1c C:/ST/STM32CubeIDE_1.19.0/STM32CubeIDE/plugins/com.st.stm32cube.ide.mcu.externaltools.gnu-tools-for-stm32.13.3.rel1.win32_1.0.0.202411081344/tools/bin/../lib/gcc/arm-none-eabi/13.3.1/../../../../arm-none-eabi/lib/thumb/v7e-m+dp/hard\libc_nano.a(libc_a-memcpy-stub.o)
                0x0800997c                memcpy
 *(.glue_7)
 .glue_7        0x08009998        0x0 linker stubs
 *(.glue_7t)
 .glue_7t       0x08009998        0x0 linker stubs
 *(.eh_frame)
 .eh_frame      0x08009998        0x0 C:/ST/STM32CubeIDE_1.19.0/STM32CubeIDE/plugins/com.st.stm32cube.ide.mcu.externaltools.gnu-tools-for-stm32.13.3.rel1.win32_1.0.0.202411081344/tools/bin/../lib/gcc/arm-none-eabi/13.3.1/thumb/v7e-m+dp/hard/crtbegin.o
 *(.init)
 .init          0x08009998        0x4 C:/ST/STM32CubeIDE_1.19.0/STM32CubeIDE/plugins/com.st.stm32cube.ide.mcu.externaltools.gnu-tools-for-stm32.13.3.rel1.win32_1.0.0.202411081344/tools/bin/../lib/gcc/arm-none-eabi/13.3.1/thumb/v7e-m+dp/hard/crti.o
                0x08009998                _init
 .init          0x0800999c        0x8 C:/ST/STM32CubeIDE_1.19.0/STM32CubeIDE/plugins/com.st.stm32cube.ide.mcu.externaltools.gnu-tools-for-stm32.13.3.rel1.win32_1.0.0.202411081344/tools/bin/../lib/gcc/arm-none-eabi/13.3.1/thumb/v7e-m+dp/hard/crtn.o
 *(.fini)
 .fini          0x080099a4        0x4 C:/ST/STM32CubeIDE_1.19.0/STM32CubeIDE/plugins/com.st.stm32cube.ide.mcu.externaltools.gnu-tools-for-stm32.13.3.rel1.win32_1.0.0.202411081344/tools/bin/../lib/gcc/arm-none-eabi/13.3.1/thumb/v7e-m+dp/hard/crti.o
                0x080099a4                _fini
 .fini          0x080099a8        0x8 C:/ST/STM32CubeIDE_1.19.0/STM32CubeIDE/plugins/com.st.stm32cube.ide.mcu.externaltools.gnu-tools-for-stm32.13.3.rel1.win32_1.0.0.202411081344/tools/bin/../lib/gcc/arm-none-eabi/13.3.1/thumb/v7e-m+dp/hard/crtn.o
                0x080099b0                        . = ALIGN (0x4)
                0x080099b0                        _etext = .

.vfp11_veneer   0x080099b0        0x0
 .vfp11_veneer  0x080099b0        0x0 linker stubs

.v4_bx          0x080099b0        0x0
 .v4_bx         0x080099b0        0x0 linker stubs

.iplt           0x080099b0        0x0
 .iplt          0x080099b0        0x0 C:/ST/STM32CubeIDE_1.19.0/STM32CubeIDE/plugins/com.st.stm32cube.ide.mcu.externaltools.gnu-tools-for-stm32.13.3.rel1.win32_1.0.0.202411081344/tools/bin/../lib/gcc/arm-none-eabi/13.3.1/thumb/v7e-m+dp/hard/crtbegin.o

.rodata         0x080099b0       0x74
                0x080099b0                        . = ALIGN (0x4)
 *(.rodata)
 .rodata        0x080099b0       0x4c ./Drivers/STM32H7xx_HAL_Driver/Src/stm32h7xx_hal_fdcan.o
 *(.rodata*)
 .rodata.D1CorePrescTable
                0x080099fc       0x10 ./Core/Src/system_stm32h7xx.o
                0x080099fc                D1CorePrescTable
 .rodata.flagBitshiftOffset.0
                0x08009a0c        0x8 ./Drivers/STM32H7xx_HAL_Driver/Src/stm32h7xx_hal_dma.o
 .rodata.DLCtoBytes
                0x08009a14       0x10 ./Drivers/STM32H7xx_HAL_Driver/Src/stm32h7xx_hal_fdcan.o
                0x08009a24                        . = ALIGN (0x4)

.ARM.extab
 *(.ARM.extab* .gnu.linkonce.armextab.*)

.ARM            0x08009a24        0x0
                0x08009a24                        __exidx_start = .
 *(.ARM.exidx*)
                0x08009a24                        __exidx_end = .

.preinit_array  0x08009a24        0x0
                0x08009a24                        PROVIDE (__preinit_array_start = .)
 *(.preinit_array*)
                0x08009a24                        PROVIDE (__preinit_array_end = .)

.init_array     0x08009a24        0x4
                0x08009a24                        PROVIDE (__init_array_start = .)
 *(SORT_BY_NAME(.init_array.*))
 *(.init_array*)
 .init_array    0x08009a24        0x4 C:/ST/STM32CubeIDE_1.19.0/STM32CubeIDE/plugins/com.st.stm32cube.ide.mcu.externaltools.gnu-tools-for-stm32.13.3.rel1.win32_1.0.0.202411081344/tools/bin/../lib/gcc/arm-none-eabi/13.3.1/thumb/v7e-m+dp/hard/crtbegin.o
                0x08009a28                        PROVIDE (__init_array_end = .)

.fini_array     0x08009a28        0x4
                [!provide]                        PROVIDE (__fini_array_start = .)
 *(SORT_BY_NAME(.fini_array.*))
 *(.fini_array*)
 .fini_array    0x08009a28        0x4 C:/ST/STM32CubeIDE_1.19.0/STM32CubeIDE/plugins/com.st.stm32cube.ide.mcu.externaltools.gnu-tools-for-stm32.13.3.rel1.win32_1.0.0.202411081344/tools/bin/../lib/gcc/arm-none-eabi/13.3.1/thumb/v7e-m+dp/hard/crtbegin.o
                [!provide]                        PROVIDE (__fini_array_end = .)
                0x08009a2c                        _sidata = LOADADDR (.data)

.rel.dyn        0x08009a2c        0x0
 .rel.iplt      0x08009a2c        0x0 C:/ST/STM32CubeIDE_1.19.0/STM32CubeIDE/plugins/com.st.stm32cube.ide.mcu.externaltools.gnu-tools-for-stm32.13.3.rel1.win32_1.0.0.202411081344/tools/bin/../lib/gcc/arm-none-eabi/13.3.1/thumb/v7e-m+dp/hard/crtbegin.o

.data           0x24000000       0x28 load address 0x08009a2c
                0x24000000                        . = ALIGN (0x4)
                0x24000000                        _sdata = .
 *(.data)
 *(.data*)
 .data.RxData1  0x24000000        0x8 ./Core/Src/main.o
                0x24000000                RxData1
 .data.TxData2  0x24000008        0x8 ./Core/Src/main.o
                0x24000008                TxData2
 .data.RxData2  0x24000010        0x8 ./Core/Src/main.o
                0x24000010                RxData2
 .data.SystemCoreClock
                0x24000018        0x4 ./Core/Src/system_stm32h7xx.o
                0x24000018                SystemCoreClock
 .data.SystemD2Clock
                0x2400001c        0x4 ./Core/Src/system_stm32h7xx.o
                0x2400001c                SystemD2Clock
 .data.uwTickPrio
                0x24000020        0x4 ./Drivers/STM32H7xx_HAL_Driver/Src/stm32h7xx_hal.o
                0x24000020                uwTickPrio
 .data.uwTickFreq
                0x24000024        0x1 ./Drivers/STM32H7xx_HAL_Driver/Src/stm32h7xx_hal.o
                0x24000024                uwTickFreq
 *(.RamFunc)
 *(.RamFunc*)
                0x24000028                        . = ALIGN (0x4)
 *fill*         0x24000025        0x3 
                0x24000028                        _edata = .

.igot.plt       0x24000028        0x0 load address 0x08009a54
 .igot.plt      0x24000028        0x0 C:/ST/STM32CubeIDE_1.19.0/STM32CubeIDE/plugins/com.st.stm32cube.ide.mcu.externaltools.gnu-tools-for-stm32.13.3.rel1.win32_1.0.0.202411081344/tools/bin/../lib/gcc/arm-none-eabi/13.3.1/thumb/v7e-m+dp/hard/crtbegin.o
                0x24000028                        . = ALIGN (0x4)

.bss            0x24000028      0x32c load address 0x08009a54
                0x24000028                        _sbss = .
                0x24000028                        __bss_start__ = _sbss
 *(.bss)
 .bss           0x24000028       0x1c C:/ST/STM32CubeIDE_1.19.0/STM32CubeIDE/plugins/com.st.stm32cube.ide.mcu.externaltools.gnu-tools-for-stm32.13.3.rel1.win32_1.0.0.202411081344/tools/bin/../lib/gcc/arm-none-eabi/13.3.1/thumb/v7e-m+dp/hard/crtbegin.o
 *(.bss*)
 .bss.hadc3     0x24000044       0x70 ./Core/Src/adc.o
                0x24000044                hadc3
 .bss.hdma_adc3
                0x240000b4       0x78 ./Core/Src/adc.o
                0x240000b4                hdma_adc3
 .bss.hfdcan1   0x2400012c       0xa0 ./Core/Src/fdcan.o
                0x2400012c                hfdcan1
 .bss.hfdcan2   0x240001cc       0xa0 ./Core/Src/fdcan.o
                0x240001cc                hfdcan2
 .bss.HAL_RCC_FDCAN_CLK_ENABLED
                0x2400026c        0x4 ./Core/Src/fdcan.o
 .bss.ADC_VAL   0x24000270        0x6 ./Core/Src/main.o
                0x24000270                ADC_VAL
 *fill*         0x24000276        0x2 
 .bss.voltage_values
                0x24000278        0xc ./Core/Src/main.o
                0x24000278                voltage_values
 .bss.debug1_cb
                0x24000284        0x4 ./Core/Src/main.o
                0x24000284                debug1_cb
 .bss.debug2_cb
                0x24000288        0x4 ./Core/Src/main.o
                0x24000288                debug2_cb
 .bss.TxHeader1
                0x2400028c       0x24 ./Core/Src/main.o
                0x2400028c                TxHeader1
 .bss.RxHeader1
                0x240002b0       0x28 ./Core/Src/main.o
                0x240002b0                RxHeader1
 .bss.TxHeader2
                0x240002d8       0x24 ./Core/Src/main.o
                0x240002d8                TxHeader2
 .bss.RxHeader2
                0x240002fc       0x28 ./Core/Src/main.o
                0x240002fc                RxHeader2
 .bss.fdcan_rx_count
                0x24000324        0x4 ./Core/Src/main.o
                0x24000324                fdcan_rx_count
 .bss.fdcan_last_rx_id
                0x24000328        0x4 ./Core/Src/main.o
                0x24000328                fdcan_last_rx_id
 .bss.fdcan_last_rx_data
                0x2400032c        0x8 ./Core/Src/main.o
                0x2400032c                fdcan_last_rx_data
 .bss.fdcan_rx_error_count
                0x24000334        0x4 ./Core/Src/main.o
                0x24000334                fdcan_rx_error_count
 .bss.fdcan_tx_count
                0x24000338        0x4 ./Core/Src/main.o
                0x24000338                fdcan_tx_count
 .bss.fdcan_psr_register
                0x2400033c        0x4 ./Core/Src/main.o
                0x2400033c                fdcan_psr_register
 .bss.fdcan_cccr_register
                0x24000340        0x4 ./Core/Src/main.o
                0x24000340                fdcan_cccr_register
 .bss.fdcan_ecr_register
                0x24000344        0x4 ./Core/Src/main.o
                0x24000344                fdcan_ecr_register
 .bss.fdcan_txfqs_register
                0x24000348        0x4 ./Core/Src/main.o
                0x24000348                fdcan_txfqs_register
 .bss.fdcan1_irq_count
                0x2400034c        0x4 ./Core/Src/stm32h7xx_it.o
                0x2400034c                fdcan1_irq_count
 .bss.uwTick    0x24000350        0x4 ./Drivers/STM32H7xx_HAL_Driver/Src/stm32h7xx_hal.o
                0x24000350                uwTick
 *(COMMON)
                0x24000354                        . = ALIGN (0x4)
                0x24000354                        _ebss = .
                0x24000354                        __bss_end__ = _ebss

._user_heap_stack
                0x24000354      0x604 load address 0x08009a54
                0x24000358                        . = ALIGN (0x8)
 *fill*         0x24000354        0x4 
                [!provide]                        PROVIDE (end = .)
                0x24000358                        PROVIDE (_end = .)
                0x24000558                        . = (. + _Min_Heap_Size)
 *fill*         0x24000358      0x200 
                0x24000958                        . = (. + _Min_Stack_Size)
 *fill*         0x24000558      0x400 
                0x24000958                        . = ALIGN (0x8)

/DISCARD/
 libc.a(*)
 libm.a(*)
 libgcc.a(*)

.ARM.attributes
                0x00000000       0x2e
 *(.ARM.attributes)
 .ARM.attributes
                0x00000000       0x20 C:/ST/STM32CubeIDE_1.19.0/STM32CubeIDE/plugins/com.st.stm32cube.ide.mcu.externaltools.gnu-tools-for-stm32.13.3.rel1.win32_1.0.0.202411081344/tools/bin/../lib/gcc/arm-none-eabi/13.3.1/thumb/v7e-m+dp/hard/crti.o
 .ARM.attributes
                0x00000020       0x32 C:/ST/STM32CubeIDE_1.19.0/STM32CubeIDE/plugins/com.st.stm32cube.ide.mcu.externaltools.gnu-tools-for-stm32.13.3.rel1.win32_1.0.0.202411081344/tools/bin/../lib/gcc/arm-none-eabi/13.3.1/thumb/v7e-m+dp/hard/crtbegin.o
 .ARM.attributes
                0x00000052       0x32 ./Core/Src/adc.o
 .ARM.attributes
                0x00000084       0x32 ./Core/Src/dma.o
 .ARM.attributes
                0x000000b6       0x32 ./Core/Src/fdcan.o
 .ARM.attributes
                0x000000e8       0x32 ./Core/Src/gpio.o
 .ARM.attributes
                0x0000011a       0x32 ./Core/Src/main.o
 .ARM.attributes
                0x0000014c       0x32 ./Core/Src/stm32h7xx_hal_msp.o
 .ARM.attributes
                0x0000017e       0x32 ./Core/Src/stm32h7xx_it.o
 .ARM.attributes
                0x000001b0       0x32 ./Core/Src/system_stm32h7xx.o
 .ARM.attributes
                0x000001e2       0x21 ./Core/Startup/startup_stm32h723zgtx.o
 .ARM.attributes
                0x00000203       0x32 ./Drivers/STM32H7xx_HAL_Driver/Src/stm32h7xx_hal.o
 .ARM.attributes
                0x00000235       0x32 ./Drivers/STM32H7xx_HAL_Driver/Src/stm32h7xx_hal_adc.o
 .ARM.attributes
                0x00000267       0x32 ./Drivers/STM32H7xx_HAL_Driver/Src/stm32h7xx_hal_adc_ex.o
 .ARM.attributes
                0x00000299       0x32 ./Drivers/STM32H7xx_HAL_Driver/Src/stm32h7xx_hal_cortex.o
 .ARM.attributes
                0x000002cb       0x32 ./Drivers/STM32H7xx_HAL_Driver/Src/stm32h7xx_hal_dma.o
 .ARM.attributes
                0x000002fd       0x32 ./Drivers/STM32H7xx_HAL_Driver/Src/stm32h7xx_hal_fdcan.o
 .ARM.attributes
                0x0000032f       0x32 ./Drivers/STM32H7xx_HAL_Driver/Src/stm32h7xx_hal_gpio.o
 .ARM.attributes
                0x00000361       0x32 ./Drivers/STM32H7xx_HAL_Driver/Src/stm32h7xx_hal_pwr_ex.o
 .ARM.attributes
                0x00000393       0x32 ./Drivers/STM32H7xx_HAL_Driver/Src/stm32h7xx_hal_rcc.o
 .ARM.attributes
                0x000003c5       0x32 ./Drivers/STM32H7xx_HAL_Driver/Src/stm32h7xx_hal_rcc_ex.o
 .ARM.attributes
                0x000003f7       0x32 C:/ST/STM32CubeIDE_1.19.0/STM32CubeIDE/plugins/com.st.stm32cube.ide.mcu.externaltools.gnu-tools-for-stm32.13.3.rel1.win32_1.0.0.202411081344/tools/bin/../lib/gcc/arm-none-eabi/13.3.1/../../../../arm-none-eabi/lib/thumb/v7e-m+dp/hard\libc_nano.a(libc_a-memset.o)
 .ARM.attributes
                0x00000429       0x32 C:/ST/STM32CubeIDE_1.19.0/STM32CubeIDE/plugins/com.st.stm32cube.ide.mcu.externaltools.gnu-tools-for-stm32.13.3.rel1.win32_1.0.0.202411081344/tools/bin/../lib/gcc/arm-none-eabi/13.3.1/../../../../arm-none-eabi/lib/thumb/v7e-m+dp/hard\libc_nano.a(libc_a-init.o)
 .ARM.attributes
                0x0000045b       0x32 C:/ST/STM32CubeIDE_1.19.0/STM32CubeIDE/plugins/com.st.stm32cube.ide.mcu.externaltools.gnu-tools-for-stm32.13.3.rel1.win32_1.0.0.202411081344/tools/bin/../lib/gcc/arm-none-eabi/13.3.1/../../../../arm-none-eabi/lib/thumb/v7e-m+dp/hard\libc_nano.a(libc_a-memcpy-stub.o)
 .ARM.attributes
                0x0000048d       0x20 C:/ST/STM32CubeIDE_1.19.0/STM32CubeIDE/plugins/com.st.stm32cube.ide.mcu.externaltools.gnu-tools-for-stm32.13.3.rel1.win32_1.0.0.202411081344/tools/bin/../lib/gcc/arm-none-eabi/13.3.1/thumb/v7e-m+dp/hard/crtn.o
OUTPUT(mk11-vcu.elf elf32-littlearm)
LOAD linker stubs
LOAD C:/ST/STM32CubeIDE_1.19.0/STM32CubeIDE/plugins/com.st.stm32cube.ide.mcu.externaltools.gnu-tools-for-stm32.13.3.rel1.win32_1.0.0.202411081344/tools/bin/../lib/gcc/arm-none-eabi/13.3.1/../../../../arm-none-eabi/lib/thumb/v7e-m+dp/hard\libc.a
LOAD C:/ST/STM32CubeIDE_1.19.0/STM32CubeIDE/plugins/com.st.stm32cube.ide.mcu.externaltools.gnu-tools-for-stm32.13.3.rel1.win32_1.0.0.202411081344/tools/bin/../lib/gcc/arm-none-eabi/13.3.1/../../../../arm-none-eabi/lib/thumb/v7e-m+dp/hard\libm.a
LOAD C:/ST/STM32CubeIDE_1.19.0/STM32CubeIDE/plugins/com.st.stm32cube.ide.mcu.externaltools.gnu-tools-for-stm32.13.3.rel1.win32_1.0.0.202411081344/tools/bin/../lib/gcc/arm-none-eabi/13.3.1/thumb/v7e-m+dp/hard\libgcc.a

.debug_info     0x00000000    0x1542c
 .debug_info    0x00000000     0x16b7 ./Core/Src/adc.o
 .debug_info    0x000016b7      0x817 ./Core/Src/dma.o
 .debug_info    0x00001ece     0x1577 ./Core/Src/fdcan.o
 .debug_info    0x00003445      0x60c ./Core/Src/gpio.o
 .debug_info    0x00003a51     0x1a3f ./Core/Src/main.o
 .debug_info    0x00005490      0x464 ./Core/Src/stm32h7xx_hal_msp.o
 .debug_info    0x000058f4     0x10db ./Core/Src/stm32h7xx_it.o
 .debug_info    0x000069cf      0xbf0 ./Core/Src/system_stm32h7xx.o
 .debug_info    0x000075bf       0x30 ./Core/Startup/startup_stm32h723zgtx.o
 .debug_info    0x000075ef     0x1698 ./Drivers/STM32H7xx_HAL_Driver/Src/stm32h7xx_hal.o
 .debug_info    0x00008c87     0x2320 ./Drivers/STM32H7xx_HAL_Driver/Src/stm32h7xx_hal_adc.o
 .debug_info    0x0000afa7     0x22fa ./Drivers/STM32H7xx_HAL_Driver/Src/stm32h7xx_hal_adc_ex.o
 .debug_info    0x0000d2a1     0x10a5 ./Drivers/STM32H7xx_HAL_Driver/Src/stm32h7xx_hal_cortex.o
 .debug_info    0x0000e346      0xb71 ./Drivers/STM32H7xx_HAL_Driver/Src/stm32h7xx_hal_dma.o
 .debug_info    0x0000eeb7     0x2baf ./Drivers/STM32H7xx_HAL_Driver/Src/stm32h7xx_hal_fdcan.o
 .debug_info    0x00011a66      0xc6b ./Drivers/STM32H7xx_HAL_Driver/Src/stm32h7xx_hal_gpio.o
 .debug_info    0x000126d1      0xdce ./Drivers/STM32H7xx_HAL_Driver/Src/stm32h7xx_hal_pwr_ex.o
 .debug_info    0x0001349f      0xd82 ./Drivers/STM32H7xx_HAL_Driver/Src/stm32h7xx_hal_rcc.o
 .debug_info    0x00014221     0x120b ./Drivers/STM32H7xx_HAL_Driver/Src/stm32h7xx_hal_rcc_ex.o

.debug_abbrev   0x00000000     0x287d
 .debug_abbrev  0x00000000      0x23f ./Core/Src/adc.o
 .debug_abbrev  0x0000023f      0x11e ./Core/Src/dma.o
 .debug_abbrev  0x0000035d      0x215 ./Core/Src/fdcan.o
 .debug_abbrev  0x00000572      0x158 ./Core/Src/gpio.o
 .debug_abbrev  0x000006ca      0x2f8 ./Core/Src/main.o
 .debug_abbrev  0x000009c2       0xdb ./Core/Src/stm32h7xx_hal_msp.o
 .debug_abbrev  0x00000a9d      0x1c2 ./Core/Src/stm32h7xx_it.o
 .debug_abbrev  0x00000c5f      0x153 ./Core/Src/system_stm32h7xx.o
 .debug_abbrev  0x00000db2       0x24 ./Core/Startup/startup_stm32h723zgtx.o
 .debug_abbrev  0x00000dd6      0x29e ./Drivers/STM32H7xx_HAL_Driver/Src/stm32h7xx_hal.o
 .debug_abbrev  0x00001074      0x307 ./Drivers/STM32H7xx_HAL_Driver/Src/stm32h7xx_hal_adc.o
 .debug_abbrev  0x0000137b      0x345 ./Drivers/STM32H7xx_HAL_Driver/Src/stm32h7xx_hal_adc_ex.o
 .debug_abbrev  0x000016c0      0x339 ./Drivers/STM32H7xx_HAL_Driver/Src/stm32h7xx_hal_cortex.o
 .debug_abbrev  0x000019f9      0x248 ./Drivers/STM32H7xx_HAL_Driver/Src/stm32h7xx_hal_dma.o
 .debug_abbrev  0x00001c41      0x288 ./Drivers/STM32H7xx_HAL_Driver/Src/stm32h7xx_hal_fdcan.o
 .debug_abbrev  0x00001ec9      0x205 ./Drivers/STM32H7xx_HAL_Driver/Src/stm32h7xx_hal_gpio.o
 .debug_abbrev  0x000020ce      0x295 ./Drivers/STM32H7xx_HAL_Driver/Src/stm32h7xx_hal_pwr_ex.o
 .debug_abbrev  0x00002363      0x2b1 ./Drivers/STM32H7xx_HAL_Driver/Src/stm32h7xx_hal_rcc.o
 .debug_abbrev  0x00002614      0x269 ./Drivers/STM32H7xx_HAL_Driver/Src/stm32h7xx_hal_rcc_ex.o

.debug_aranges  0x00000000     0x1040
 .debug_aranges
                0x00000000       0x30 ./Core/Src/adc.o
 .debug_aranges
                0x00000030       0x20 ./Core/Src/dma.o
 .debug_aranges
                0x00000050       0x38 ./Core/Src/fdcan.o
 .debug_aranges
                0x00000088       0x20 ./Core/Src/gpio.o
 .debug_aranges
                0x000000a8       0x50 ./Core/Src/main.o
 .debug_aranges
                0x000000f8       0x20 ./Core/Src/stm32h7xx_hal_msp.o
 .debug_aranges
                0x00000118       0x80 ./Core/Src/stm32h7xx_it.o
 .debug_aranges
                0x00000198       0x30 ./Core/Src/system_stm32h7xx.o
 .debug_aranges
                0x000001c8       0x28 ./Core/Startup/startup_stm32h723zgtx.o
 .debug_aranges
                0x000001f0      0x1c8 ./Drivers/STM32H7xx_HAL_Driver/Src/stm32h7xx_hal.o
 .debug_aranges
                0x000003b8      0x268 ./Drivers/STM32H7xx_HAL_Driver/Src/stm32h7xx_hal_adc.o
 .debug_aranges
                0x00000620      0x1f8 ./Drivers/STM32H7xx_HAL_Driver/Src/stm32h7xx_hal_adc_ex.o
 .debug_aranges
                0x00000818      0x130 ./Drivers/STM32H7xx_HAL_Driver/Src/stm32h7xx_hal_cortex.o
 .debug_aranges
                0x00000948       0xa0 ./Drivers/STM32H7xx_HAL_Driver/Src/stm32h7xx_hal_dma.o
 .debug_aranges
                0x000009e8      0x338 ./Drivers/STM32H7xx_HAL_Driver/Src/stm32h7xx_hal_fdcan.o
 .debug_aranges
                0x00000d20       0x58 ./Drivers/STM32H7xx_HAL_Driver/Src/stm32h7xx_hal_gpio.o
 .debug_aranges
                0x00000d78      0x148 ./Drivers/STM32H7xx_HAL_Driver/Src/stm32h7xx_hal_pwr_ex.o
 .debug_aranges
                0x00000ec0       0x88 ./Drivers/STM32H7xx_HAL_Driver/Src/stm32h7xx_hal_rcc.o
 .debug_aranges
                0x00000f48       0xf8 ./Drivers/STM32H7xx_HAL_Driver/Src/stm32h7xx_hal_rcc_ex.o

.debug_rnglists
                0x00000000      0xc56
 .debug_rnglists
                0x00000000       0x21 ./Core/Src/adc.o
 .debug_rnglists
                0x00000021       0x13 ./Core/Src/dma.o
 .debug_rnglists
                0x00000034       0x29 ./Core/Src/fdcan.o
 .debug_rnglists
                0x0000005d       0x14 ./Core/Src/gpio.o
 .debug_rnglists
                0x00000071       0x3c ./Core/Src/main.o
 .debug_rnglists
                0x000000ad       0x13 ./Core/Src/stm32h7xx_hal_msp.o
 .debug_rnglists
                0x000000c0       0x5b ./Core/Src/stm32h7xx_it.o
 .debug_rnglists
                0x0000011b       0x21 ./Core/Src/system_stm32h7xx.o
 .debug_rnglists
                0x0000013c       0x19 ./Core/Startup/startup_stm32h723zgtx.o
 .debug_rnglists
                0x00000155      0x155 ./Drivers/STM32H7xx_HAL_Driver/Src/stm32h7xx_hal.o
 .debug_rnglists
                0x000002aa      0x1db ./Drivers/STM32H7xx_HAL_Driver/Src/stm32h7xx_hal_adc.o
 .debug_rnglists
                0x00000485      0x188 ./Drivers/STM32H7xx_HAL_Driver/Src/stm32h7xx_hal_adc_ex.o
 .debug_rnglists
                0x0000060d       0xe0 ./Drivers/STM32H7xx_HAL_Driver/Src/stm32h7xx_hal_cortex.o
 .debug_rnglists
                0x000006ed       0x82 ./Drivers/STM32H7xx_HAL_Driver/Src/stm32h7xx_hal_dma.o
 .debug_rnglists
                0x0000076f      0x28b ./Drivers/STM32H7xx_HAL_Driver/Src/stm32h7xx_hal_fdcan.o
 .debug_rnglists
                0x000009fa       0x3f ./Drivers/STM32H7xx_HAL_Driver/Src/stm32h7xx_hal_gpio.o
 .debug_rnglists
                0x00000a39       0xf5 ./Drivers/STM32H7xx_HAL_Driver/Src/stm32h7xx_hal_pwr_ex.o
 .debug_rnglists
                0x00000b2e       0x68 ./Drivers/STM32H7xx_HAL_Driver/Src/stm32h7xx_hal_rcc.o
 .debug_rnglists
                0x00000b96       0xc0 ./Drivers/STM32H7xx_HAL_Driver/Src/stm32h7xx_hal_rcc_ex.o

.debug_macro    0x00000000    0x34d59
 .debug_macro   0x00000000      0x2c1 ./Core/Src/adc.o
 .debug_macro   0x000002c1      0xaf6 ./Core/Src/adc.o
 .debug_macro   0x00000db7      0x238 ./Core/Src/adc.o
 .debug_macro   0x00000fef       0x2e ./Core/Src/adc.o
 .debug_macro   0x0000101d       0x3b ./Core/Src/adc.o
 .debug_macro   0x00001058       0x22 ./Core/Src/adc.o
 .debug_macro   0x0000107a       0x8e ./Core/Src/adc.o
 .debug_macro   0x00001108       0x51 ./Core/Src/adc.o
 .debug_macro   0x00001159      0x103 ./Core/Src/adc.o
 .debug_macro   0x0000125c       0x6a ./Core/Src/adc.o
 .debug_macro   0x000012c6      0x1df ./Core/Src/adc.o
 .debug_macro   0x000014a5       0x1c ./Core/Src/adc.o
 .debug_macro   0x000014c1       0x22 ./Core/Src/adc.o
 .debug_macro   0x000014e3       0xfb ./Core/Src/adc.o
 .debug_macro   0x000015de     0x1305 ./Core/Src/adc.o
 .debug_macro   0x000028e3      0x11f ./Core/Src/adc.o
 .debug_macro   0x00002a02       0x27 ./Core/Src/adc.o
 .debug_macro   0x00002a29    0x216c1 ./Core/Src/adc.o
 .debug_macro   0x000240ea       0x6d ./Core/Src/adc.o
 .debug_macro   0x00024157     0x3d64 ./Core/Src/adc.o
 .debug_macro   0x00027ebb      0x190 ./Core/Src/adc.o
 .debug_macro   0x0002804b       0x61 ./Core/Src/adc.o
 .debug_macro   0x000280ac       0x29 ./Core/Src/adc.o
 .debug_macro   0x000280d5       0x43 ./Core/Src/adc.o
 .debug_macro   0x00028118       0x34 ./Core/Src/adc.o
 .debug_macro   0x0002814c      0x370 ./Core/Src/adc.o
 .debug_macro   0x000284bc       0x16 ./Core/Src/adc.o
 .debug_macro   0x000284d2       0x4a ./Core/Src/adc.o
 .debug_macro   0x0002851c       0x34 ./Core/Src/adc.o
 .debug_macro   0x00028550       0x10 ./Core/Src/adc.o
 .debug_macro   0x00028560       0x58 ./Core/Src/adc.o
 .debug_macro   0x000285b8       0x8e ./Core/Src/adc.o
 .debug_macro   0x00028646       0x1c ./Core/Src/adc.o
 .debug_macro   0x00028662      0x185 ./Core/Src/adc.o
 .debug_macro   0x000287e7      0x19b ./Core/Src/adc.o
 .debug_macro   0x00028982       0x5d ./Core/Src/adc.o
 .debug_macro   0x000289df     0x2462 ./Core/Src/adc.o
 .debug_macro   0x0002ae41     0x1079 ./Core/Src/adc.o
 .debug_macro   0x0002beba      0x154 ./Core/Src/adc.o
 .debug_macro   0x0002c00e      0x114 ./Core/Src/adc.o
 .debug_macro   0x0002c122      0x3fc ./Core/Src/adc.o
 .debug_macro   0x0002c51e       0xac ./Core/Src/adc.o
 .debug_macro   0x0002c5ca      0x788 ./Core/Src/adc.o
 .debug_macro   0x0002cd52      0x228 ./Core/Src/adc.o
 .debug_macro   0x0002cf7a       0x66 ./Core/Src/adc.o
 .debug_macro   0x0002cfe0      0x3a6 ./Core/Src/adc.o
 .debug_macro   0x0002d386      0x3f9 ./Core/Src/adc.o
 .debug_macro   0x0002d77f      0x275 ./Core/Src/adc.o
 .debug_macro   0x0002d9f4     0x1178 ./Core/Src/adc.o
 .debug_macro   0x0002eb6c      0x7c8 ./Core/Src/adc.o
 .debug_macro   0x0002f334      0x3bb ./Core/Src/adc.o
 .debug_macro   0x0002f6ef      0xe42 ./Core/Src/adc.o
 .debug_macro   0x00030531      0x3ca ./Core/Src/adc.o
 .debug_macro   0x000308fb      0x45c ./Core/Src/adc.o
 .debug_macro   0x00030d57       0x3c ./Core/Src/adc.o
 .debug_macro   0x00030d93       0x4a ./Core/Src/adc.o
 .debug_macro   0x00030ddd      0x22c ./Core/Src/adc.o
 .debug_macro   0x00031009       0x67 ./Core/Src/adc.o
 .debug_macro   0x00031070       0xa5 ./Core/Src/adc.o
 .debug_macro   0x00031115      0x1c4 ./Core/Src/adc.o
 .debug_macro   0x000312d9      0x22a ./Core/Src/adc.o
 .debug_macro   0x00031503       0x35 ./Core/Src/adc.o
 .debug_macro   0x00031538      0x5f2 ./Core/Src/adc.o
 .debug_macro   0x00031b2a      0x2c1 ./Core/Src/dma.o
 .debug_macro   0x00031deb      0x2c1 ./Core/Src/fdcan.o
 .debug_macro   0x000320ac      0x2c1 ./Core/Src/gpio.o
 .debug_macro   0x0003236d      0x329 ./Core/Src/main.o
 .debug_macro   0x00032696       0x1c ./Core/Src/main.o
 .debug_macro   0x000326b2       0x3c ./Core/Src/main.o
 .debug_macro   0x000326ee       0x10 ./Core/Src/main.o
 .debug_macro   0x000326fe       0x1c ./Core/Src/main.o
 .debug_macro   0x0003271a       0x16 ./Core/Src/main.o
 .debug_macro   0x00032730      0x146 ./Core/Src/main.o
 .debug_macro   0x00032876      0x2b7 ./Core/Src/stm32h7xx_hal_msp.o
 .debug_macro   0x00032b2d      0x2c1 ./Core/Src/stm32h7xx_it.o
 .debug_macro   0x00032dee      0x2ad ./Core/Src/system_stm32h7xx.o
 .debug_macro   0x0003309b      0x2d7 ./Drivers/STM32H7xx_HAL_Driver/Src/stm32h7xx_hal.o
 .debug_macro   0x00033372      0x2d8 ./Drivers/STM32H7xx_HAL_Driver/Src/stm32h7xx_hal_adc.o
 .debug_macro   0x0003364a      0x2b9 ./Drivers/STM32H7xx_HAL_Driver/Src/stm32h7xx_hal_adc_ex.o
 .debug_macro   0x00033903      0x2ad ./Drivers/STM32H7xx_HAL_Driver/Src/stm32h7xx_hal_cortex.o
 .debug_macro   0x00033bb0      0x301 ./Drivers/STM32H7xx_HAL_Driver/Src/stm32h7xx_hal_dma.o
 .debug_macro   0x00033eb1      0x372 ./Drivers/STM32H7xx_HAL_Driver/Src/stm32h7xx_hal_fdcan.o
 .debug_macro   0x00034223      0x2b4 ./Drivers/STM32H7xx_HAL_Driver/Src/stm32h7xx_hal_gpio.o
 .debug_macro   0x000344d7      0x2e6 ./Drivers/STM32H7xx_HAL_Driver/Src/stm32h7xx_hal_pwr_ex.o
 .debug_macro   0x000347bd      0x2d1 ./Drivers/STM32H7xx_HAL_Driver/Src/stm32h7xx_hal_rcc.o
 .debug_macro   0x00034a8e      0x2cb ./Drivers/STM32H7xx_HAL_Driver/Src/stm32h7xx_hal_rcc_ex.o

.debug_line     0x00000000    0x15893
 .debug_line    0x00000000      0x9fb ./Core/Src/adc.o
 .debug_line    0x000009fb      0x8d2 ./Core/Src/dma.o
 .debug_line    0x000012cd      0xa85 ./Core/Src/fdcan.o
 .debug_line    0x00001d52      0x8e3 ./Core/Src/gpio.o
 .debug_line    0x00002635      0xc1b ./Core/Src/main.o
 .debug_line    0x00003250      0x8d5 ./Core/Src/stm32h7xx_hal_msp.o
 .debug_line    0x00003b25      0x9e8 ./Core/Src/stm32h7xx_it.o
 .debug_line    0x0000450d      0xaca ./Core/Src/system_stm32h7xx.o
 .debug_line    0x00004fd7       0x7b ./Core/Startup/startup_stm32h723zgtx.o
 .debug_line    0x00005052      0xf3f ./Drivers/STM32H7xx_HAL_Driver/Src/stm32h7xx_hal.o
 .debug_line    0x00005f91     0x27d2 ./Drivers/STM32H7xx_HAL_Driver/Src/stm32h7xx_hal_adc.o
 .debug_line    0x00008763     0x2261 ./Drivers/STM32H7xx_HAL_Driver/Src/stm32h7xx_hal_adc_ex.o
 .debug_line    0x0000a9c4      0xe98 ./Drivers/STM32H7xx_HAL_Driver/Src/stm32h7xx_hal_cortex.o
 .debug_line    0x0000b85c     0x2832 ./Drivers/STM32H7xx_HAL_Driver/Src/stm32h7xx_hal_dma.o
 .debug_line    0x0000e08e     0x2939 ./Drivers/STM32H7xx_HAL_Driver/Src/stm32h7xx_hal_fdcan.o
 .debug_line    0x000109c7      0xd23 ./Drivers/STM32H7xx_HAL_Driver/Src/stm32h7xx_hal_gpio.o
 .debug_line    0x000116ea      0xf7d ./Drivers/STM32H7xx_HAL_Driver/Src/stm32h7xx_hal_pwr_ex.o
 .debug_line    0x00012667     0x14bc ./Drivers/STM32H7xx_HAL_Driver/Src/stm32h7xx_hal_rcc.o
 .debug_line    0x00013b23     0x1d70 ./Drivers/STM32H7xx_HAL_Driver/Src/stm32h7xx_hal_rcc_ex.o

.debug_str      0x00000000   0x15ae8f
 .debug_str     0x00000000   0x15ae8f ./Core/Src/adc.o
                             0x154e1c (size before relaxing)
 .debug_str     0x0015ae8f   0x154264 ./Core/Src/dma.o
 .debug_str     0x0015ae8f   0x154beb ./Core/Src/fdcan.o
 .debug_str     0x0015ae8f   0x153ae6 ./Core/Src/gpio.o
 .debug_str     0x0015ae8f   0x1550c7 ./Core/Src/main.o
 .debug_str     0x0015ae8f   0x153a57 ./Core/Src/stm32h7xx_hal_msp.o
 .debug_str     0x0015ae8f   0x154432 ./Core/Src/stm32h7xx_it.o
 .debug_str     0x0015ae8f   0x153d37 ./Core/Src/system_stm32h7xx.o
 .debug_str     0x0015ae8f       0x77 ./Core/Startup/startup_stm32h723zgtx.o
 .debug_str     0x0015ae8f   0x154d82 ./Drivers/STM32H7xx_HAL_Driver/Src/stm32h7xx_hal.o
 .debug_str     0x0015ae8f   0x154da7 ./Drivers/STM32H7xx_HAL_Driver/Src/stm32h7xx_hal_adc.o
 .debug_str     0x0015ae8f   0x154cc7 ./Drivers/STM32H7xx_HAL_Driver/Src/stm32h7xx_hal_adc_ex.o
 .debug_str     0x0015ae8f   0x15469c ./Drivers/STM32H7xx_HAL_Driver/Src/stm32h7xx_hal_cortex.o
 .debug_str     0x0015ae8f   0x1544ad ./Drivers/STM32H7xx_HAL_Driver/Src/stm32h7xx_hal_dma.o
 .debug_str     0x0015ae8f   0x155a78 ./Drivers/STM32H7xx_HAL_Driver/Src/stm32h7xx_hal_fdcan.o
 .debug_str     0x0015ae8f   0x153d43 ./Drivers/STM32H7xx_HAL_Driver/Src/stm32h7xx_hal_gpio.o
 .debug_str     0x0015ae8f   0x15414b ./Drivers/STM32H7xx_HAL_Driver/Src/stm32h7xx_hal_pwr_ex.o
 .debug_str     0x0015ae8f   0x1540c6 ./Drivers/STM32H7xx_HAL_Driver/Src/stm32h7xx_hal_rcc.o
 .debug_str     0x0015ae8f   0x1545de ./Drivers/STM32H7xx_HAL_Driver/Src/stm32h7xx_hal_rcc_ex.o

.comment        0x00000000       0x43
 .comment       0x00000000       0x43 ./Core/Src/adc.o
                                 0x44 (size before relaxing)
 .comment       0x00000043       0x44 ./Core/Src/dma.o
 .comment       0x00000043       0x44 ./Core/Src/fdcan.o
 .comment       0x00000043       0x44 ./Core/Src/gpio.o
 .comment       0x00000043       0x44 ./Core/Src/main.o
 .comment       0x00000043       0x44 ./Core/Src/stm32h7xx_hal_msp.o
 .comment       0x00000043       0x44 ./Core/Src/stm32h7xx_it.o
 .comment       0x00000043       0x44 ./Core/Src/system_stm32h7xx.o
 .comment       0x00000043       0x44 ./Drivers/STM32H7xx_HAL_Driver/Src/stm32h7xx_hal.o
 .comment       0x00000043       0x44 ./Drivers/STM32H7xx_HAL_Driver/Src/stm32h7xx_hal_adc.o
 .comment       0x00000043       0x44 ./Drivers/STM32H7xx_HAL_Driver/Src/stm32h7xx_hal_adc_ex.o
 .comment       0x00000043       0x44 ./Drivers/STM32H7xx_HAL_Driver/Src/stm32h7xx_hal_cortex.o
 .comment       0x00000043       0x44 ./Drivers/STM32H7xx_HAL_Driver/Src/stm32h7xx_hal_dma.o
 .comment       0x00000043       0x44 ./Drivers/STM32H7xx_HAL_Driver/Src/stm32h7xx_hal_fdcan.o
 .comment       0x00000043       0x44 ./Drivers/STM32H7xx_HAL_Driver/Src/stm32h7xx_hal_gpio.o
 .comment       0x00000043       0x44 ./Drivers/STM32H7xx_HAL_Driver/Src/stm32h7xx_hal_pwr_ex.o
 .comment       0x00000043       0x44 ./Drivers/STM32H7xx_HAL_Driver/Src/stm32h7xx_hal_rcc.o
 .comment       0x00000043       0x44 ./Drivers/STM32H7xx_HAL_Driver/Src/stm32h7xx_hal_rcc_ex.o

.debug_frame    0x00000000     0x4504
 .debug_frame   0x00000000       0x80 ./Core/Src/adc.o
 .debug_frame   0x00000080       0x34 ./Core/Src/dma.o
 .debug_frame   0x000000b4       0x94 ./Core/Src/fdcan.o
 .debug_frame   0x00000148       0x34 ./Core/Src/gpio.o
 .debug_frame   0x0000017c      0x108 ./Core/Src/main.o
 .debug_frame   0x00000284       0x38 ./Core/Src/stm32h7xx_hal_msp.o
 .debug_frame   0x000002bc      0x174 ./Core/Src/stm32h7xx_it.o
 .debug_frame   0x00000430       0x78 ./Core/Src/system_stm32h7xx.o
 .debug_frame   0x000004a8      0x760 ./Drivers/STM32H7xx_HAL_Driver/Src/stm32h7xx_hal.o
 .debug_frame   0x00000c08      0xb68 ./Drivers/STM32H7xx_HAL_Driver/Src/stm32h7xx_hal_adc.o
 .debug_frame   0x00001770      0x92c ./Drivers/STM32H7xx_HAL_Driver/Src/stm32h7xx_hal_adc_ex.o
 .debug_frame   0x0000209c      0x508 ./Drivers/STM32H7xx_HAL_Driver/Src/stm32h7xx_hal_cortex.o
 .debug_frame   0x000025a4      0x2b4 ./Drivers/STM32H7xx_HAL_Driver/Src/stm32h7xx_hal_dma.o
 .debug_frame   0x00002858      0xf9c ./Drivers/STM32H7xx_HAL_Driver/Src/stm32h7xx_hal_fdcan.o
 .debug_frame   0x000037f4      0x14c ./Drivers/STM32H7xx_HAL_Driver/Src/stm32h7xx_hal_gpio.o
 .debug_frame   0x00003940      0x540 ./Drivers/STM32H7xx_HAL_Driver/Src/stm32h7xx_hal_pwr_ex.o
 .debug_frame   0x00003e80      0x1fc ./Drivers/STM32H7xx_HAL_Driver/Src/stm32h7xx_hal_rcc.o
 .debug_frame   0x0000407c      0x414 ./Drivers/STM32H7xx_HAL_Driver/Src/stm32h7xx_hal_rcc_ex.o
 .debug_frame   0x00004490       0x20 C:/ST/STM32CubeIDE_1.19.0/STM32CubeIDE/plugins/com.st.stm32cube.ide.mcu.externaltools.gnu-tools-for-stm32.13.3.rel1.win32_1.0.0.202411081344/tools/bin/../lib/gcc/arm-none-eabi/13.3.1/../../../../arm-none-eabi/lib/thumb/v7e-m+dp/hard\libc_nano.a(libc_a-memset.o)
 .debug_frame   0x000044b0       0x2c C:/ST/STM32CubeIDE_1.19.0/STM32CubeIDE/plugins/com.st.stm32cube.ide.mcu.externaltools.gnu-tools-for-stm32.13.3.rel1.win32_1.0.0.202411081344/tools/bin/../lib/gcc/arm-none-eabi/13.3.1/../../../../arm-none-eabi/lib/thumb/v7e-m+dp/hard\libc_nano.a(libc_a-init.o)
 .debug_frame   0x000044dc       0x28 C:/ST/STM32CubeIDE_1.19.0/STM32CubeIDE/plugins/com.st.stm32cube.ide.mcu.externaltools.gnu-tools-for-stm32.13.3.rel1.win32_1.0.0.202411081344/tools/bin/../lib/gcc/arm-none-eabi/13.3.1/../../../../arm-none-eabi/lib/thumb/v7e-m+dp/hard\libc_nano.a(libc_a-memcpy-stub.o)

.debug_line_str
                0x00000000       0x5b
 .debug_line_str
                0x00000000       0x5b ./Core/Startup/startup_stm32h723zgtx.o
