Archive member included to satisfy reference by file (symbol)

/Applications/STM32CubeIDE.app/Contents/Eclipse/plugins/com.st.stm32cube.ide.mcu.externaltools.gnu-tools-for-stm32.13.3.rel1.macos64_1.0.0.202411102158/tools/bin/../lib/gcc/arm-none-eabi/13.3.1/../../../../arm-none-eabi/lib/thumb/v7e-m+dp/hard/libc_nano.a(libc_a-exit.o)
                              /Applications/STM32CubeIDE.app/Contents/Eclipse/plugins/com.st.stm32cube.ide.mcu.externaltools.gnu-tools-for-stm32.13.3.rel1.macos64_1.0.0.202411102158/tools/bin/../lib/gcc/arm-none-eabi/13.3.1/../../../../arm-none-eabi/lib/thumb/v7e-m+dp/hard/crt0.o (exit)
/Applications/STM32CubeIDE.app/Contents/Eclipse/plugins/com.st.stm32cube.ide.mcu.externaltools.gnu-tools-for-stm32.13.3.rel1.macos64_1.0.0.202411102158/tools/bin/../lib/gcc/arm-none-eabi/13.3.1/../../../../arm-none-eabi/lib/thumb/v7e-m+dp/hard/libc_nano.a(libc_a-findfp.o)
                              /Applications/STM32CubeIDE.app/Contents/Eclipse/plugins/com.st.stm32cube.ide.mcu.externaltools.gnu-tools-for-stm32.13.3.rel1.macos64_1.0.0.202411102158/tools/bin/../lib/gcc/arm-none-eabi/13.3.1/../../../../arm-none-eabi/lib/thumb/v7e-m+dp/hard/libc_nano.a(libc_a-exit.o) (__stdio_exit_handler)
/Applications/STM32CubeIDE.app/Contents/Eclipse/plugins/com.st.stm32cube.ide.mcu.externaltools.gnu-tools-for-stm32.13.3.rel1.macos64_1.0.0.202411102158/tools/bin/../lib/gcc/arm-none-eabi/13.3.1/../../../../arm-none-eabi/lib/thumb/v7e-m+dp/hard/libc_nano.a(libc_a-fwalk.o)
                              /Applications/STM32CubeIDE.app/Contents/Eclipse/plugins/com.st.stm32cube.ide.mcu.externaltools.gnu-tools-for-stm32.13.3.rel1.macos64_1.0.0.202411102158/tools/bin/../lib/gcc/arm-none-eabi/13.3.1/../../../../arm-none-eabi/lib/thumb/v7e-m+dp/hard/libc_nano.a(libc_a-findfp.o) (_fwalk_sglue)
/Applications/STM32CubeIDE.app/Contents/Eclipse/plugins/com.st.stm32cube.ide.mcu.externaltools.gnu-tools-for-stm32.13.3.rel1.macos64_1.0.0.202411102158/tools/bin/../lib/gcc/arm-none-eabi/13.3.1/../../../../arm-none-eabi/lib/thumb/v7e-m+dp/hard/libc_nano.a(libc_a-memset.o)
                              /Applications/STM32CubeIDE.app/Contents/Eclipse/plugins/com.st.stm32cube.ide.mcu.externaltools.gnu-tools-for-stm32.13.3.rel1.macos64_1.0.0.202411102158/tools/bin/../lib/gcc/arm-none-eabi/13.3.1/../../../../arm-none-eabi/lib/thumb/v7e-m+dp/hard/crt0.o (memset)
/Applications/STM32CubeIDE.app/Contents/Eclipse/plugins/com.st.stm32cube.ide.mcu.externaltools.gnu-tools-for-stm32.13.3.rel1.macos64_1.0.0.202411102158/tools/bin/../lib/gcc/arm-none-eabi/13.3.1/../../../../arm-none-eabi/lib/thumb/v7e-m+dp/hard/libc_nano.a(libc_a-errno.o)
                              ./Core/Src/syscalls.o (__errno)
/Applications/STM32CubeIDE.app/Contents/Eclipse/plugins/com.st.stm32cube.ide.mcu.externaltools.gnu-tools-for-stm32.13.3.rel1.macos64_1.0.0.202411102158/tools/bin/../lib/gcc/arm-none-eabi/13.3.1/../../../../arm-none-eabi/lib/thumb/v7e-m+dp/hard/libc_nano.a(libc_a-init.o)
                              /Applications/STM32CubeIDE.app/Contents/Eclipse/plugins/com.st.stm32cube.ide.mcu.externaltools.gnu-tools-for-stm32.13.3.rel1.macos64_1.0.0.202411102158/tools/bin/../lib/gcc/arm-none-eabi/13.3.1/../../../../arm-none-eabi/lib/thumb/v7e-m+dp/hard/crt0.o (__libc_init_array)
/Applications/STM32CubeIDE.app/Contents/Eclipse/plugins/com.st.stm32cube.ide.mcu.externaltools.gnu-tools-for-stm32.13.3.rel1.macos64_1.0.0.202411102158/tools/bin/../lib/gcc/arm-none-eabi/13.3.1/../../../../arm-none-eabi/lib/thumb/v7e-m+dp/hard/libc_nano.a(libc_a-lock.o)
                              /Applications/STM32CubeIDE.app/Contents/Eclipse/plugins/com.st.stm32cube.ide.mcu.externaltools.gnu-tools-for-stm32.13.3.rel1.macos64_1.0.0.202411102158/tools/bin/../lib/gcc/arm-none-eabi/13.3.1/../../../../arm-none-eabi/lib/thumb/v7e-m+dp/hard/libc_nano.a(libc_a-findfp.o) (__retarget_lock_init_recursive)
/Applications/STM32CubeIDE.app/Contents/Eclipse/plugins/com.st.stm32cube.ide.mcu.externaltools.gnu-tools-for-stm32.13.3.rel1.macos64_1.0.0.202411102158/tools/bin/../lib/gcc/arm-none-eabi/13.3.1/../../../../arm-none-eabi/lib/thumb/v7e-m+dp/hard/libc_nano.a(libc_a-impure.o)
                              /Applications/STM32CubeIDE.app/Contents/Eclipse/plugins/com.st.stm32cube.ide.mcu.externaltools.gnu-tools-for-stm32.13.3.rel1.macos64_1.0.0.202411102158/tools/bin/../lib/gcc/arm-none-eabi/13.3.1/../../../../arm-none-eabi/lib/thumb/v7e-m+dp/hard/libc_nano.a(libc_a-errno.o) (_impure_ptr)
/Applications/STM32CubeIDE.app/Contents/Eclipse/plugins/com.st.stm32cube.ide.mcu.externaltools.gnu-tools-for-stm32.13.3.rel1.macos64_1.0.0.202411102158/tools/bin/../lib/gcc/arm-none-eabi/13.3.1/../../../../arm-none-eabi/lib/thumb/v7e-m+dp/hard/libc_nano.a(libc_a-memcpy-stub.o)
                              ./Drivers/STM32H7xx_HAL_Driver/Src/stm32h7xx_hal_fdcan.o (memcpy)
[...]
Memory Configuration

Name             Origin             Length             Attributes
ITCMRAM          0x00000000         0x00010000         xrw
DTCMRAM          0x20000000         0x00020000         xrw
FLASH            0x08000000         0x00100000         xr
RAM_D1           0x24000000         0x00050000         xrw
RAM_D2           0x30000000         0x00008000         xrw
RAM_D3           0x38000000         0x00004000         xrw
*default*        0x00000000         0xffffffff

Linker script and memory map

LOAD /Applications/STM32CubeIDE.app/Contents/Eclipse/plugins/com.st.stm32cube.ide.mcu.externaltools.gnu-tools-for-stm32.13.3.rel1.macos64_1.0.0.202411102158/tools/bin/../lib/gcc/arm-none-eabi/13.3.1/thumb/v7e-m+dp/hard/crti.o
LOAD /Applications/STM32CubeIDE.app/Contents/Eclipse/plugins/com.st.stm32cube.ide.mcu.externaltools.gnu-tools-for-stm32.13.3.rel1.macos64_1.0.0.202411102158/tools/bin/../lib/gcc/arm-none-eabi/13.3.1/thumb/v7e-m+dp/hard/crtbegin.o
LOAD /Applications/STM32CubeIDE.app/Contents/Eclipse/plugins/com.st.stm32cube.ide.mcu.externaltools.gnu-tools-for-stm32.13.3.rel1.macos64_1.0.0.202411102158/tools/bin/../lib/gcc/arm-none-eabi/13.3.1/../../../../arm-none-eabi/lib/thumb/v7e-m+dp/hard/crt0.o
LOAD ./Core/Src/adc.o
LOAD ./Core/Src/audio.o
LOAD ./Core/Src/cooling.o
LOAD ./Core/Src/dma.o
LOAD ./Core/Src/fdcan.o
LOAD ./Core/Src/gpio.o
LOAD ./Core/Src/i2s.o
LOAD ./Core/Src/main.o
LOAD ./Core/Src/motor_control.o
LOAD ./Core/Src/prchg.o
LOAD ./Core/Src/stm32h7xx_hal_msp.o
LOAD ./Core/Src/stm32h7xx_it.o
LOAD ./Core/Src/syscalls.o
LOAD ./Core/Src/sysmem.o
LOAD ./Core/Src/system_stm32h7xx.o
LOAD ./Core/Src/tim.o
LOAD ./Core/Src/vcu_state.o
LOAD ./Core/Startup/startup_stm32h723zgtx.o
LOAD ./Drivers/STM32H7xx_HAL_Driver/Src/stm32h7xx_hal.o
LOAD ./Drivers/STM32H7xx_HAL_Driver/Src/stm32h7xx_hal_adc.o
LOAD ./Drivers/STM32H7xx_HAL_Driver/Src/stm32h7xx_hal_adc_ex.o
LOAD ./Drivers/STM32H7xx_HAL_Driver/Src/stm32h7xx_hal_cortex.o
LOAD ./Drivers/STM32H7xx_HAL_Driver/Src/stm32h7xx_hal_dma.o
LOAD ./Drivers/STM32H7xx_HAL_Driver/Src/stm32h7xx_hal_dma_ex.o
LOAD ./Drivers/STM32H7xx_HAL_Driver/Src/stm32h7xx_hal_exti.o
LOAD ./Drivers/STM32H7xx_HAL_Driver/Src/stm32h7xx_hal_fdcan.o
LOAD ./Drivers/STM32H7xx_HAL_Driver/Src/stm32h7xx_hal_flash.o
LOAD ./Drivers/STM32H7xx_HAL_Driver/Src/stm32h7xx_hal_flash_ex.o
LOAD ./Drivers/STM32H7xx_HAL_Driver/Src/stm32h7xx_hal_gpio.o
LOAD ./Drivers/STM32H7xx_HAL_Driver/Src/stm32h7xx_hal_hsem.o
LOAD ./Drivers/STM32H7xx_HAL_Driver/Src/stm32h7xx_hal_i2c.o
LOAD ./Drivers/STM32H7xx_HAL_Driver/Src/stm32h7xx_hal_i2c_ex.o
LOAD ./Drivers/STM32H7xx_HAL_Driver/Src/stm32h7xx_hal_i2s.o
LOAD ./Drivers/STM32H7xx_HAL_Driver/Src/stm32h7xx_hal_i2s_ex.o
LOAD ./Drivers/STM32H7xx_HAL_Driver/Src/stm32h7xx_hal_mdma.o
LOAD ./Drivers/STM32H7xx_HAL_Driver/Src/stm32h7xx_hal_pwr.o
LOAD ./Drivers/STM32H7xx_HAL_Driver/Src/stm32h7xx_hal_pwr_ex.o
LOAD ./Drivers/STM32H7xx_HAL_Driver/Src/stm32h7xx_hal_rcc.o
LOAD ./Drivers/STM32H7xx_HAL_Driver/Src/stm32h7xx_hal_rcc_ex.o
LOAD ./Drivers/STM32H7xx_HAL_Driver/Src/stm32h7xx_hal_tim.o
LOAD ./Drivers/STM32H7xx_HAL_Driver/Src/stm32h7xx_hal_tim_ex.o
START GROUP
LOAD /Applications/STM32CubeIDE.app/Contents/Eclipse/plugins/com.st.stm32cube.ide.mcu.externaltools.gnu-tools-for-stm32.13.3.rel1.macos64_1.0.0.202411102158/tools/bin/../lib/gcc/arm-none-eabi/13.3.1/../../../../arm-none-eabi/lib/thumb/v7e-m+dp/hard/libc_nano.a
LOAD /Applications/STM32CubeIDE.app/Contents/Eclipse/plugins/com.st.stm32cube.ide.mcu.externaltools.gnu-tools-for-stm32.13.3.rel1.macos64_1.0.0.202411102158/tools/bin/../lib/gcc/arm-none-eabi/13.3.1/../../../../arm-none-eabi/lib/thumb/v7e-m+dp/hard/libm.a
END GROUP
START GROUP
LOAD /Applications/STM32CubeIDE.app/Contents/Eclipse/plugins/com.st.stm32cube.ide.mcu.externaltools.gnu-tools-for-stm32.13.3.rel1.macos64_1.0.0.202411102158/tools/bin/../lib/gcc/arm-none-eabi/13.3.1/thumb/v7e-m+dp/hard/libgcc.a
LOAD /Applications/STM32CubeIDE.app/Contents/Eclipse/plugins/com.st.stm32cube.ide.mcu.externaltools.gnu-tools-for-stm32.13.3.rel1.macos64_1.0.0.202411102158/tools/bin/../lib/gcc/arm-none-eabi/13.3.1/../../../../arm-none-eabi/lib/thumb/v7e-m+dp/hard/libc_nano.a
END GROUP
START GROUP
LOAD /Applications/STM32CubeIDE.app/Contents/Eclipse/plugins/com.st.stm32cube.ide.mcu.externaltools.gnu-tools-for-stm32.13.3.rel1.macos64_1.0.0.202411102158/tools/bin/../lib/gcc/arm-none-eabi/13.3.1/thumb/v7e-m+dp/hard/libgcc.a
LOAD /Applications/STM32CubeIDE.app/Contents/Eclipse/plugins/com.st.stm32cube.ide.mcu.externaltools.gnu-tools-for-stm32.13.3.rel1.macos64_1.0.0.202411102158/tools/bin/../lib/gcc/arm-none-eabi/13.3.1/../../../../arm-none-eabi/lib/thumb/v7e-m+dp/hard/libc_nano.a
LOAD /Applications/STM32CubeIDE.app/Contents/Eclipse/plugins/com.st.stm32cube.ide.mcu.externaltools.gnu-tools-for-stm32.13.3.rel1.macos64_1.0.0.202411102158/tools/bin/../lib/gcc/arm-none-eabi/13.3.1/../../../../arm-none-eabi/lib/thumb/v7e-m+dp/hard/libnosys.a
END GROUP
START GROUP
LOAD /Applications/STM32CubeIDE.app/Contents/Eclipse/plugins/com.st.stm32cube.ide.mcu.externaltools.gnu-tools-for-stm32.13.3.rel1.macos64_1.0.0.202411102158/tools/bin/../lib/gcc/arm-none-eabi/13.3.1/thumb/v7e-m+dp/hard/libgcc.a
LOAD /Applications/STM32CubeIDE.app/Contents/Eclipse/plugins/com.st.stm32cube.ide.mcu.externaltools.gnu-tools-for-stm32.13.3.rel1.macos64_1.0.0.202411102158/tools/bin/../lib/gcc/arm-none-eabi/13.3.1/../../../../arm-none-eabi/lib/thumb/v7e-m+dp/hard/libc_nano.a
LOAD /Applications/STM32CubeIDE.app/Contents/Eclipse/plugins/com.st.stm32cube.ide.mcu.externaltools.gnu-tools-for-stm32.13.3.rel1.macos64_1.0.0.202411102158/tools/bin/../lib/gcc/arm-none-eabi/13.3.1/../../../../arm-none-eabi/lib/thumb/v7e-m+dp/hard/libnosys.a
END GROUP
LOAD /Applications/STM32CubeIDE.app/Contents/Eclipse/plugins/com.st.stm32cube.ide.mcu.externaltools.gnu-tools-for-stm32.13.3.rel1.macos64_1.0.0.202411102158/tools/bin/../lib/gcc/arm-none-eabi/13.3.1/thumb/v7e-m+dp/hard/crtend.o
LOAD /Applications/STM32CubeIDE.app/Contents/Eclipse/plugins/com.st.stm32cube.ide.mcu.externaltools.gnu-tools-for-stm32.13.3.rel1.macos64_1.0.0.202411102158/tools/bin/../lib/gcc/arm-none-eabi/13.3.1/thumb/v7e-m+dp/hard/crtn.o
                0x24050000                        _estack = (ORIGIN (RAM_D1) + LENGTH (RAM_D1))
                0x00000200                        _Min_Heap_Size = 0x200
                0x00000400                        _Min_Stack_Size = 0x400

.isr_vector     0x08000000      0x2cc
                0x08000000                        . = ALIGN (0x4)
 *(.isr_vector)
 .isr_vector    0x08000000      0x2cc ./Core/Startup/startup_stm32h723zgtx.o
                0x08000000                g_pfnVectors
                0x080002cc                        . = ALIGN (0x4)

.text           0x080002d0     0xd42c
                0x080002d0                        . = ALIGN (0x4)
 *(.text)
 .text          0x080002d0       0x40 /Applications/STM32CubeIDE.app/Contents/Eclipse/plugins/com.st.stm32cube.ide.mcu.externaltools.gnu-tools-for-stm32.13.3.rel1.macos64_1.0.0.202411102158/tools/bin/../lib/gcc/arm-none-eabi/13.3.1/thumb/v7e-m+dp/hard/crtbegin.o
 *(.text*)
 .text.MX_ADC3_Init
                0x08000310      0x120 ./Core/Src/adc.o
                0x08000310                MX_ADC3_Init
 .text.HAL_ADC_MspInit
                0x08000430      0x18c ./Core/Src/adc.o
                0x08000430                HAL_ADC_MspInit
 .text.captureI2SDebugState
                0x080005bc       0x60 ./Core/Src/audio.o
                0x080005bc                captureI2SDebugState
 .text.audioPlaybackAllowed
                0x0800061c       0x48 ./Core/Src/audio.o
                0x0800061c                audioPlaybackAllowed
 .text.preparePlaybackChunk
                0x08000664       0x68 ./Core/Src/audio.o
                0x08000664                preparePlaybackChunk
 .text.playReadyToDriveSound
                0x080006cc      0x154 ./Core/Src/audio.o
                0x080006cc                playReadyToDriveSound
 .text.configureCoolingCmdMsg
                0x08000820       0x4c ./Core/Src/cooling.o
                0x08000820                configureCoolingCmdMsg
 .text.calculateTractiveFanPWM
                0x0800086c       0x9c ./Core/Src/cooling.o
                0x0800086c                calculateTractiveFanPWM
 .text.calculateTractivePumpPWM
                0x08000908       0x9c ./Core/Src/cooling.o
                0x08000908                calculateTractivePumpPWM
 .text.calculateAccyFanPWM
                0x080009a4       0x98 ./Core/Src/cooling.o
                0x080009a4                calculateAccyFanPWM
 .text.processBMS_Temp
                0x08000a3c       0x50 ./Core/Src/cooling.o
                0x08000a3c                processBMS_Temp
 .text.processInverter_Temp
                0x08000a8c       0xc8 ./Core/Src/cooling.o
                0x08000a8c                processInverter_Temp
 .text.sendCoolingCmd
                0x08000b54       0x6c ./Core/Src/cooling.o
                0x08000b54                sendCoolingCmd
 .text.MX_DMA_Init
                0x08000bc0       0x50 ./Core/Src/dma.o
                0x08000bc0                MX_DMA_Init
 .text.MX_FDCAN1_Init
                0x08000c10       0xc8 ./Core/Src/fdcan.o
                0x08000c10                MX_FDCAN1_Init
 .text.MX_FDCAN2_Init
                0x08000cd8       0xcc ./Core/Src/fdcan.o
                0x08000cd8                MX_FDCAN2_Init
 .text.HAL_FDCAN_MspInit
                0x08000da4      0x210 ./Core/Src/fdcan.o
                0x08000da4                HAL_FDCAN_MspInit
 .text.FDCAN1_Rx_Handler
                0x08000fb4       0x80 ./Core/Src/fdcan.o
                0x08000fb4                FDCAN1_Rx_Handler
 .text.FDCAN2_Rx_Handler
                0x08001034        0xe ./Core/Src/fdcan.o
                0x08001034                FDCAN2_Rx_Handler
 *fill*         0x08001042        0x2 
 .text.MX_GPIO_Init
                0x08001044      0x138 ./Core/Src/gpio.o
                0x08001044                MX_GPIO_Init
 .text.MX_I2S2_Init
                0x0800117c       0x64 ./Core/Src/i2s.o
                0x0800117c                MX_I2S2_Init
 .text.HAL_I2S_MspInit
                0x080011e0      0x198 ./Core/Src/i2s.o
                0x080011e0                HAL_I2S_MspInit
 .text.queueFaultDebounce
                0x08001378       0x22 ./Core/Src/main.o
 *fill*         0x0800139a        0x2 
 .text.latchFault
                0x0800139c       0x20 ./Core/Src/main.o
 .text.serviceFaultInputs
                0x080013bc       0xdc ./Core/Src/main.o
 .text.HAL_ADC_ConvCpltCallback
                0x08001498      0x1a8 ./Core/Src/main.o
                0x08001498                HAL_ADC_ConvCpltCallback
 .text.HAL_GPIO_EXTI_Callback
                0x08001640      0x104 ./Core/Src/main.o
                0x08001640                HAL_GPIO_EXTI_Callback
 .text.HAL_TIM_PeriodElapsedCallback
                0x08001744      0x12c ./Core/Src/main.o
                0x08001744                HAL_TIM_PeriodElapsedCallback
 .text.HAL_FDCAN_RxFifo0Callback
                0x08001870       0x64 ./Core/Src/main.o
                0x08001870                HAL_FDCAN_RxFifo0Callback
 .text.HAL_FDCAN_RxFifo1Callback
                0x080018d4       0x64 ./Core/Src/main.o
                0x080018d4                HAL_FDCAN_RxFifo1Callback
 .text.main     0x08001938      0x138 ./Core/Src/main.o
                0x08001938                main
 .text.SystemClock_Config
                0x08001a70       0xdc ./Core/Src/main.o
                0x08001a70                SystemClock_Config
 .text.MPU_Config
                0x08001b4c       0x58 ./Core/Src/main.o
 .text.Error_Handler
                0x08001ba4       0x20 ./Core/Src/main.o
                0x08001ba4                Error_Handler
 .text.configureInverterMessage
                0x08001bc4       0x4c ./Core/Src/motor_control.o
                0x08001bc4                configureInverterMessage
 .text.calculateTorqueRequest
                0x08001c10       0xe8 ./Core/Src/motor_control.o
                0x08001c10                calculateTorqueRequest
 .text.checkAPPS_Plausibility
                0x08001cf8       0xb0 ./Core/Src/motor_control.o
                0x08001cf8                checkAPPS_Plausibility
 .text.checkBSE_Plausibility
                0x08001da8       0xa8 ./Core/Src/motor_control.o
                0x08001da8                checkBSE_Plausibility
 .text.checkAPPS_BSE_Crosscheck
                0x08001e50       0xb0 ./Core/Src/motor_control.o
                0x08001e50                checkAPPS_BSE_Crosscheck
 .text.sendTorqueRequest
                0x08001f00       0x88 ./Core/Src/motor_control.o
                0x08001f00                sendTorqueRequest
 .text.processInverter_Voltage
                0x08001f88       0x4c ./Core/Src/motor_control.o
                0x08001f88                processInverter_Voltage
 .text.processInverter_RPM
                0x08001fd4       0x5c ./Core/Src/motor_control.o
                0x08001fd4                processInverter_RPM
 .text.resetPlausibilityChecks
                0x08002030       0x24 ./Core/Src/motor_control.o
                0x08002030                resetPlausibilityChecks
 .text.configurePrechargeMessage
                0x08002054       0x58 ./Core/Src/prchg.o
                0x08002054                configurePrechargeMessage
 .text.sendPrechargeRequest
                0x080020ac       0x48 ./Core/Src/prchg.o
                0x080020ac                sendPrechargeRequest
 .text.processPrechargeResponse
                0x080020f4       0x44 ./Core/Src/prchg.o
                0x080020f4                processPrechargeResponse
 .text.checkPrechargeStatus
                0x08002138       0x44 ./Core/Src/prchg.o
                0x08002138                checkPrechargeStatus
 .text.HAL_MspInit
                0x0800217c       0x34 ./Core/Src/stm32h7xx_hal_msp.o
                0x0800217c                HAL_MspInit
 .text.NMI_Handler
                0x080021b0        0x8 ./Core/Src/stm32h7xx_it.o
                0x080021b0                NMI_Handler
 .text.HardFault_Handler
                0x080021b8        0x8 ./Core/Src/stm32h7xx_it.o
                0x080021b8                HardFault_Handler
 .text.MemManage_Handler
                0x080021c0        0x8 ./Core/Src/stm32h7xx_it.o
                0x080021c0                MemManage_Handler
 .text.BusFault_Handler
                0x080021c8        0x8 ./Core/Src/stm32h7xx_it.o
                0x080021c8                BusFault_Handler
 .text.UsageFault_Handler
                0x080021d0        0x8 ./Core/Src/stm32h7xx_it.o
                0x080021d0                UsageFault_Handler
 .text.SVC_Handler
                0x080021d8        0xe ./Core/Src/stm32h7xx_it.o
                0x080021d8                SVC_Handler
 .text.DebugMon_Handler
                0x080021e6        0xe ./Core/Src/stm32h7xx_it.o
                0x080021e6                DebugMon_Handler
 .text.PendSV_Handler
                0x080021f4        0xe ./Core/Src/stm32h7xx_it.o
                0x080021f4                PendSV_Handler
 .text.SysTick_Handler
                0x08002202        0xc ./Core/Src/stm32h7xx_it.o
                0x08002202                SysTick_Handler
 *fill*         0x0800220e        0x2 
 .text.DMA1_Stream0_IRQHandler
                0x08002210       0x14 ./Core/Src/stm32h7xx_it.o
                0x08002210                DMA1_Stream0_IRQHandler
 .text.DMA1_Stream1_IRQHandler
                0x08002224       0x14 ./Core/Src/stm32h7xx_it.o
                0x08002224                DMA1_Stream1_IRQHandler
 .text.FDCAN1_IT0_IRQHandler
                0x08002238       0x20 ./Core/Src/stm32h7xx_it.o
                0x08002238                FDCAN1_IT0_IRQHandler
 .text.FDCAN2_IT0_IRQHandler
                0x08002258       0x14 ./Core/Src/stm32h7xx_it.o
                0x08002258                FDCAN2_IT0_IRQHandler
 .text.EXTI9_5_IRQHandler
                0x0800226c       0x1e ./Core/Src/stm32h7xx_it.o
                0x0800226c                EXTI9_5_IRQHandler
 *fill*         0x0800228a        0x2 
 .text.TIM1_UP_IRQHandler
                0x0800228c       0x14 ./Core/Src/stm32h7xx_it.o
                0x0800228c                TIM1_UP_IRQHandler
 .text.TIM2_IRQHandler
                0x080022a0       0x14 ./Core/Src/stm32h7xx_it.o
                0x080022a0                TIM2_IRQHandler
 .text.TIM3_IRQHandler
                0x080022b4       0x14 ./Core/Src/stm32h7xx_it.o
                0x080022b4                TIM3_IRQHandler
 .text.EXTI15_10_IRQHandler
                0x080022c8       0x18 ./Core/Src/stm32h7xx_it.o
                0x080022c8                EXTI15_10_IRQHandler
 .text.ADC3_IRQHandler
                0x080022e0       0x14 ./Core/Src/stm32h7xx_it.o
                0x080022e0                ADC3_IRQHandler
 .text.SystemInit
                0x080022f4      0x120 ./Core/Src/system_stm32h7xx.o
                0x080022f4                SystemInit
 .text.ExitRun0Mode
                0x08002414       0x30 ./Core/Src/system_stm32h7xx.o
                0x08002414                ExitRun0Mode
 .text.MX_TIM1_Init
                0x08002444       0xa8 ./Core/Src/tim.o
                0x08002444                MX_TIM1_Init
 .text.MX_TIM2_Init
                0x080024ec       0x9c ./Core/Src/tim.o
                0x080024ec                MX_TIM2_Init
 .text.MX_TIM3_Init
                0x08002588       0xa0 ./Core/Src/tim.o
                0x08002588                MX_TIM3_Init
 .text.HAL_TIM_Base_MspInit
                0x08002628       0xc8 ./Core/Src/tim.o
                0x08002628                HAL_TIM_Base_MspInit
 .text.resetVCU
                0x080026f0       0xb8 ./Core/Src/vcu_state.o
                0x080026f0                resetVCU
 .text.Reset_Handler
                0x080027a8       0x54 ./Core/Startup/startup_stm32h723zgtx.o
                0x080027a8                Reset_Handler
 .text.Default_Handler
                0x080027fc        0x2 ./Core/Startup/startup_stm32h723zgtx.o
                0x080027fc                DMA1_Stream3_IRQHandler
                0x080027fc                EXTI2_IRQHandler
                0x080027fc                TIM8_CC_IRQHandler
                0x080027fc                UART8_IRQHandler
                0x080027fc                SPI4_IRQHandler
                0x080027fc                FDCAN3_IT0_IRQHandler
                0x080027fc                TIM1_CC_IRQHandler
                0x080027fc                BDMA_Channel6_IRQHandler
                0x080027fc                DMA2_Stream5_IRQHandler
                0x080027fc                DMA1_Stream5_IRQHandler
                0x080027fc                CORDIC_IRQHandler
                0x080027fc                BDMA_Channel1_IRQHandler
                0x080027fc                TAMP_STAMP_IRQHandler
                0x080027fc                EXTI3_IRQHandler
                0x080027fc                LPTIM4_IRQHandler
                0x080027fc                TIM8_TRG_COM_TIM14_IRQHandler
                0x080027fc                LPTIM2_IRQHandler
                0x080027fc                DFSDM1_FLT1_IRQHandler
                0x080027fc                DMAMUX2_OVR_IRQHandler
                0x080027fc                TIM8_UP_TIM13_IRQHandler
                0x080027fc                I2C3_ER_IRQHandler
                0x080027fc                DFSDM1_FLT2_IRQHandler
                0x080027fc                I2C5_EV_IRQHandler
                0x080027fc                USART10_IRQHandler
                0x080027fc                MDMA_IRQHandler
                0x080027fc                LPTIM3_IRQHandler
                0x080027fc                HSEM1_IRQHandler
                0x080027fc                EXTI0_IRQHandler
                0x080027fc                I2C2_EV_IRQHandler
                0x080027fc                DMA1_Stream2_IRQHandler
                0x080027fc                FPU_IRQHandler
                0x080027fc                OTG_HS_WKUP_IRQHandler
                0x080027fc                FDCAN1_IT1_IRQHandler
                0x080027fc                LTDC_ER_IRQHandler
                0x080027fc                DMA2_Stream2_IRQHandler
                0x080027fc                SPI1_IRQHandler
                0x080027fc                OCTOSPI1_IRQHandler
                0x080027fc                TIM6_DAC_IRQHandler
                0x080027fc                DMA2_Stream3_IRQHandler
                0x080027fc                OCTOSPI2_IRQHandler
                0x080027fc                DFSDM1_FLT3_IRQHandler
                0x080027fc                TIM23_IRQHandler
                0x080027fc                USART6_IRQHandler
                0x080027fc                TIM17_IRQHandler
                0x080027fc                USART3_IRQHandler
                0x080027fc                BDMA_Channel7_IRQHandler
                0x080027fc                LPTIM5_IRQHandler
                0x080027fc                UART5_IRQHandler
                0x080027fc                DMA2_Stream0_IRQHandler
                0x080027fc                TIM4_IRQHandler
                0x080027fc                BDMA_Channel2_IRQHandler
                0x080027fc                I2C1_EV_IRQHandler
                0x080027fc                DMA1_Stream6_IRQHandler
                0x080027fc                DMAMUX1_OVR_IRQHandler
                0x080027fc                TIM16_IRQHandler
                0x080027fc                UART4_IRQHandler
                0x080027fc                BDMA_Channel5_IRQHandler
                0x080027fc                RCC_IRQHandler
                0x080027fc                UART9_IRQHandler
                0x080027fc                TIM8_BRK_TIM12_IRQHandler
                0x080027fc                TIM1_TRG_COM_IRQHandler
                0x080027fc                Default_Handler
                0x080027fc                ECC_IRQHandler
                0x080027fc                FMAC_IRQHandler
                0x080027fc                CEC_IRQHandler
                0x080027fc                BDMA_Channel0_IRQHandler
                0x080027fc                ADC_IRQHandler
                0x080027fc                I2C5_ER_IRQHandler
                0x080027fc                DMA1_Stream7_IRQHandler
                0x080027fc                SPI5_IRQHandler
                0x080027fc                TIM7_IRQHandler
                0x080027fc                FDCAN3_IT1_IRQHandler
                0x080027fc                SDMMC1_IRQHandler
                0x080027fc                TIM5_IRQHandler
                0x080027fc                DMA2_Stream7_IRQHandler
                0x080027fc                TIM15_IRQHandler
                0x080027fc                PVD_AVD_IRQHandler
                0x080027fc                I2C3_EV_IRQHandler
                0x080027fc                RTC_WKUP_IRQHandler
                0x080027fc                LTDC_IRQHandler
                0x080027fc                ETH_WKUP_IRQHandler
                0x080027fc                SPDIF_RX_IRQHandler
                0x080027fc                SPI2_IRQHandler
                0x080027fc                OTG_HS_EP1_IN_IRQHandler
                0x080027fc                TIM24_IRQHandler
                0x080027fc                CRS_IRQHandler
                0x080027fc                EXTI4_IRQHandler
                0x080027fc                RNG_IRQHandler
                0x080027fc                FDCAN2_IT1_IRQHandler
                0x080027fc                ETH_IRQHandler
                0x080027fc                BDMA_Channel4_IRQHandler
                0x080027fc                OTG_HS_EP1_OUT_IRQHandler
                0x080027fc                WWDG_IRQHandler
                0x080027fc                SPI6_IRQHandler
                0x080027fc                MDIOS_IRQHandler
                0x080027fc                I2C4_EV_IRQHandler
                0x080027fc                LPUART1_IRQHandler
                0x080027fc                OTG_HS_IRQHandler
                0x080027fc                DMA2D_IRQHandler
                0x080027fc                TIM1_BRK_IRQHandler
                0x080027fc                EXTI1_IRQHandler
                0x080027fc                SDMMC2_IRQHandler
                0x080027fc                BDMA_Channel3_IRQHandler
                0x080027fc                DTS_IRQHandler
                0x080027fc                UART7_IRQHandler
                0x080027fc                MDIOS_WKUP_IRQHandler
                0x080027fc                USART2_IRQHandler
                0x080027fc                DFSDM1_FLT0_IRQHandler
                0x080027fc                SAI4_IRQHandler
                0x080027fc                I2C2_ER_IRQHandler
                0x080027fc                DMA2_Stream1_IRQHandler
                0x080027fc                FLASH_IRQHandler
                0x080027fc                DMA2_Stream4_IRQHandler
                0x080027fc                USART1_IRQHandler
                0x080027fc                SPI3_IRQHandler
                0x080027fc                WAKEUP_PIN_IRQHandler
                0x080027fc                DMA1_Stream4_IRQHandler
                0x080027fc                I2C1_ER_IRQHandler
                0x080027fc                FMC_IRQHandler
                0x080027fc                FDCAN_CAL_IRQHandler
                0x080027fc                SWPMI1_IRQHandler
                0x080027fc                COMP1_IRQHandler
                0x080027fc                LPTIM1_IRQHandler
                0x080027fc                DCMI_PSSI_IRQHandler
                0x080027fc                I2C4_ER_IRQHandler
                0x080027fc                DMA2_Stream6_IRQHandler
                0x080027fc                SAI1_IRQHandler
                0x080027fc                RTC_Alarm_IRQHandler
 *fill*         0x080027fe        0x2 
 .text.HAL_Init
                0x08002800       0x78 ./Drivers/STM32H7xx_HAL_Driver/Src/stm32h7xx_hal.o
                0x08002800                HAL_Init
 .text.HAL_InitTick
                0x08002878       0x6c ./Drivers/STM32H7xx_HAL_Driver/Src/stm32h7xx_hal.o
                0x08002878                HAL_InitTick
 .text.HAL_IncTick
                0x080028e4       0x28 ./Drivers/STM32H7xx_HAL_Driver/Src/stm32h7xx_hal.o
                0x080028e4                HAL_IncTick
 .text.HAL_GetTick
                0x0800290c       0x18 ./Drivers/STM32H7xx_HAL_Driver/Src/stm32h7xx_hal.o
                0x0800290c                HAL_GetTick
 .text.HAL_SYSCFG_AnalogSwitchConfig
                0x08002924       0x2c ./Drivers/STM32H7xx_HAL_Driver/Src/stm32h7xx_hal.o
                0x08002924                HAL_SYSCFG_AnalogSwitchConfig
 .text.LL_ADC_SetCommonClock
                0x08002950       0x26 ./Drivers/STM32H7xx_HAL_Driver/Src/stm32h7xx_hal_adc.o
 .text.LL_ADC_SetCommonPathInternalCh
                0x08002976       0x26 ./Drivers/STM32H7xx_HAL_Driver/Src/stm32h7xx_hal_adc.o
 .text.LL_ADC_GetCommonPathInternalCh
                0x0800299c       0x1c ./Drivers/STM32H7xx_HAL_Driver/Src/stm32h7xx_hal_adc.o
 .text.LL_ADC_SetChannelPreselection
                0x080029b8       0x74 ./Drivers/STM32H7xx_HAL_Driver/Src/stm32h7xx_hal_adc.o
 .text.LL_ADC_SetOffset
                0x08002a2c       0x64 ./Drivers/STM32H7xx_HAL_Driver/Src/stm32h7xx_hal_adc.o
 .text.LL_ADC_GetOffsetChannel
                0x08002a90       0x2c ./Drivers/STM32H7xx_HAL_Driver/Src/stm32h7xx_hal_adc.o
 .text.LL_ADC_SetDataRightShift
                0x08002abc       0x32 ./Drivers/STM32H7xx_HAL_Driver/Src/stm32h7xx_hal_adc.o
 *fill*         0x08002aee        0x2 
 .text.LL_ADC_SetOffsetSignedSaturation
                0x08002af0       0x44 ./Drivers/STM32H7xx_HAL_Driver/Src/stm32h7xx_hal_adc.o
 .text.LL_ADC_SetOffsetSaturation
                0x08002b34       0x44 ./Drivers/STM32H7xx_HAL_Driver/Src/stm32h7xx_hal_adc.o
 .text.LL_ADC_SetOffsetSign
                0x08002b78       0x44 ./Drivers/STM32H7xx_HAL_Driver/Src/stm32h7xx_hal_adc.o
 .text.LL_ADC_SetOffsetState
                0x08002bbc       0x54 ./Drivers/STM32H7xx_HAL_Driver/Src/stm32h7xx_hal_adc.o
 .text.LL_ADC_REG_IsTriggerSourceSWStart
                0x08002c10       0x26 ./Drivers/STM32H7xx_HAL_Driver/Src/stm32h7xx_hal_adc.o
 .text.LL_ADC_REG_SetSequencerRanks
                0x08002c36       0x58 ./Drivers/STM32H7xx_HAL_Driver/Src/stm32h7xx_hal_adc.o
 .text.LL_ADC_REG_SetDataTransferMode
                0x08002c8e       0x26 ./Drivers/STM32H7xx_HAL_Driver/Src/stm32h7xx_hal_adc.o
 .text.LL_ADC_EnableDMAReq
                0x08002cb4       0x20 ./Drivers/STM32H7xx_HAL_Driver/Src/stm32h7xx_hal_adc.o
 .text.LL_ADC_REG_SetDMATransferMode
                0x08002cd4       0x34 ./Drivers/STM32H7xx_HAL_Driver/Src/stm32h7xx_hal_adc.o
 .text.LL_ADC_INJ_IsTriggerSourceSWStart
                0x08002d08       0x26 ./Drivers/STM32H7xx_HAL_Driver/Src/stm32h7xx_hal_adc.o
 .text.LL_ADC_SetChannelSamplingTime
                0x08002d2e       0x56 ./Drivers/STM32H7xx_HAL_Driver/Src/stm32h7xx_hal_adc.o
 .text.LL_ADC_SetChannelSingleDiff
                0x08002d84       0x80 ./Drivers/STM32H7xx_HAL_Driver/Src/stm32h7xx_hal_adc.o
 .text.LL_ADC_GetMultimode
                0x08002e04       0x1c ./Drivers/STM32H7xx_HAL_Driver/Src/stm32h7xx_hal_adc.o
 .text.LL_ADC_GetMultiDMATransfer
                0x08002e20       0x1c ./Drivers/STM32H7xx_HAL_Driver/Src/stm32h7xx_hal_adc.o
 .text.LL_ADC_DisableDeepPowerDown
                0x08002e3c       0x24 ./Drivers/STM32H7xx_HAL_Driver/Src/stm32h7xx_hal_adc.o
 .text.LL_ADC_IsDeepPowerDownEnabled
                0x08002e60       0x28 ./Drivers/STM32H7xx_HAL_Driver/Src/stm32h7xx_hal_adc.o
 .text.LL_ADC_EnableInternalRegulator
                0x08002e88       0x28 ./Drivers/STM32H7xx_HAL_Driver/Src/stm32h7xx_hal_adc.o
 .text.LL_ADC_IsInternalRegulatorEnabled
                0x08002eb0       0x28 ./Drivers/STM32H7xx_HAL_Driver/Src/stm32h7xx_hal_adc.o
 .text.LL_ADC_Enable
                0x08002ed8       0x28 ./Drivers/STM32H7xx_HAL_Driver/Src/stm32h7xx_hal_adc.o
 .text.LL_ADC_Disable
                0x08002f00       0x28 ./Drivers/STM32H7xx_HAL_Driver/Src/stm32h7xx_hal_adc.o
 .text.LL_ADC_IsEnabled
                0x08002f28       0x26 ./Drivers/STM32H7xx_HAL_Driver/Src/stm32h7xx_hal_adc.o
 .text.LL_ADC_IsDisableOngoing
                0x08002f4e       0x26 ./Drivers/STM32H7xx_HAL_Driver/Src/stm32h7xx_hal_adc.o
 .text.LL_ADC_REG_StartConversion
                0x08002f74       0x28 ./Drivers/STM32H7xx_HAL_Driver/Src/stm32h7xx_hal_adc.o
 .text.LL_ADC_REG_StopConversion
                0x08002f9c       0x28 ./Drivers/STM32H7xx_HAL_Driver/Src/stm32h7xx_hal_adc.o
 .text.LL_ADC_REG_IsConversionOngoing
                0x08002fc4       0x26 ./Drivers/STM32H7xx_HAL_Driver/Src/stm32h7xx_hal_adc.o
 *fill*         0x08002fea        0x2 
 .text.LL_ADC_INJ_StopConversion
                0x08002fec       0x28 ./Drivers/STM32H7xx_HAL_Driver/Src/stm32h7xx_hal_adc.o
 .text.LL_ADC_INJ_IsConversionOngoing
                0x08003014       0x26 ./Drivers/STM32H7xx_HAL_Driver/Src/stm32h7xx_hal_adc.o
 *fill*         0x0800303a        0x2 
 .text.HAL_ADC_Init
                0x0800303c      0x410 ./Drivers/STM32H7xx_HAL_Driver/Src/stm32h7xx_hal_adc.o
                0x0800303c                HAL_ADC_Init
 .text.HAL_ADC_Start_DMA
                0x0800344c      0x1b8 ./Drivers/STM32H7xx_HAL_Driver/Src/stm32h7xx_hal_adc.o
                0x0800344c                HAL_ADC_Start_DMA
 .text.HAL_ADC_Stop_DMA
                0x08003604       0xc4 ./Drivers/STM32H7xx_HAL_Driver/Src/stm32h7xx_hal_adc.o
                0x08003604                HAL_ADC_Stop_DMA
 .text.HAL_ADC_IRQHandler
                0x080036c8      0x474 ./Drivers/STM32H7xx_HAL_Driver/Src/stm32h7xx_hal_adc.o
                0x080036c8                HAL_ADC_IRQHandler
 .text.HAL_ADC_ConvHalfCpltCallback
                0x08003b3c       0x14 ./Drivers/STM32H7xx_HAL_Driver/Src/stm32h7xx_hal_adc.o
                0x08003b3c                HAL_ADC_ConvHalfCpltCallback
 .text.HAL_ADC_LevelOutOfWindowCallback
                0x08003b50       0x14 ./Drivers/STM32H7xx_HAL_Driver/Src/stm32h7xx_hal_adc.o
                0x08003b50                HAL_ADC_LevelOutOfWindowCallback
 .text.HAL_ADC_ErrorCallback
                0x08003b64       0x14 ./Drivers/STM32H7xx_HAL_Driver/Src/stm32h7xx_hal_adc.o
                0x08003b64                HAL_ADC_ErrorCallback
 .text.HAL_ADC_ConfigChannel
                0x08003b78      0x9a8 ./Drivers/STM32H7xx_HAL_Driver/Src/stm32h7xx_hal_adc.o
                0x08003b78                HAL_ADC_ConfigChannel
 .text.ADC_ConversionStop
                0x08004520      0x178 ./Drivers/STM32H7xx_HAL_Driver/Src/stm32h7xx_hal_adc.o
                0x08004520                ADC_ConversionStop
 .text.ADC_Enable
                0x08004698      0x114 ./Drivers/STM32H7xx_HAL_Driver/Src/stm32h7xx_hal_adc.o
                0x08004698                ADC_Enable
 .text.ADC_Disable
                0x080047ac       0xbe ./Drivers/STM32H7xx_HAL_Driver/Src/stm32h7xx_hal_adc.o
                0x080047ac                ADC_Disable
 .text.ADC_DMAConvCplt
                0x0800486a       0xd8 ./Drivers/STM32H7xx_HAL_Driver/Src/stm32h7xx_hal_adc.o
                0x0800486a                ADC_DMAConvCplt
 .text.ADC_DMAHalfConvCplt
                0x08004942       0x1c ./Drivers/STM32H7xx_HAL_Driver/Src/stm32h7xx_hal_adc.o
                0x08004942                ADC_DMAHalfConvCplt
 .text.ADC_DMAError
                0x0800495e       0x34 ./Drivers/STM32H7xx_HAL_Driver/Src/stm32h7xx_hal_adc.o
                0x0800495e                ADC_DMAError
 *fill*         0x08004992        0x2 
 .text.ADC_ConfigureBoostMode
                0x08004994      0x1dc ./Drivers/STM32H7xx_HAL_Driver/Src/stm32h7xx_hal_adc.o
                0x08004994                ADC_ConfigureBoostMode
 .text.LL_ADC_StartCalibration
                0x08004b70       0x3c ./Drivers/STM32H7xx_HAL_Driver/Src/stm32h7xx_hal_adc_ex.o
 .text.LL_ADC_IsCalibrationOnGoing
                0x08004bac       0x28 ./Drivers/STM32H7xx_HAL_Driver/Src/stm32h7xx_hal_adc_ex.o
 .text.HAL_ADCEx_Calibration_Start
                0x08004bd4       0xc8 ./Drivers/STM32H7xx_HAL_Driver/Src/stm32h7xx_hal_adc_ex.o
                0x08004bd4                HAL_ADCEx_Calibration_Start
 .text.HAL_ADCEx_InjectedConvCpltCallback
                0x08004c9c       0x14 ./Drivers/STM32H7xx_HAL_Driver/Src/stm32h7xx_hal_adc_ex.o
                0x08004c9c                HAL_ADCEx_InjectedConvCpltCallback
 .text.HAL_ADCEx_InjectedQueueOverflowCallback
                0x08004cb0       0x14 ./Drivers/STM32H7xx_HAL_Driver/Src/stm32h7xx_hal_adc_ex.o
                0x08004cb0                HAL_ADCEx_InjectedQueueOverflowCallback
 .text.HAL_ADCEx_LevelOutOfWindow2Callback
                0x08004cc4       0x14 ./Drivers/STM32H7xx_HAL_Driver/Src/stm32h7xx_hal_adc_ex.o
                0x08004cc4                HAL_ADCEx_LevelOutOfWindow2Callback
 .text.HAL_ADCEx_LevelOutOfWindow3Callback
                0x08004cd8       0x14 ./Drivers/STM32H7xx_HAL_Driver/Src/stm32h7xx_hal_adc_ex.o
                0x08004cd8                HAL_ADCEx_LevelOutOfWindow3Callback
 .text.HAL_ADCEx_EndOfSamplingCallback
                0x08004cec       0x14 ./Drivers/STM32H7xx_HAL_Driver/Src/stm32h7xx_hal_adc_ex.o
                0x08004cec                HAL_ADCEx_EndOfSamplingCallback
 .text.__NVIC_SetPriorityGrouping
                0x08004d00       0x48 ./Drivers/STM32H7xx_HAL_Driver/Src/stm32h7xx_hal_cortex.o
 .text.__NVIC_GetPriorityGrouping
                0x08004d48       0x1c ./Drivers/STM32H7xx_HAL_Driver/Src/stm32h7xx_hal_cortex.o
 .text.__NVIC_EnableIRQ
                0x08004d64       0x3c ./Drivers/STM32H7xx_HAL_Driver/Src/stm32h7xx_hal_cortex.o
 .text.__NVIC_DisableIRQ
                0x08004da0       0x48 ./Drivers/STM32H7xx_HAL_Driver/Src/stm32h7xx_hal_cortex.o
 .text.__NVIC_SetPriority
                0x08004de8       0x54 ./Drivers/STM32H7xx_HAL_Driver/Src/stm32h7xx_hal_cortex.o
 .text.NVIC_EncodePriority
                0x08004e3c       0x66 ./Drivers/STM32H7xx_HAL_Driver/Src/stm32h7xx_hal_cortex.o
 *fill*         0x08004ea2        0x2 
 .text.SysTick_Config
                0x08004ea4       0x44 ./Drivers/STM32H7xx_HAL_Driver/Src/stm32h7xx_hal_cortex.o
 .text.HAL_NVIC_SetPriorityGrouping
                0x08004ee8       0x16 ./Drivers/STM32H7xx_HAL_Driver/Src/stm32h7xx_hal_cortex.o
                0x08004ee8                HAL_NVIC_SetPriorityGrouping
 .text.HAL_NVIC_SetPriority
                0x08004efe       0x34 ./Drivers/STM32H7xx_HAL_Driver/Src/stm32h7xx_hal_cortex.o
                0x08004efe                HAL_NVIC_SetPriority
 .text.HAL_NVIC_EnableIRQ
                0x08004f32       0x1c ./Drivers/STM32H7xx_HAL_Driver/Src/stm32h7xx_hal_cortex.o
                0x08004f32                HAL_NVIC_EnableIRQ
 .text.HAL_NVIC_DisableIRQ
                0x08004f4e       0x1c ./Drivers/STM32H7xx_HAL_Driver/Src/stm32h7xx_hal_cortex.o
                0x08004f4e                HAL_NVIC_DisableIRQ
 .text.HAL_SYSTICK_Config
                0x08004f6a       0x18 ./Drivers/STM32H7xx_HAL_Driver/Src/stm32h7xx_hal_cortex.o
                0x08004f6a                HAL_SYSTICK_Config
 *fill*         0x08004f82        0x2 
 .text.HAL_MPU_Disable
                0x08004f84       0x30 ./Drivers/STM32H7xx_HAL_Driver/Src/stm32h7xx_hal_cortex.o
                0x08004f84                HAL_MPU_Disable
 .text.HAL_MPU_Enable
                0x08004fb4       0x40 ./Drivers/STM32H7xx_HAL_Driver/Src/stm32h7xx_hal_cortex.o
                0x08004fb4                HAL_MPU_Enable
 .text.HAL_MPU_ConfigRegion
                0x08004ff4       0x80 ./Drivers/STM32H7xx_HAL_Driver/Src/stm32h7xx_hal_cortex.o
                0x08004ff4                HAL_MPU_ConfigRegion
 .text.HAL_DMA_Init
                0x08005074      0x6b0 ./Drivers/STM32H7xx_HAL_Driver/Src/stm32h7xx_hal_dma.o
                0x08005074                HAL_DMA_Init
 .text.HAL_DMA_Start_IT
                0x08005724      0x4d4 ./Drivers/STM32H7xx_HAL_Driver/Src/stm32h7xx_hal_dma.o
                0x08005724                HAL_DMA_Start_IT
 .text.HAL_DMA_Abort
                0x08005bf8      0x63c ./Drivers/STM32H7xx_HAL_Driver/Src/stm32h7xx_hal_dma.o
                0x08005bf8                HAL_DMA_Abort
 .text.HAL_DMA_IRQHandler
                0x08006234      0xe54 ./Drivers/STM32H7xx_HAL_Driver/Src/stm32h7xx_hal_dma.o
                0x08006234                HAL_DMA_IRQHandler
 .text.DMA_SetConfig
                0x08007088      0x358 ./Drivers/STM32H7xx_HAL_Driver/Src/stm32h7xx_hal_dma.o
 .text.DMA_CalcBaseAndBitshift
                0x080073e0      0x164 ./Drivers/STM32H7xx_HAL_Driver/Src/stm32h7xx_hal_dma.o
 .text.DMA_CheckFifoParam
                0x08007544       0xf8 ./Drivers/STM32H7xx_HAL_Driver/Src/stm32h7xx_hal_dma.o
 .text.DMA_CalcDMAMUXChannelBaseAndMask
                0x0800763c      0x134 ./Drivers/STM32H7xx_HAL_Driver/Src/stm32h7xx_hal_dma.o
 .text.DMA_CalcDMAMUXRequestGenBaseAndMask
                0x08007770       0xe8 ./Drivers/STM32H7xx_HAL_Driver/Src/stm32h7xx_hal_dma.o
 .text.HAL_FDCAN_Init
                0x08007858      0x3bc ./Drivers/STM32H7xx_HAL_Driver/Src/stm32h7xx_hal_fdcan.o
                0x08007858                HAL_FDCAN_Init
 .text.HAL_FDCAN_ConfigFilter
                0x08007c14       0xec ./Drivers/STM32H7xx_HAL_Driver/Src/stm32h7xx_hal_fdcan.o
                0x08007c14                HAL_FDCAN_ConfigFilter
 .text.HAL_FDCAN_Start
                0x08007d00       0x56 ./Drivers/STM32H7xx_HAL_Driver/Src/stm32h7xx_hal_fdcan.o
                0x08007d00                HAL_FDCAN_Start
 .text.HAL_FDCAN_AddMessageToTxFifoQ
                0x08007d56       0xb6 ./Drivers/STM32H7xx_HAL_Driver/Src/stm32h7xx_hal_fdcan.o
                0x08007d56                HAL_FDCAN_AddMessageToTxFifoQ
 .text.HAL_FDCAN_GetRxMessage
                0x08007e0c      0x2d8 ./Drivers/STM32H7xx_HAL_Driver/Src/stm32h7xx_hal_fdcan.o
                0x08007e0c                HAL_FDCAN_GetRxMessage
 .text.HAL_FDCAN_GetTxFifoFreeLevel
                0x080080e4       0x24 ./Drivers/STM32H7xx_HAL_Driver/Src/stm32h7xx_hal_fdcan.o
                0x080080e4                HAL_FDCAN_GetTxFifoFreeLevel
 .text.HAL_FDCAN_ActivateNotification
                0x08008108       0xf4 ./Drivers/STM32H7xx_HAL_Driver/Src/stm32h7xx_hal_fdcan.o
                0x08008108                HAL_FDCAN_ActivateNotification
 .text.HAL_FDCAN_IRQHandler
                0x080081fc      0x4bc ./Drivers/STM32H7xx_HAL_Driver/Src/stm32h7xx_hal_fdcan.o
                0x080081fc                HAL_FDCAN_IRQHandler
 .text.HAL_FDCAN_ClockCalibrationCallback
                0x080086b8       0x16 ./Drivers/STM32H7xx_HAL_Driver/Src/stm32h7xx_hal_fdcan.o
                0x080086b8                HAL_FDCAN_ClockCalibrationCallback
 .text.HAL_FDCAN_TxEventFifoCallback
                0x080086ce       0x16 ./Drivers/STM32H7xx_HAL_Driver/Src/stm32h7xx_hal_fdcan.o
                0x080086ce                HAL_FDCAN_TxEventFifoCallback
 .text.HAL_FDCAN_TxFifoEmptyCallback
                0x080086e4       0x14 ./Drivers/STM32H7xx_HAL_Driver/Src/stm32h7xx_hal_fdcan.o
                0x080086e4                HAL_FDCAN_TxFifoEmptyCallback
 .text.HAL_FDCAN_TxBufferCompleteCallback
                0x080086f8       0x16 ./Drivers/STM32H7xx_HAL_Driver/Src/stm32h7xx_hal_fdcan.o
                0x080086f8                HAL_FDCAN_TxBufferCompleteCallback
 .text.HAL_FDCAN_TxBufferAbortCallback
                0x0800870e       0x16 ./Drivers/STM32H7xx_HAL_Driver/Src/stm32h7xx_hal_fdcan.o
                0x0800870e                HAL_FDCAN_TxBufferAbortCallback
 .text.HAL_FDCAN_RxBufferNewMessageCallback
                0x08008724       0x14 ./Drivers/STM32H7xx_HAL_Driver/Src/stm32h7xx_hal_fdcan.o
                0x08008724                HAL_FDCAN_RxBufferNewMessageCallback
 .text.HAL_FDCAN_TimestampWraparoundCallback
                0x08008738       0x14 ./Drivers/STM32H7xx_HAL_Driver/Src/stm32h7xx_hal_fdcan.o
                0x08008738                HAL_FDCAN_TimestampWraparoundCallback
 .text.HAL_FDCAN_TimeoutOccurredCallback
                0x0800874c       0x14 ./Drivers/STM32H7xx_HAL_Driver/Src/stm32h7xx_hal_fdcan.o
                0x0800874c                HAL_FDCAN_TimeoutOccurredCallback
 .text.HAL_FDCAN_HighPriorityMessageCallback
                0x08008760       0x14 ./Drivers/STM32H7xx_HAL_Driver/Src/stm32h7xx_hal_fdcan.o
                0x08008760                HAL_FDCAN_HighPriorityMessageCallback
 .text.HAL_FDCAN_ErrorCallback
                0x08008774       0x14 ./Drivers/STM32H7xx_HAL_Driver/Src/stm32h7xx_hal_fdcan.o
                0x08008774                HAL_FDCAN_ErrorCallback
 .text.HAL_FDCAN_ErrorStatusCallback
                0x08008788       0x16 ./Drivers/STM32H7xx_HAL_Driver/Src/stm32h7xx_hal_fdcan.o
                0x08008788                HAL_FDCAN_ErrorStatusCallback
 .text.HAL_FDCAN_TT_ScheduleSyncCallback
                0x0800879e       0x16 ./Drivers/STM32H7xx_HAL_Driver/Src/stm32h7xx_hal_fdcan.o
                0x0800879e                HAL_FDCAN_TT_ScheduleSyncCallback
 .text.HAL_FDCAN_TT_TimeMarkCallback
                0x080087b4       0x16 ./Drivers/STM32H7xx_HAL_Driver/Src/stm32h7xx_hal_fdcan.o
                0x080087b4                HAL_FDCAN_TT_TimeMarkCallback
 .text.HAL_FDCAN_TT_StopWatchCallback
                0x080087ca       0x18 ./Drivers/STM32H7xx_HAL_Driver/Src/stm32h7xx_hal_fdcan.o
                0x080087ca                HAL_FDCAN_TT_StopWatchCallback
 .text.HAL_FDCAN_TT_GlobalTimeCallback
                0x080087e2       0x16 ./Drivers/STM32H7xx_HAL_Driver/Src/stm32h7xx_hal_fdcan.o
                0x080087e2                HAL_FDCAN_TT_GlobalTimeCallback
 .text.FDCAN_CalcultateRamBlockAddresses
                0x080087f8      0x30c ./Drivers/STM32H7xx_HAL_Driver/Src/stm32h7xx_hal_fdcan.o
 .text.FDCAN_CopyMessageToRAM
                0x08008b04       0xfc ./Drivers/STM32H7xx_HAL_Driver/Src/stm32h7xx_hal_fdcan.o
 .text.HAL_GPIO_Init
                0x08008c00      0x350 ./Drivers/STM32H7xx_HAL_Driver/Src/stm32h7xx_hal_gpio.o
                0x08008c00                HAL_GPIO_Init
 .text.HAL_GPIO_ReadPin
                0x08008f50       0x30 ./Drivers/STM32H7xx_HAL_Driver/Src/stm32h7xx_hal_gpio.o
                0x08008f50                HAL_GPIO_ReadPin
 .text.HAL_GPIO_EXTI_IRQHandler
                0x08008f80       0x34 ./Drivers/STM32H7xx_HAL_Driver/Src/stm32h7xx_hal_gpio.o
                0x08008f80                HAL_GPIO_EXTI_IRQHandler
 .text.HAL_I2S_Init
                0x08008fb4      0x260 ./Drivers/STM32H7xx_HAL_Driver/Src/stm32h7xx_hal_i2s.o
                0x08008fb4                HAL_I2S_Init
 .text.HAL_I2S_Transmit
                0x08009214      0x1cc ./Drivers/STM32H7xx_HAL_Driver/Src/stm32h7xx_hal_i2s.o
                0x08009214                HAL_I2S_Transmit
 .text.HAL_I2S_DMAStop
                0x080093e0       0x9e ./Drivers/STM32H7xx_HAL_Driver/Src/stm32h7xx_hal_i2s.o
                0x080093e0                HAL_I2S_DMAStop
 .text.HAL_I2S_GetState
                0x0800947e       0x1c ./Drivers/STM32H7xx_HAL_Driver/Src/stm32h7xx_hal_i2s.o
                0x0800947e                HAL_I2S_GetState
 .text.HAL_I2S_GetError
                0x0800949a       0x18 ./Drivers/STM32H7xx_HAL_Driver/Src/stm32h7xx_hal_i2s.o
                0x0800949a                HAL_I2S_GetError
 .text.I2S_WaitFlagStateUntilTimeout
                0x080094b2       0x6c ./Drivers/STM32H7xx_HAL_Driver/Src/stm32h7xx_hal_i2s.o
 *fill*         0x0800951e        0x2 
 .text.HAL_PWREx_ConfigSupply
                0x08009520       0x74 ./Drivers/STM32H7xx_HAL_Driver/Src/stm32h7xx_hal_pwr_ex.o
                0x08009520                HAL_PWREx_ConfigSupply
 .text.HAL_RCC_OscConfig
                0x08009594      0x7b4 ./Drivers/STM32H7xx_HAL_Driver/Src/stm32h7xx_hal_rcc.o
                0x08009594                HAL_RCC_OscConfig
 .text.HAL_RCC_ClockConfig
                0x08009d48      0x36c ./Drivers/STM32H7xx_HAL_Driver/Src/stm32h7xx_hal_rcc.o
                0x08009d48                HAL_RCC_ClockConfig
 .text.HAL_RCC_GetSysClockFreq
                0x0800a0b4      0x2f4 ./Drivers/STM32H7xx_HAL_Driver/Src/stm32h7xx_hal_rcc.o
                0x0800a0b4                HAL_RCC_GetSysClockFreq
 .text.HAL_RCC_GetHCLKFreq
                0x0800a3a8       0x60 ./Drivers/STM32H7xx_HAL_Driver/Src/stm32h7xx_hal_rcc.o
                0x0800a3a8                HAL_RCC_GetHCLKFreq
 .text.HAL_RCC_GetPCLK1Freq
                0x0800a408       0x2c ./Drivers/STM32H7xx_HAL_Driver/Src/stm32h7xx_hal_rcc.o
                0x0800a408                HAL_RCC_GetPCLK1Freq
 .text.HAL_RCCEx_PeriphCLKConfig
                0x0800a434     0x1340 ./Drivers/STM32H7xx_HAL_Driver/Src/stm32h7xx_hal_rcc_ex.o
                0x0800a434                HAL_RCCEx_PeriphCLKConfig
 .text.HAL_RCCEx_GetPeriphCLKFreq
                0x0800b774      0x9a4 ./Drivers/STM32H7xx_HAL_Driver/Src/stm32h7xx_hal_rcc_ex.o
                0x0800b774                HAL_RCCEx_GetPeriphCLKFreq
 .text.HAL_RCCEx_GetD3PCLK1Freq
                0x0800c118       0x2c ./Drivers/STM32H7xx_HAL_Driver/Src/stm32h7xx_hal_rcc_ex.o
                0x0800c118                HAL_RCCEx_GetD3PCLK1Freq
 .text.HAL_RCCEx_GetPLL2ClockFreq
                0x0800c144      0x2a8 ./Drivers/STM32H7xx_HAL_Driver/Src/stm32h7xx_hal_rcc_ex.o
                0x0800c144                HAL_RCCEx_GetPLL2ClockFreq
 .text.HAL_RCCEx_GetPLL3ClockFreq
                0x0800c3ec      0x2a8 ./Drivers/STM32H7xx_HAL_Driver/Src/stm32h7xx_hal_rcc_ex.o
                0x0800c3ec                HAL_RCCEx_GetPLL3ClockFreq
 .text.HAL_RCCEx_GetPLL1ClockFreq
                0x0800c694      0x2a4 ./Drivers/STM32H7xx_HAL_Driver/Src/stm32h7xx_hal_rcc_ex.o
                0x0800c694                HAL_RCCEx_GetPLL1ClockFreq
 .text.RCCEx_PLL2_Config
                0x0800c938      0x164 ./Drivers/STM32H7xx_HAL_Driver/Src/stm32h7xx_hal_rcc_ex.o
 .text.RCCEx_PLL3_Config
                0x0800ca9c      0x164 ./Drivers/STM32H7xx_HAL_Driver/Src/stm32h7xx_hal_rcc_ex.o
 .text.HAL_TIM_Base_Init
                0x0800cc00       0xae ./Drivers/STM32H7xx_HAL_Driver/Src/stm32h7xx_hal_tim.o
                0x0800cc00                HAL_TIM_Base_Init
 *fill*         0x0800ccae        0x2 
 .text.HAL_TIM_Base_Start_IT
                0x0800ccb0      0x10c ./Drivers/STM32H7xx_HAL_Driver/Src/stm32h7xx_hal_tim.o
                0x0800ccb0                HAL_TIM_Base_Start_IT
 .text.HAL_TIM_Base_Stop_IT
                0x0800cdbc       0x5e ./Drivers/STM32H7xx_HAL_Driver/Src/stm32h7xx_hal_tim.o
                0x0800cdbc                HAL_TIM_Base_Stop_IT
 .text.HAL_TIM_IRQHandler
                0x0800ce1a      0x20e ./Drivers/STM32H7xx_HAL_Driver/Src/stm32h7xx_hal_tim.o
                0x0800ce1a                HAL_TIM_IRQHandler
 .text.HAL_TIM_ConfigClockSource
                0x0800d028      0x1f0 ./Drivers/STM32H7xx_HAL_Driver/Src/stm32h7xx_hal_tim.o
                0x0800d028                HAL_TIM_ConfigClockSource
 .text.HAL_TIM_OC_DelayElapsedCallback
                0x0800d218       0x14 ./Drivers/STM32H7xx_HAL_Driver/Src/stm32h7xx_hal_tim.o
                0x0800d218                HAL_TIM_OC_DelayElapsedCallback
 .text.HAL_TIM_IC_CaptureCallback
                0x0800d22c       0x14 ./Drivers/STM32H7xx_HAL_Driver/Src/stm32h7xx_hal_tim.o
                0x0800d22c                HAL_TIM_IC_CaptureCallback
 .text.HAL_TIM_PWM_PulseFinishedCallback
                0x0800d240       0x14 ./Drivers/STM32H7xx_HAL_Driver/Src/stm32h7xx_hal_tim.o
                0x0800d240                HAL_TIM_PWM_PulseFinishedCallback
 .text.HAL_TIM_TriggerCallback
                0x0800d254       0x14 ./Drivers/STM32H7xx_HAL_Driver/Src/stm32h7xx_hal_tim.o
                0x0800d254                HAL_TIM_TriggerCallback
 .text.TIM_Base_SetConfig
                0x0800d268      0x158 ./Drivers/STM32H7xx_HAL_Driver/Src/stm32h7xx_hal_tim.o
                0x0800d268                TIM_Base_SetConfig
 .text.TIM_TI1_ConfigInputStage
                0x0800d3c0       0x5e ./Drivers/STM32H7xx_HAL_Driver/Src/stm32h7xx_hal_tim.o
 .text.TIM_TI2_ConfigInputStage
                0x0800d41e       0x60 ./Drivers/STM32H7xx_HAL_Driver/Src/stm32h7xx_hal_tim.o
 *fill*         0x0800d47e        0x2 
 .text.TIM_ITRx_SetConfig
                0x0800d480       0x3c ./Drivers/STM32H7xx_HAL_Driver/Src/stm32h7xx_hal_tim.o
 .text.TIM_ETR_SetConfig
                0x0800d4bc       0x40 ./Drivers/STM32H7xx_HAL_Driver/Src/stm32h7xx_hal_tim.o
                0x0800d4bc                TIM_ETR_SetConfig
 .text.HAL_TIMEx_MasterConfigSynchronization
                0x0800d4fc      0x138 ./Drivers/STM32H7xx_HAL_Driver/Src/stm32h7xx_hal_tim_ex.o
                0x0800d4fc                HAL_TIMEx_MasterConfigSynchronization
 .text.HAL_TIMEx_CommutCallback
                0x0800d634       0x14 ./Drivers/STM32H7xx_HAL_Driver/Src/stm32h7xx_hal_tim_ex.o
                0x0800d634                HAL_TIMEx_CommutCallback
 .text.HAL_TIMEx_BreakCallback
                0x0800d648       0x14 ./Drivers/STM32H7xx_HAL_Driver/Src/stm32h7xx_hal_tim_ex.o
                0x0800d648                HAL_TIMEx_BreakCallback
 .text.HAL_TIMEx_Break2Callback
                0x0800d65c       0x14 ./Drivers/STM32H7xx_HAL_Driver/Src/stm32h7xx_hal_tim_ex.o
                0x0800d65c                HAL_TIMEx_Break2Callback
 .text.memset   0x0800d670       0x10 /Applications/STM32CubeIDE.app/Contents/Eclipse/plugins/com.st.stm32cube.ide.mcu.externaltools.gnu-tools-for-stm32.13.3.rel1.macos64_1.0.0.202411102158/tools/bin/../lib/gcc/arm-none-eabi/13.3.1/../../../../arm-none-eabi/lib/thumb/v7e-m+dp/hard/libc_nano.a(libc_a-memset.o)
                0x0800d670                memset
 .text.__libc_init_array
                0x0800d680       0x48 /Applications/STM32CubeIDE.app/Contents/Eclipse/plugins/com.st.stm32cube.ide.mcu.externaltools.gnu-tools-for-stm32.13.3.rel1.macos64_1.0.0.202411102158/tools/bin/../lib/gcc/arm-none-eabi/13.3.1/../../../../arm-none-eabi/lib/thumb/v7e-m+dp/hard/libc_nano.a(libc_a-init.o)
                0x0800d680                __libc_init_array
 .text.memcpy   0x0800d6c8       0x1c /Applications/STM32CubeIDE.app/Contents/Eclipse/plugins/com.st.stm32cube.ide.mcu.externaltools.gnu-tools-for-stm32.13.3.rel1.macos64_1.0.0.202411102158/tools/bin/../lib/gcc/arm-none-eabi/13.3.1/../../../../arm-none-eabi/lib/thumb/v7e-m+dp/hard/libc_nano.a(libc_a-memcpy-stub.o)
                0x0800d6c8                memcpy
 *(.glue_7)
 .glue_7        0x0800d6e4        0x0 linker stubs
 *(.glue_7t)
 .glue_7t       0x0800d6e4        0x0 linker stubs
 *(.eh_frame)
 .eh_frame      0x0800d6e4        0x0 /Applications/STM32CubeIDE.app/Contents/Eclipse/plugins/com.st.stm32cube.ide.mcu.externaltools.gnu-tools-for-stm32.13.3.rel1.macos64_1.0.0.202411102158/tools/bin/../lib/gcc/arm-none-eabi/13.3.1/thumb/v7e-m+dp/hard/crtbegin.o
 *(.init)
 .init          0x0800d6e4        0x4 /Applications/STM32CubeIDE.app/Contents/Eclipse/plugins/com.st.stm32cube.ide.mcu.externaltools.gnu-tools-for-stm32.13.3.rel1.macos64_1.0.0.202411102158/tools/bin/../lib/gcc/arm-none-eabi/13.3.1/thumb/v7e-m+dp/hard/crti.o
                0x0800d6e4                _init
 .init          0x0800d6e8        0x8 /Applications/STM32CubeIDE.app/Contents/Eclipse/plugins/com.st.stm32cube.ide.mcu.externaltools.gnu-tools-for-stm32.13.3.rel1.macos64_1.0.0.202411102158/tools/bin/../lib/gcc/arm-none-eabi/13.3.1/thumb/v7e-m+dp/hard/crtn.o
 *(.fini)
 .fini          0x0800d6f0        0x4 /Applications/STM32CubeIDE.app/Contents/Eclipse/plugins/com.st.stm32cube.ide.mcu.externaltools.gnu-tools-for-stm32.13.3.rel1.macos64_1.0.0.202411102158/tools/bin/../lib/gcc/arm-none-eabi/13.3.1/thumb/v7e-m+dp/hard/crti.o
                0x0800d6f0                _fini
 .fini          0x0800d6f4        0x8 /Applications/STM32CubeIDE.app/Contents/Eclipse/plugins/com.st.stm32cube.ide.mcu.externaltools.gnu-tools-for-stm32.13.3.rel1.macos64_1.0.0.202411102158/tools/bin/../lib/gcc/arm-none-eabi/13.3.1/thumb/v7e-m+dp/hard/crtn.o
                0x0800d6fc                        . = ALIGN (0x4)
                0x0800d6fc                        _etext = .

.vfp11_veneer   0x0800d6fc        0x0
 .vfp11_veneer  0x0800d6fc        0x0 linker stubs

.v4_bx          0x0800d6fc        0x0
 .v4_bx         0x0800d6fc        0x0 linker stubs

.iplt           0x0800d6fc        0x0
 .iplt          0x0800d6fc        0x0 /Applications/STM32CubeIDE.app/Contents/Eclipse/plugins/com.st.stm32cube.ide.mcu.externaltools.gnu-tools-for-stm32.13.3.rel1.macos64_1.0.0.202411102158/tools/bin/../lib/gcc/arm-none-eabi/13.3.1/thumb/v7e-m+dp/hard/crtbegin.o

.rodata         0x0800d6fc    0xc1d68
                0x0800d6fc                        . = ALIGN (0x4)
 *(.rodata)
 .rodata        0x0800d6fc       0x4c ./Drivers/STM32H7xx_HAL_Driver/Src/stm32h7xx_hal_fdcan.o
 *(.rodata*)
 .rodata.startup_sound
                0x0800d748    0xc1cf4 ./Core/Src/audio.o
                0x0800d748                startup_sound
 .rodata.D1CorePrescTable
                0x080cf43c       0x10 ./Core/Src/system_stm32h7xx.o
                0x080cf43c                D1CorePrescTable
 .rodata.flagBitshiftOffset.0
                0x080cf44c        0x8 ./Drivers/STM32H7xx_HAL_Driver/Src/stm32h7xx_hal_dma.o
 .rodata.DLCtoBytes
                0x080cf454       0x10 ./Drivers/STM32H7xx_HAL_Driver/Src/stm32h7xx_hal_fdcan.o
                0x080cf464                        . = ALIGN (0x4)

.ARM.extab
 *(.ARM.extab* .gnu.linkonce.armextab.*)

.ARM            0x080cf464        0x0
                0x080cf464                        __exidx_start = .
 *(.ARM.exidx*)
                0x080cf464                        __exidx_end = .

.preinit_array  0x080cf464        0x0
                0x080cf464                        PROVIDE (__preinit_array_start = .)
 *(.preinit_array*)
                0x080cf464                        PROVIDE (__preinit_array_end = .)

.init_array     0x080cf464        0x4
                0x080cf464                        PROVIDE (__init_array_start = .)
 *(SORT_BY_NAME(.init_array.*))
 *(.init_array*)
 .init_array    0x080cf464        0x4 /Applications/STM32CubeIDE.app/Contents/Eclipse/plugins/com.st.stm32cube.ide.mcu.externaltools.gnu-tools-for-stm32.13.3.rel1.macos64_1.0.0.202411102158/tools/bin/../lib/gcc/arm-none-eabi/13.3.1/thumb/v7e-m+dp/hard/crtbegin.o
                0x080cf468                        PROVIDE (__init_array_end = .)

.fini_array     0x080cf468        0x4
                [!provide]                        PROVIDE (__fini_array_start = .)
 *(SORT_BY_NAME(.fini_array.*))
 *(.fini_array*)
 .fini_array    0x080cf468        0x4 /Applications/STM32CubeIDE.app/Contents/Eclipse/plugins/com.st.stm32cube.ide.mcu.externaltools.gnu-tools-for-stm32.13.3.rel1.macos64_1.0.0.202411102158/tools/bin/../lib/gcc/arm-none-eabi/13.3.1/thumb/v7e-m+dp/hard/crtbegin.o
                [!provide]                        PROVIDE (__fini_array_end = .)
                0x080cf46c                        _sidata = LOADADDR (.data)

.rel.dyn        0x080cf46c        0x0
 .rel.iplt      0x080cf46c        0x0 /Applications/STM32CubeIDE.app/Contents/Eclipse/plugins/com.st.stm32cube.ide.mcu.externaltools.gnu-tools-for-stm32.13.3.rel1.macos64_1.0.0.202411102158/tools/bin/../lib/gcc/arm-none-eabi/13.3.1/thumb/v7e-m+dp/hard/crtbegin.o

.data           0x24000000       0x10 load address 0x080cf46c
                0x24000000                        . = ALIGN (0x4)
                0x24000000                        _sdata = .
 *(.data)
 *(.data*)
 .data.SystemCoreClock
                0x24000000        0x4 ./Core/Src/system_stm32h7xx.o
                0x24000000                SystemCoreClock
 .data.SystemD2Clock
                0x24000004        0x4 ./Core/Src/system_stm32h7xx.o
                0x24000004                SystemD2Clock
 .data.uwTickPrio
                0x24000008        0x4 ./Drivers/STM32H7xx_HAL_Driver/Src/stm32h7xx_hal.o
                0x24000008                uwTickPrio
 .data.uwTickFreq
                0x2400000c        0x1 ./Drivers/STM32H7xx_HAL_Driver/Src/stm32h7xx_hal.o
                0x2400000c                uwTickFreq
 *(.RamFunc)
 *(.RamFunc*)
                0x24000010                        . = ALIGN (0x4)
 *fill*         0x2400000d        0x3 
                0x24000010                        _edata = .

.igot.plt       0x24000010        0x0 load address 0x080cf47c
 .igot.plt      0x24000010        0x0 /Applications/STM32CubeIDE.app/Contents/Eclipse/plugins/com.st.stm32cube.ide.mcu.externaltools.gnu-tools-for-stm32.13.3.rel1.macos64_1.0.0.202411102158/tools/bin/../lib/gcc/arm-none-eabi/13.3.1/thumb/v7e-m+dp/hard/crtbegin.o
                0x24000010                        . = ALIGN (0x4)

.bss            0x24000010     0x25d0 load address 0x080cf47c
                0x24000010                        _sbss = .
                0x24000010                        __bss_start__ = _sbss
 *(.bss)
 .bss           0x24000010       0x1c /Applications/STM32CubeIDE.app/Contents/Eclipse/plugins/com.st.stm32cube.ide.mcu.externaltools.gnu-tools-for-stm32.13.3.rel1.macos64_1.0.0.202411102158/tools/bin/../lib/gcc/arm-none-eabi/13.3.1/thumb/v7e-m+dp/hard/crtbegin.o
 *(.bss*)
 .bss.hadc3     0x2400002c       0x70 ./Core/Src/adc.o
                0x2400002c                hadc3
 .bss.hdma_adc3
                0x2400009c       0x78 ./Core/Src/adc.o
                0x2400009c                hdma_adc3
 .bss.debug     0x24000114       0x3c ./Core/Src/audio.o
 .bss.wavPos    0x24000150        0x4 ./Core/Src/audio.o
 .bss.wavePCM   0x24000154        0x4 ./Core/Src/audio.o
 .bss.halfwordCount
                0x24000158        0x4 ./Core/Src/audio.o
 .bss.waveFinished
                0x2400015c        0x1 ./Core/Src/audio.o
 *fill*         0x2400015d        0x3 
 .bss.scaledPlaybackBuffer
                0x24000160     0x2000 ./Core/Src/audio.o
 .bss.lastPlaybackStartTick
                0x24002160        0x4 ./Core/Src/audio.o
 .bss.hasStartedPlayback
                0x24002164        0x1 ./Core/Src/audio.o
 .bss.scalePlaybackSamples
                0x24002165        0x1 ./Core/Src/audio.o
 *fill*         0x24002166        0x2 
 .bss.cooling_cmd_df
                0x24002168        0x8 ./Core/Src/cooling.o
 .bss.CoolingCmd_TxHeader
                0x24002170       0x24 ./Core/Src/cooling.o
 .bss.last_tractive_fan_pwm
                0x24002194        0x1 ./Core/Src/cooling.o
 .bss.last_tractive_pump_pwm
                0x24002195        0x1 ./Core/Src/cooling.o
 .bss.last_accy_fan_pwm
                0x24002196        0x1 ./Core/Src/cooling.o
 *fill*         0x24002197        0x1 
 .bss.bms_avg_temp
                0x24002198        0x4 ./Core/Src/cooling.o
 .bss.phase_a_temp
                0x2400219c        0x4 ./Core/Src/cooling.o
 .bss.phase_b_temp
                0x240021a0        0x4 ./Core/Src/cooling.o
 .bss.phase_c_temp
                0x240021a4        0x4 ./Core/Src/cooling.o
 .bss.inv_avg_temp
                0x240021a8        0x4 ./Core/Src/cooling.o
 .bss.last_send_time
                0x240021ac        0x4 ./Core/Src/cooling.o
 .bss.hfdcan1   0x240021b0       0xa0 ./Core/Src/fdcan.o
                0x240021b0                hfdcan1
 .bss.hfdcan2   0x24002250       0xa0 ./Core/Src/fdcan.o
                0x24002250                hfdcan2
 .bss.HAL_RCC_FDCAN_CLK_ENABLED
                0x240022f0        0x4 ./Core/Src/fdcan.o
 .bss.RxHeader1
                0x240022f4       0x28 ./Core/Src/fdcan.o
                0x240022f4                RxHeader1
 .bss.RxData1   0x2400231c        0x8 ./Core/Src/fdcan.o
                0x2400231c                RxData1
 .bss.RxHeader2
                0x24002324       0x28 ./Core/Src/fdcan.o
                0x24002324                RxHeader2
 .bss.RxData2   0x2400234c        0x8 ./Core/Src/fdcan.o
                0x2400234c                RxData2
 .bss.hi2s2     0x24002354       0x54 ./Core/Src/i2s.o
                0x24002354                hi2s2
 .bss.hdma_spi2_tx
                0x240023a8       0x78 ./Core/Src/i2s.o
                0x240023a8                hdma_spi2_tx
 .bss.fdcan1_debug_cb
                0x24002420        0x4 ./Core/Src/main.o
                0x24002420                fdcan1_debug_cb
 .bss.fdcan2_debug_cb
                0x24002424        0x4 ./Core/Src/main.o
                0x24002424                fdcan2_debug_cb
 .bss.fdcan_rx_count
                0x24002428        0x4 ./Core/Src/main.o
                0x24002428                fdcan_rx_count
 .bss.fdcan_rx_error_count
                0x2400242c        0x4 ./Core/Src/main.o
                0x2400242c                fdcan_rx_error_count
 .bss.bms_fault_pending
                0x24002430        0x1 ./Core/Src/main.o
 .bss.imd_fault_pending
                0x24002431        0x1 ./Core/Src/main.o
 .bss.bspd_fault_pending
                0x24002432        0x1 ./Core/Src/main.o
 *fill*         0x24002433        0x1 
 .bss.bms_fault_pending_since
                0x24002434        0x4 ./Core/Src/main.o
 .bss.imd_fault_pending_since
                0x24002438        0x4 ./Core/Src/main.o
 .bss.bspd_fault_pending_since
                0x2400243c        0x4 ./Core/Src/main.o
 .bss.rtd_debug
                0x24002440        0x1 ./Core/Src/main.o
                0x24002440                rtd_debug
 .bss.prchg_debug
                0x24002441        0x1 ./Core/Src/main.o
                0x24002441                prchg_debug
 *fill*         0x24002442        0x2 
 .bss.inverter_tx_rate_limiter
                0x24002444        0x4 ./Core/Src/main.o
                0x24002444                inverter_tx_rate_limiter
 .bss.inverter_lockout_start
                0x24002448        0x4 ./Core/Src/main.o
                0x24002448                inverter_lockout_start
 .bss.sound_success
                0x2400244c        0x1 ./Core/Src/main.o
 *fill*         0x2400244d        0x3 
 .bss.Inverter_TxHeader
                0x24002450       0x24 ./Core/Src/motor_control.o
 .bss.Inverter_TxData
                0x24002474        0x8 ./Core/Src/motor_control.o
 .bss.ADC_VAL   0x2400247c        0x6 ./Core/Src/motor_control.o
                0x2400247c                ADC_VAL
 *fill*         0x24002482        0x2 
 .bss.voltage_values
                0x24002484        0xc ./Core/Src/motor_control.o
                0x24002484                voltage_values
 .bss.pedal_percents
                0x24002490        0xc ./Core/Src/motor_control.o
                0x24002490                pedal_percents
 .bss.requestedTorque
                0x2400249c        0x4 ./Core/Src/motor_control.o
                0x2400249c                requestedTorque
 .bss.inverter_diagnostics
                0x240024a0        0xc ./Core/Src/motor_control.o
 .bss.plausibility_checks
                0x240024ac        0x3 ./Core/Src/motor_control.o
                0x240024ac                plausibility_checks
 *fill*         0x240024af        0x1 
 .bss.millis_since_apps_implausible
                0x240024b0        0x4 ./Core/Src/motor_control.o
 .bss.millis_since_bse_implausible
                0x240024b4        0x4 ./Core/Src/motor_control.o
 .bss.TR_CAN_Debug
                0x240024b8        0x1 ./Core/Src/motor_control.o
 *fill*         0x240024b9        0x3 
 .bss.torque_requests_sent
                0x240024bc        0x4 ./Core/Src/motor_control.o
 .bss.PRCHG_TxHeader
                0x240024c0       0x24 ./Core/Src/prchg.o
 .bss.PRCHG_TxData
                0x240024e4        0x8 ./Core/Src/prchg.o
 .bss.precharge_response_received
                0x240024ec        0x1 ./Core/Src/prchg.o
                0x240024ec                precharge_response_received
 .bss.precharge_state
                0x240024ed        0x1 ./Core/Src/prchg.o
                0x240024ed                precharge_state
 *fill*         0x240024ee        0x2 
 .bss.fdcan1_irq_count
                0x240024f0        0x4 ./Core/Src/stm32h7xx_it.o
                0x240024f0                fdcan1_irq_count
 .bss.htim1     0x240024f4       0x4c ./Core/Src/tim.o
                0x240024f4                htim1
 .bss.htim2     0x24002540       0x4c ./Core/Src/tim.o
                0x24002540                htim2
 .bss.htim3     0x2400258c       0x4c ./Core/Src/tim.o
                0x2400258c                htim3
 .bss.vcu_state
                0x240025d8        0x1 ./Core/Src/vcu_state.o
                0x240025d8                vcu_state
 .bss.rtd_button_pressed
                0x240025d9        0x1 ./Core/Src/vcu_state.o
                0x240025d9                rtd_button_pressed
 .bss.prchg_button_pressed
                0x240025da        0x1 ./Core/Src/vcu_state.o
                0x240025da                prchg_button_pressed
 *fill*         0x240025db        0x1 
 .bss.uwTick    0x240025dc        0x4 ./Drivers/STM32H7xx_HAL_Driver/Src/stm32h7xx_hal.o
                0x240025dc                uwTick
 *(COMMON)
                0x240025e0                        . = ALIGN (0x4)
                0x240025e0                        _ebss = .
                0x240025e0                        __bss_end__ = _ebss

._user_heap_stack
                0x240025e0      0x600 load address 0x080cf47c
                0x240025e0                        . = ALIGN (0x8)
                [!provide]                        PROVIDE (end = .)
                0x240025e0                        PROVIDE (_end = .)
                0x240027e0                        . = (. + _Min_Heap_Size)
 *fill*         0x240025e0      0x200 
                0x24002be0                        . = (. + _Min_Stack_Size)
 *fill*         0x240027e0      0x400 
                0x24002be0                        . = ALIGN (0x8)

/DISCARD/
 libc.a(*)
 libm.a(*)
 libgcc.a(*)

.ARM.attributes
                0x00000000       0x2e
 *(.ARM.attributes)
 .ARM.attributes
                0x00000000       0x20 /Applications/STM32CubeIDE.app/Contents/Eclipse/plugins/com.st.stm32cube.ide.mcu.externaltools.gnu-tools-for-stm32.13.3.rel1.macos64_1.0.0.202411102158/tools/bin/../lib/gcc/arm-none-eabi/13.3.1/thumb/v7e-m+dp/hard/crti.o
 .ARM.attributes
                0x00000020       0x32 /Applications/STM32CubeIDE.app/Contents/Eclipse/plugins/com.st.stm32cube.ide.mcu.externaltools.gnu-tools-for-stm32.13.3.rel1.macos64_1.0.0.202411102158/tools/bin/../lib/gcc/arm-none-eabi/13.3.1/thumb/v7e-m+dp/hard/crtbegin.o
 .ARM.attributes
                0x00000052       0x32 ./Core/Src/adc.o
 .ARM.attributes
                0x00000084       0x32 ./Core/Src/audio.o
 .ARM.attributes
                0x000000b6       0x32 ./Core/Src/cooling.o
 .ARM.attributes
                0x000000e8       0x32 ./Core/Src/dma.o
 .ARM.attributes
                0x0000011a       0x32 ./Core/Src/fdcan.o
 .ARM.attributes
                0x0000014c       0x32 ./Core/Src/gpio.o
 .ARM.attributes
                0x0000017e       0x32 ./Core/Src/i2s.o
 .ARM.attributes
                0x000001b0       0x32 ./Core/Src/main.o
 .ARM.attributes
                0x000001e2       0x32 ./Core/Src/motor_control.o
 .ARM.attributes
                0x00000214       0x32 ./Core/Src/prchg.o
 .ARM.attributes
                0x00000246       0x32 ./Core/Src/stm32h7xx_hal_msp.o
 .ARM.attributes
                0x00000278       0x32 ./Core/Src/stm32h7xx_it.o
 .ARM.attributes
                0x000002aa       0x32 ./Core/Src/system_stm32h7xx.o
 .ARM.attributes
                0x000002dc       0x32 ./Core/Src/tim.o
 .ARM.attributes
                0x0000030e       0x32 ./Core/Src/vcu_state.o
 .ARM.attributes
                0x00000340       0x21 ./Core/Startup/startup_stm32h723zgtx.o
 .ARM.attributes
                0x00000361       0x32 ./Drivers/STM32H7xx_HAL_Driver/Src/stm32h7xx_hal.o
 .ARM.attributes
                0x00000393       0x32 ./Drivers/STM32H7xx_HAL_Driver/Src/stm32h7xx_hal_adc.o
 .ARM.attributes
                0x000003c5       0x32 ./Drivers/STM32H7xx_HAL_Driver/Src/stm32h7xx_hal_adc_ex.o
 .ARM.attributes
                0x000003f7       0x32 ./Drivers/STM32H7xx_HAL_Driver/Src/stm32h7xx_hal_cortex.o
 .ARM.attributes
                0x00000429       0x32 ./Drivers/STM32H7xx_HAL_Driver/Src/stm32h7xx_hal_dma.o
 .ARM.attributes
                0x0000045b       0x32 ./Drivers/STM32H7xx_HAL_Driver/Src/stm32h7xx_hal_fdcan.o
 .ARM.attributes
                0x0000048d       0x32 ./Drivers/STM32H7xx_HAL_Driver/Src/stm32h7xx_hal_gpio.o
 .ARM.attributes
                0x000004bf       0x32 ./Drivers/STM32H7xx_HAL_Driver/Src/stm32h7xx_hal_i2s.o
 .ARM.attributes
                0x000004f1       0x32 ./Drivers/STM32H7xx_HAL_Driver/Src/stm32h7xx_hal_pwr_ex.o
 .ARM.attributes
                0x00000523       0x32 ./Drivers/STM32H7xx_HAL_Driver/Src/stm32h7xx_hal_rcc.o
 .ARM.attributes
                0x00000555       0x32 ./Drivers/STM32H7xx_HAL_Driver/Src/stm32h7xx_hal_rcc_ex.o
 .ARM.attributes
                0x00000587       0x32 ./Drivers/STM32H7xx_HAL_Driver/Src/stm32h7xx_hal_tim.o
 .ARM.attributes
                0x000005b9       0x32 ./Drivers/STM32H7xx_HAL_Driver/Src/stm32h7xx_hal_tim_ex.o
 .ARM.attributes
                0x000005eb       0x32 /Applications/STM32CubeIDE.app/Contents/Eclipse/plugins/com.st.stm32cube.ide.mcu.externaltools.gnu-tools-for-stm32.13.3.rel1.macos64_1.0.0.202411102158/tools/bin/../lib/gcc/arm-none-eabi/13.3.1/../../../../arm-none-eabi/lib/thumb/v7e-m+dp/hard/libc_nano.a(libc_a-memset.o)
 .ARM.attributes
                0x0000061d       0x32 /Applications/STM32CubeIDE.app/Contents/Eclipse/plugins/com.st.stm32cube.ide.mcu.externaltools.gnu-tools-for-stm32.13.3.rel1.macos64_1.0.0.202411102158/tools/bin/../lib/gcc/arm-none-eabi/13.3.1/../../../../arm-none-eabi/lib/thumb/v7e-m+dp/hard/libc_nano.a(libc_a-init.o)
 .ARM.attributes
                0x0000064f       0x32 /Applications/STM32CubeIDE.app/Contents/Eclipse/plugins/com.st.stm32cube.ide.mcu.externaltools.gnu-tools-for-stm32.13.3.rel1.macos64_1.0.0.202411102158/tools/bin/../lib/gcc/arm-none-eabi/13.3.1/../../../../arm-none-eabi/lib/thumb/v7e-m+dp/hard/libc_nano.a(libc_a-memcpy-stub.o)
 .ARM.attributes
                0x00000681       0x20 /Applications/STM32CubeIDE.app/Contents/Eclipse/plugins/com.st.stm32cube.ide.mcu.externaltools.gnu-tools-for-stm32.13.3.rel1.macos64_1.0.0.202411102158/tools/bin/../lib/gcc/arm-none-eabi/13.3.1/thumb/v7e-m+dp/hard/crtn.o
OUTPUT(mk11-vcu.elf elf32-littlearm)
LOAD linker stubs
LOAD /Applications/STM32CubeIDE.app/Contents/Eclipse/plugins/com.st.stm32cube.ide.mcu.externaltools.gnu-tools-for-stm32.13.3.rel1.macos64_1.0.0.202411102158/tools/bin/../lib/gcc/arm-none-eabi/13.3.1/../../../../arm-none-eabi/lib/thumb/v7e-m+dp/hard/libc.a
LOAD /Applications/STM32CubeIDE.app/Contents/Eclipse/plugins/com.st.stm32cube.ide.mcu.externaltools.gnu-tools-for-stm32.13.3.rel1.macos64_1.0.0.202411102158/tools/bin/../lib/gcc/arm-none-eabi/13.3.1/../../../../arm-none-eabi/lib/thumb/v7e-m+dp/hard/libm.a
LOAD /Applications/STM32CubeIDE.app/Contents/Eclipse/plugins/com.st.stm32cube.ide.mcu.externaltools.gnu-tools-for-stm32.13.3.rel1.macos64_1.0.0.202411102158/tools/bin/../lib/gcc/arm-none-eabi/13.3.1/thumb/v7e-m+dp/hard/libgcc.a

.debug_info     0x00000000    0x2358f
 .debug_info    0x00000000     0x16b7 ./Core/Src/adc.o
 .debug_info    0x000016b7      0xfc2 ./Core/Src/audio.o
 .debug_info    0x00002679      0xc0a ./Core/Src/cooling.o
 .debug_info    0x00003283      0x817 ./Core/Src/dma.o
 .debug_info    0x00003a9a     0x171f ./Core/Src/fdcan.o
 .debug_info    0x000051b9      0x9db ./Core/Src/gpio.o
 .debug_info    0x00005b94     0x1094 ./Core/Src/i2s.o
 .debug_info    0x00006c28     0x26f3 ./Core/Src/main.o
 .debug_info    0x0000931b      0xc7f ./Core/Src/motor_control.o
 .debug_info    0x00009f9a     0x1156 ./Core/Src/prchg.o
 .debug_info    0x0000b0f0      0x464 ./Core/Src/stm32h7xx_hal_msp.o
 .debug_info    0x0000b554     0x154b ./Core/Src/stm32h7xx_it.o
 .debug_info    0x0000ca9f      0xbf0 ./Core/Src/system_stm32h7xx.o
 .debug_info    0x0000d68f     0x1166 ./Core/Src/tim.o
 .debug_info    0x0000e7f5     0x195b ./Core/Src/vcu_state.o
 .debug_info    0x00010150       0x30 ./Core/Startup/startup_stm32h723zgtx.o
 .debug_info    0x00010180     0x1698 ./Drivers/STM32H7xx_HAL_Driver/Src/stm32h7xx_hal.o
 .debug_info    0x00011818     0x2320 ./Drivers/STM32H7xx_HAL_Driver/Src/stm32h7xx_hal_adc.o
 .debug_info    0x00013b38     0x22fa ./Drivers/STM32H7xx_HAL_Driver/Src/stm32h7xx_hal_adc_ex.o
 .debug_info    0x00015e32     0x10a5 ./Drivers/STM32H7xx_HAL_Driver/Src/stm32h7xx_hal_cortex.o
 .debug_info    0x00016ed7      0xb71 ./Drivers/STM32H7xx_HAL_Driver/Src/stm32h7xx_hal_dma.o
 .debug_info    0x00017a48     0x2baf ./Drivers/STM32H7xx_HAL_Driver/Src/stm32h7xx_hal_fdcan.o
 .debug_info    0x0001a5f7      0xc6b ./Drivers/STM32H7xx_HAL_Driver/Src/stm32h7xx_hal_gpio.o
 .debug_info    0x0001b262     0x1163 ./Drivers/STM32H7xx_HAL_Driver/Src/stm32h7xx_hal_i2s.o
 .debug_info    0x0001c3c5      0xdce ./Drivers/STM32H7xx_HAL_Driver/Src/stm32h7xx_hal_pwr_ex.o
 .debug_info    0x0001d193      0xd82 ./Drivers/STM32H7xx_HAL_Driver/Src/stm32h7xx_hal_rcc.o
 .debug_info    0x0001df15     0x120b ./Drivers/STM32H7xx_HAL_Driver/Src/stm32h7xx_hal_rcc_ex.o
 .debug_info    0x0001f120     0x2bae ./Drivers/STM32H7xx_HAL_Driver/Src/stm32h7xx_hal_tim.o
 .debug_info    0x00021cce     0x18c1 ./Drivers/STM32H7xx_HAL_Driver/Src/stm32h7xx_hal_tim_ex.o

.debug_abbrev   0x00000000     0x3fde
 .debug_abbrev  0x00000000      0x23f ./Core/Src/adc.o
 .debug_abbrev  0x0000023f      0x2a3 ./Core/Src/audio.o
 .debug_abbrev  0x000004e2      0x1fb ./Core/Src/cooling.o
 .debug_abbrev  0x000006dd      0x11e ./Core/Src/dma.o
 .debug_abbrev  0x000007fb      0x282 ./Core/Src/fdcan.o
 .debug_abbrev  0x00000a7d      0x194 ./Core/Src/gpio.o
 .debug_abbrev  0x00000c11      0x23b ./Core/Src/i2s.o
 .debug_abbrev  0x00000e4c      0x347 ./Core/Src/main.o
 .debug_abbrev  0x00001193      0x204 ./Core/Src/motor_control.o
 .debug_abbrev  0x00001397      0x1d9 ./Core/Src/prchg.o
 .debug_abbrev  0x00001570       0xdb ./Core/Src/stm32h7xx_hal_msp.o
 .debug_abbrev  0x0000164b      0x1f4 ./Core/Src/stm32h7xx_it.o
 .debug_abbrev  0x0000183f      0x153 ./Core/Src/system_stm32h7xx.o
 .debug_abbrev  0x00001992      0x224 ./Core/Src/tim.o
 .debug_abbrev  0x00001bb6      0x20e ./Core/Src/vcu_state.o
 .debug_abbrev  0x00001dc4       0x24 ./Core/Startup/startup_stm32h723zgtx.o
 .debug_abbrev  0x00001de8      0x29e ./Drivers/STM32H7xx_HAL_Driver/Src/stm32h7xx_hal.o
 .debug_abbrev  0x00002086      0x307 ./Drivers/STM32H7xx_HAL_Driver/Src/stm32h7xx_hal_adc.o
 .debug_abbrev  0x0000238d      0x345 ./Drivers/STM32H7xx_HAL_Driver/Src/stm32h7xx_hal_adc_ex.o
 .debug_abbrev  0x000026d2      0x339 ./Drivers/STM32H7xx_HAL_Driver/Src/stm32h7xx_hal_cortex.o
 .debug_abbrev  0x00002a0b      0x248 ./Drivers/STM32H7xx_HAL_Driver/Src/stm32h7xx_hal_dma.o
 .debug_abbrev  0x00002c53      0x288 ./Drivers/STM32H7xx_HAL_Driver/Src/stm32h7xx_hal_fdcan.o
 .debug_abbrev  0x00002edb      0x205 ./Drivers/STM32H7xx_HAL_Driver/Src/stm32h7xx_hal_gpio.o
 .debug_abbrev  0x000030e0      0x243 ./Drivers/STM32H7xx_HAL_Driver/Src/stm32h7xx_hal_i2s.o
 .debug_abbrev  0x00003323      0x295 ./Drivers/STM32H7xx_HAL_Driver/Src/stm32h7xx_hal_pwr_ex.o
 .debug_abbrev  0x000035b8      0x2b1 ./Drivers/STM32H7xx_HAL_Driver/Src/stm32h7xx_hal_rcc.o
 .debug_abbrev  0x00003869      0x269 ./Drivers/STM32H7xx_HAL_Driver/Src/stm32h7xx_hal_rcc_ex.o
 .debug_abbrev  0x00003ad2      0x276 ./Drivers/STM32H7xx_HAL_Driver/Src/stm32h7xx_hal_tim.o
 .debug_abbrev  0x00003d48      0x296 ./Drivers/STM32H7xx_HAL_Driver/Src/stm32h7xx_hal_tim_ex.o

.debug_aranges  0x00000000     0x1950
 .debug_aranges
                0x00000000       0x30 ./Core/Src/adc.o
 .debug_aranges
                0x00000030       0x58 ./Core/Src/audio.o
 .debug_aranges
                0x00000088       0x50 ./Core/Src/cooling.o
 .debug_aranges
                0x000000d8       0x20 ./Core/Src/dma.o
 .debug_aranges
                0x000000f8       0x48 ./Core/Src/fdcan.o
 .debug_aranges
                0x00000140       0x20 ./Core/Src/gpio.o
 .debug_aranges
                0x00000160       0x30 ./Core/Src/i2s.o
 .debug_aranges
                0x00000190       0x78 ./Core/Src/main.o
 .debug_aranges
                0x00000208       0x60 ./Core/Src/motor_control.o
 .debug_aranges
                0x00000268       0x38 ./Core/Src/prchg.o
 .debug_aranges
                0x000002a0       0x20 ./Core/Src/stm32h7xx_hal_msp.o
 .debug_aranges
                0x000002c0       0xb0 ./Core/Src/stm32h7xx_it.o
 .debug_aranges
                0x00000370       0x30 ./Core/Src/system_stm32h7xx.o
 .debug_aranges
                0x000003a0       0x40 ./Core/Src/tim.o
 .debug_aranges
                0x000003e0       0x20 ./Core/Src/vcu_state.o
 .debug_aranges
                0x00000400       0x28 ./Core/Startup/startup_stm32h723zgtx.o
 .debug_aranges
                0x00000428      0x1c8 ./Drivers/STM32H7xx_HAL_Driver/Src/stm32h7xx_hal.o
 .debug_aranges
                0x000005f0      0x268 ./Drivers/STM32H7xx_HAL_Driver/Src/stm32h7xx_hal_adc.o
 .debug_aranges
                0x00000858      0x1f8 ./Drivers/STM32H7xx_HAL_Driver/Src/stm32h7xx_hal_adc_ex.o
 .debug_aranges
                0x00000a50      0x130 ./Drivers/STM32H7xx_HAL_Driver/Src/stm32h7xx_hal_cortex.o
 .debug_aranges
                0x00000b80       0xa0 ./Drivers/STM32H7xx_HAL_Driver/Src/stm32h7xx_hal_dma.o
 .debug_aranges
                0x00000c20      0x338 ./Drivers/STM32H7xx_HAL_Driver/Src/stm32h7xx_hal_fdcan.o
 .debug_aranges
                0x00000f58       0x58 ./Drivers/STM32H7xx_HAL_Driver/Src/stm32h7xx_hal_gpio.o
 .debug_aranges
                0x00000fb0      0x160 ./Drivers/STM32H7xx_HAL_Driver/Src/stm32h7xx_hal_i2s.o
 .debug_aranges
                0x00001110      0x148 ./Drivers/STM32H7xx_HAL_Driver/Src/stm32h7xx_hal_pwr_ex.o
 .debug_aranges
                0x00001258       0x88 ./Drivers/STM32H7xx_HAL_Driver/Src/stm32h7xx_hal_rcc.o
 .debug_aranges
                0x000012e0       0xf8 ./Drivers/STM32H7xx_HAL_Driver/Src/stm32h7xx_hal_rcc_ex.o
 .debug_aranges
                0x000013d8      0x3e0 ./Drivers/STM32H7xx_HAL_Driver/Src/stm32h7xx_hal_tim.o
 .debug_aranges
                0x000017b8      0x198 ./Drivers/STM32H7xx_HAL_Driver/Src/stm32h7xx_hal_tim_ex.o

.debug_rnglists
                0x00000000     0x137b
 .debug_rnglists
                0x00000000       0x21 ./Core/Src/adc.o
 .debug_rnglists
                0x00000021       0x41 ./Core/Src/audio.o
 .debug_rnglists
                0x00000062       0x3b ./Core/Src/cooling.o
 .debug_rnglists
                0x0000009d       0x13 ./Core/Src/dma.o
 .debug_rnglists
                0x000000b0       0x36 ./Core/Src/fdcan.o
 .debug_rnglists
                0x000000e6       0x14 ./Core/Src/gpio.o
 .debug_rnglists
                0x000000fa       0x20 ./Core/Src/i2s.o
 .debug_rnglists
                0x0000011a       0x5b ./Core/Src/main.o
 .debug_rnglists
                0x00000175       0x48 ./Core/Src/motor_control.o
 .debug_rnglists
                0x000001bd       0x25 ./Core/Src/prchg.o
 .debug_rnglists
                0x000001e2       0x13 ./Core/Src/stm32h7xx_hal_msp.o
 .debug_rnglists
                0x000001f5       0x7f ./Core/Src/stm32h7xx_it.o
 .debug_rnglists
                0x00000274       0x21 ./Core/Src/system_stm32h7xx.o
 .debug_rnglists
                0x00000295       0x30 ./Core/Src/tim.o
 .debug_rnglists
                0x000002c5       0x14 ./Core/Src/vcu_state.o
 .debug_rnglists
                0x000002d9       0x19 ./Core/Startup/startup_stm32h723zgtx.o
 .debug_rnglists
                0x000002f2      0x155 ./Drivers/STM32H7xx_HAL_Driver/Src/stm32h7xx_hal.o
 .debug_rnglists
                0x00000447      0x1db ./Drivers/STM32H7xx_HAL_Driver/Src/stm32h7xx_hal_adc.o
 .debug_rnglists
                0x00000622      0x188 ./Drivers/STM32H7xx_HAL_Driver/Src/stm32h7xx_hal_adc_ex.o
 .debug_rnglists
                0x000007aa       0xe0 ./Drivers/STM32H7xx_HAL_Driver/Src/stm32h7xx_hal_cortex.o
 .debug_rnglists
                0x0000088a       0x82 ./Drivers/STM32H7xx_HAL_Driver/Src/stm32h7xx_hal_dma.o
 .debug_rnglists
                0x0000090c      0x28b ./Drivers/STM32H7xx_HAL_Driver/Src/stm32h7xx_hal_fdcan.o
 .debug_rnglists
                0x00000b97       0x3f ./Drivers/STM32H7xx_HAL_Driver/Src/stm32h7xx_hal_gpio.o
 .debug_rnglists
                0x00000bd6      0x113 ./Drivers/STM32H7xx_HAL_Driver/Src/stm32h7xx_hal_i2s.o
 .debug_rnglists
                0x00000ce9       0xf5 ./Drivers/STM32H7xx_HAL_Driver/Src/stm32h7xx_hal_pwr_ex.o
 .debug_rnglists
                0x00000dde       0x68 ./Drivers/STM32H7xx_HAL_Driver/Src/stm32h7xx_hal_rcc.o
 .debug_rnglists
                0x00000e46       0xc0 ./Drivers/STM32H7xx_HAL_Driver/Src/stm32h7xx_hal_rcc_ex.o
 .debug_rnglists
                0x00000f06      0x328 ./Drivers/STM32H7xx_HAL_Driver/Src/stm32h7xx_hal_tim.o
 .debug_rnglists
                0x0000122e      0x14d ./Drivers/STM32H7xx_HAL_Driver/Src/stm32h7xx_hal_tim_ex.o

.debug_macro    0x00000000    0x3818d
 .debug_macro   0x00000000      0x2e4 ./Core/Src/adc.o
 .debug_macro   0x000002e4      0xaf6 ./Core/Src/adc.o
 .debug_macro   0x00000dda      0x244 ./Core/Src/adc.o
 .debug_macro   0x0000101e       0x2e ./Core/Src/adc.o
 .debug_macro   0x0000104c       0x3b ./Core/Src/adc.o
 .debug_macro   0x00001087       0x22 ./Core/Src/adc.o
 .debug_macro   0x000010a9       0x8e ./Core/Src/adc.o
 .debug_macro   0x00001137       0x51 ./Core/Src/adc.o
 .debug_macro   0x00001188      0x103 ./Core/Src/adc.o
 .debug_macro   0x0000128b       0x6a ./Core/Src/adc.o
 .debug_macro   0x000012f5      0x1df ./Core/Src/adc.o
 .debug_macro   0x000014d4       0x1c ./Core/Src/adc.o
 .debug_macro   0x000014f0       0x22 ./Core/Src/adc.o
 .debug_macro   0x00001512       0xfb ./Core/Src/adc.o
 .debug_macro   0x0000160d     0x1305 ./Core/Src/adc.o
 .debug_macro   0x00002912      0x11f ./Core/Src/adc.o
 .debug_macro   0x00002a31       0x27 ./Core/Src/adc.o
 .debug_macro   0x00002a58    0x216c1 ./Core/Src/adc.o
 .debug_macro   0x00024119       0x6d ./Core/Src/adc.o
 .debug_macro   0x00024186     0x3d64 ./Core/Src/adc.o
 .debug_macro   0x00027eea      0x190 ./Core/Src/adc.o
 .debug_macro   0x0002807a       0x61 ./Core/Src/adc.o
 .debug_macro   0x000280db       0x29 ./Core/Src/adc.o
 .debug_macro   0x00028104       0x43 ./Core/Src/adc.o
 .debug_macro   0x00028147       0x34 ./Core/Src/adc.o
 .debug_macro   0x0002817b      0x370 ./Core/Src/adc.o
 .debug_macro   0x000284eb       0x16 ./Core/Src/adc.o
 .debug_macro   0x00028501       0x4a ./Core/Src/adc.o
 .debug_macro   0x0002854b       0x34 ./Core/Src/adc.o
 .debug_macro   0x0002857f       0x10 ./Core/Src/adc.o
 .debug_macro   0x0002858f       0x58 ./Core/Src/adc.o
 .debug_macro   0x000285e7       0x8e ./Core/Src/adc.o
 .debug_macro   0x00028675       0x1c ./Core/Src/adc.o
 .debug_macro   0x00028691      0x185 ./Core/Src/adc.o
 .debug_macro   0x00028816      0x19b ./Core/Src/adc.o
 .debug_macro   0x000289b1       0x5d ./Core/Src/adc.o
 .debug_macro   0x00028a0e     0x2462 ./Core/Src/adc.o
 .debug_macro   0x0002ae70     0x1079 ./Core/Src/adc.o
 .debug_macro   0x0002bee9      0x154 ./Core/Src/adc.o
 .debug_macro   0x0002c03d      0x114 ./Core/Src/adc.o
 .debug_macro   0x0002c151      0x3fc ./Core/Src/adc.o
 .debug_macro   0x0002c54d       0xac ./Core/Src/adc.o
 .debug_macro   0x0002c5f9      0x788 ./Core/Src/adc.o
 .debug_macro   0x0002cd81      0x228 ./Core/Src/adc.o
 .debug_macro   0x0002cfa9       0x66 ./Core/Src/adc.o
 .debug_macro   0x0002d00f      0x3a6 ./Core/Src/adc.o
 .debug_macro   0x0002d3b5      0x3f9 ./Core/Src/adc.o
 .debug_macro   0x0002d7ae      0x275 ./Core/Src/adc.o
 .debug_macro   0x0002da23     0x1178 ./Core/Src/adc.o
 .debug_macro   0x0002eb9b      0x7c8 ./Core/Src/adc.o
 .debug_macro   0x0002f363      0x3bb ./Core/Src/adc.o
 .debug_macro   0x0002f71e      0xe42 ./Core/Src/adc.o
 .debug_macro   0x00030560      0x3ca ./Core/Src/adc.o
 .debug_macro   0x0003092a      0x45c ./Core/Src/adc.o
 .debug_macro   0x00030d86       0x3c ./Core/Src/adc.o
 .debug_macro   0x00030dc2       0x4a ./Core/Src/adc.o
 .debug_macro   0x00030e0c      0x22c ./Core/Src/adc.o
 .debug_macro   0x00031038       0x67 ./Core/Src/adc.o
 .debug_macro   0x0003109f       0xa5 ./Core/Src/adc.o
 .debug_macro   0x00031144      0x25d ./Core/Src/adc.o
 .debug_macro   0x000313a1      0x1c4 ./Core/Src/adc.o
 .debug_macro   0x00031565      0x22a ./Core/Src/adc.o
 .debug_macro   0x0003178f       0x35 ./Core/Src/adc.o
 .debug_macro   0x000317c4      0xb24 ./Core/Src/adc.o
 .debug_macro   0x000322e8      0x29f ./Core/Src/adc.o
 .debug_macro   0x00032587      0x5f2 ./Core/Src/adc.o
 .debug_macro   0x00032b79       0x5e ./Core/Src/adc.o
 .debug_macro   0x00032bd7      0x369 ./Core/Src/audio.o
 .debug_macro   0x00032f40       0x22 ./Core/Src/audio.o
 .debug_macro   0x00032f62       0x3a ./Core/Src/audio.o
 .debug_macro   0x00032f9c       0x70 ./Core/Src/audio.o
 .debug_macro   0x0003300c       0x58 ./Core/Src/audio.o
 .debug_macro   0x00033064       0x10 ./Core/Src/audio.o
 .debug_macro   0x00033074      0x34c ./Core/Src/cooling.o
 .debug_macro   0x000333c0       0x2e ./Core/Src/cooling.o
 .debug_macro   0x000333ee      0x2e4 ./Core/Src/dma.o
 .debug_macro   0x000336d2      0x358 ./Core/Src/fdcan.o
 .debug_macro   0x00033a2a      0x2e4 ./Core/Src/gpio.o
 .debug_macro   0x00033d0e      0x2e4 ./Core/Src/i2s.o
 .debug_macro   0x00033ff2      0x3c1 ./Core/Src/main.o
 .debug_macro   0x000343b3       0x40 ./Core/Src/main.o
 .debug_macro   0x000343f3       0x1c ./Core/Src/main.o
 .debug_macro   0x0003440f       0x3c ./Core/Src/main.o
 .debug_macro   0x0003444b       0x10 ./Core/Src/main.o
 .debug_macro   0x0003445b       0x1c ./Core/Src/main.o
 .debug_macro   0x00034477       0x16 ./Core/Src/main.o
 .debug_macro   0x0003448d      0x146 ./Core/Src/main.o
 .debug_macro   0x000345d3       0x34 ./Core/Src/main.o
 .debug_macro   0x00034607      0x341 ./Core/Src/motor_control.o
 .debug_macro   0x00034948      0x341 ./Core/Src/prchg.o
 .debug_macro   0x00034c89      0x2da ./Core/Src/stm32h7xx_hal_msp.o
 .debug_macro   0x00034f63      0x2e4 ./Core/Src/stm32h7xx_it.o
 .debug_macro   0x00035247      0x2cb ./Core/Src/system_stm32h7xx.o
 .debug_macro   0x00035512      0x2e4 ./Core/Src/tim.o
 .debug_macro   0x000357f6      0x33d ./Core/Src/vcu_state.o
 .debug_macro   0x00035b33      0x2f5 ./Drivers/STM32H7xx_HAL_Driver/Src/stm32h7xx_hal.o
 .debug_macro   0x00035e28      0x2f6 ./Drivers/STM32H7xx_HAL_Driver/Src/stm32h7xx_hal_adc.o
 .debug_macro   0x0003611e      0x2d7 ./Drivers/STM32H7xx_HAL_Driver/Src/stm32h7xx_hal_adc_ex.o
 .debug_macro   0x000363f5      0x2cb ./Drivers/STM32H7xx_HAL_Driver/Src/stm32h7xx_hal_cortex.o
 .debug_macro   0x000366c0      0x31f ./Drivers/STM32H7xx_HAL_Driver/Src/stm32h7xx_hal_dma.o
 .debug_macro   0x000369df      0x390 ./Drivers/STM32H7xx_HAL_Driver/Src/stm32h7xx_hal_fdcan.o
 .debug_macro   0x00036d6f      0x2d2 ./Drivers/STM32H7xx_HAL_Driver/Src/stm32h7xx_hal_gpio.o
 .debug_macro   0x00037041      0x2d3 ./Drivers/STM32H7xx_HAL_Driver/Src/stm32h7xx_hal_i2s.o
 .debug_macro   0x00037314      0x304 ./Drivers/STM32H7xx_HAL_Driver/Src/stm32h7xx_hal_pwr_ex.o
 .debug_macro   0x00037618      0x2ef ./Drivers/STM32H7xx_HAL_Driver/Src/stm32h7xx_hal_rcc.o
 .debug_macro   0x00037907      0x2e9 ./Drivers/STM32H7xx_HAL_Driver/Src/stm32h7xx_hal_rcc_ex.o
 .debug_macro   0x00037bf0      0x2cc ./Drivers/STM32H7xx_HAL_Driver/Src/stm32h7xx_hal_tim.o
 .debug_macro   0x00037ebc      0x2d1 ./Drivers/STM32H7xx_HAL_Driver/Src/stm32h7xx_hal_tim_ex.o

.debug_line     0x00000000    0x218d6
 .debug_line    0x00000000      0x9dc ./Core/Src/adc.o
 .debug_line    0x000009dc      0xc83 ./Core/Src/audio.o
 .debug_line    0x0000165f      0xabc ./Core/Src/cooling.o
 .debug_line    0x0000211b      0x8b5 ./Core/Src/dma.o
 .debug_line    0x000029d0      0xb1c ./Core/Src/fdcan.o
 .debug_line    0x000034ec      0x8d3 ./Core/Src/gpio.o
 .debug_line    0x00003dbf      0x984 ./Core/Src/i2s.o
 .debug_line    0x00004743      0xd9a ./Core/Src/main.o
 .debug_line    0x000054dd      0xb68 ./Core/Src/motor_control.o
 .debug_line    0x00006045      0x9a9 ./Core/Src/prchg.o
 .debug_line    0x000069ee      0x8b6 ./Core/Src/stm32h7xx_hal_msp.o
 .debug_line    0x000072a4      0xa5c ./Core/Src/stm32h7xx_it.o
 .debug_line    0x00007d00      0xaab ./Core/Src/system_stm32h7xx.o
 .debug_line    0x000087ab      0xa35 ./Core/Src/tim.o
 .debug_line    0x000091e0      0x948 ./Core/Src/vcu_state.o
 .debug_line    0x00009b28       0x7b ./Core/Startup/startup_stm32h723zgtx.o
 .debug_line    0x00009ba3      0xf20 ./Drivers/STM32H7xx_HAL_Driver/Src/stm32h7xx_hal.o
 .debug_line    0x0000aac3     0x27b3 ./Drivers/STM32H7xx_HAL_Driver/Src/stm32h7xx_hal_adc.o
 .debug_line    0x0000d276     0x2242 ./Drivers/STM32H7xx_HAL_Driver/Src/stm32h7xx_hal_adc_ex.o
 .debug_line    0x0000f4b8      0xe79 ./Drivers/STM32H7xx_HAL_Driver/Src/stm32h7xx_hal_cortex.o
 .debug_line    0x00010331     0x2813 ./Drivers/STM32H7xx_HAL_Driver/Src/stm32h7xx_hal_dma.o
 .debug_line    0x00012b44     0x291a ./Drivers/STM32H7xx_HAL_Driver/Src/stm32h7xx_hal_fdcan.o
 .debug_line    0x0001545e      0xd04 ./Drivers/STM32H7xx_HAL_Driver/Src/stm32h7xx_hal_gpio.o
 .debug_line    0x00016162     0x170c ./Drivers/STM32H7xx_HAL_Driver/Src/stm32h7xx_hal_i2s.o
 .debug_line    0x0001786e      0xf5e ./Drivers/STM32H7xx_HAL_Driver/Src/stm32h7xx_hal_pwr_ex.o
 .debug_line    0x000187cc     0x149d ./Drivers/STM32H7xx_HAL_Driver/Src/stm32h7xx_hal_rcc.o
 .debug_line    0x00019c69     0x1d51 ./Drivers/STM32H7xx_HAL_Driver/Src/stm32h7xx_hal_rcc_ex.o
 .debug_line    0x0001b9ba     0x406f ./Drivers/STM32H7xx_HAL_Driver/Src/stm32h7xx_hal_tim.o
 .debug_line    0x0001fa29     0x1ead ./Drivers/STM32H7xx_HAL_Driver/Src/stm32h7xx_hal_tim_ex.o

.debug_str      0x00000000   0x16a133
 .debug_str     0x00000000   0x16a133 ./Core/Src/adc.o
                             0x1611db (size before relaxing)
 .debug_str     0x0016a133   0x160d01 ./Core/Src/audio.o
 .debug_str     0x0016a133   0x1608eb ./Core/Src/cooling.o
 .debug_str     0x0016a133   0x160623 ./Core/Src/dma.o
 .debug_str     0x0016a133   0x16159c ./Core/Src/fdcan.o
 .debug_str     0x0016a133   0x1606b5 ./Core/Src/gpio.o
 .debug_str     0x0016a133   0x1607f6 ./Core/Src/i2s.o
 .debug_str     0x0016a133   0x162b84 ./Core/Src/main.o
 .debug_str     0x0016a133   0x1608ac ./Core/Src/motor_control.o
 .debug_str     0x0016a133   0x160d3d ./Core/Src/prchg.o
 .debug_str     0x0016a133   0x15fe16 ./Core/Src/stm32h7xx_hal_msp.o
 .debug_str     0x0016a133   0x160be8 ./Core/Src/stm32h7xx_it.o
 .debug_str     0x0016a133   0x15ff4f ./Core/Src/system_stm32h7xx.o
 .debug_str     0x0016a133   0x160e29 ./Core/Src/tim.o
 .debug_str     0x0016a133   0x1617e8 ./Core/Src/vcu_state.o
 .debug_str     0x0016a133       0x85 ./Core/Startup/startup_stm32h723zgtx.o
 .debug_str     0x0016a133   0x160f9a ./Drivers/STM32H7xx_HAL_Driver/Src/stm32h7xx_hal.o
 .debug_str     0x0016a133   0x160fbf ./Drivers/STM32H7xx_HAL_Driver/Src/stm32h7xx_hal_adc.o
 .debug_str     0x0016a133   0x160edf ./Drivers/STM32H7xx_HAL_Driver/Src/stm32h7xx_hal_adc_ex.o
 .debug_str     0x0016a133   0x1608b4 ./Drivers/STM32H7xx_HAL_Driver/Src/stm32h7xx_hal_cortex.o
 .debug_str     0x0016a133   0x1606c5 ./Drivers/STM32H7xx_HAL_Driver/Src/stm32h7xx_hal_dma.o
 .debug_str     0x0016a133   0x161c90 ./Drivers/STM32H7xx_HAL_Driver/Src/stm32h7xx_hal_fdcan.o
 .debug_str     0x0016a133   0x15ff5b ./Drivers/STM32H7xx_HAL_Driver/Src/stm32h7xx_hal_gpio.o
 .debug_str     0x0016a133   0x160455 ./Drivers/STM32H7xx_HAL_Driver/Src/stm32h7xx_hal_i2s.o
 .debug_str     0x0016a133   0x160363 ./Drivers/STM32H7xx_HAL_Driver/Src/stm32h7xx_hal_pwr_ex.o
 .debug_str     0x0016a133   0x1602de ./Drivers/STM32H7xx_HAL_Driver/Src/stm32h7xx_hal_rcc.o
 .debug_str     0x0016a133   0x1607f6 ./Drivers/STM32H7xx_HAL_Driver/Src/stm32h7xx_hal_rcc_ex.o
 .debug_str     0x0016a133   0x1610dc ./Drivers/STM32H7xx_HAL_Driver/Src/stm32h7xx_hal_tim.o
 .debug_str     0x0016a133   0x160a89 ./Drivers/STM32H7xx_HAL_Driver/Src/stm32h7xx_hal_tim_ex.o

.comment        0x00000000       0x43
 .comment       0x00000000       0x43 ./Core/Src/adc.o
                                 0x44 (size before relaxing)
 .comment       0x00000043       0x44 ./Core/Src/audio.o
 .comment       0x00000043       0x44 ./Core/Src/cooling.o
 .comment       0x00000043       0x44 ./Core/Src/dma.o
 .comment       0x00000043       0x44 ./Core/Src/fdcan.o
 .comment       0x00000043       0x44 ./Core/Src/gpio.o
 .comment       0x00000043       0x44 ./Core/Src/i2s.o