../Core/Src/main.c:83:6:HAL_ADC_ConvCpltCallback	16	static
../Core/Src/main.c:105:6:HAL_GPIO_EXTI_Callback	16	static
../Core/Src/main.c:154:6:HAL_TIM_PeriodElapsedCallback	24	static
../Core/Src/main.c:202:6:HAL_FDCAN_RxFifo0Callback	16	static
../Core/Src/main.c:220:6:HAL_FDCAN_RxFifo1Callback	16	static
../Core/Src/main.c:243:5:main	72	static
../Core/Src/main.c:356:6:SystemClock_Config	120	static
../Core/Src/main.c:417:6:MPU_Config	24	static
../Core/Src/main.c:448:6:Error_Handler	8	static,ignoring_inline_asm
