../Core/Src/main.c:80:6:HAL_ADC_ConvCpltCallback	16	static
../Core/Src/main.c:101:6:HAL_GPIO_EXTI_Callback	16	static
../Core/Src/main.c:167:6:HAL_TIM_PeriodElapsedCallback	16	static
../Core/Src/main.c:210:6:HAL_FDCAN_RxFifo0Callback	16	static
../Core/Src/main.c:228:6:HAL_FDCAN_RxFifo1Callback	16	static
../Core/Src/main.c:251:5:main	72	static
../Core/Src/main.c:363:6:SystemClock_Config	120	static
../Core/Src/main.c:424:6:MPU_Config	24	static
../Core/Src/main.c:455:6:Error_Handler	8	static,ignoring_inline_asm
